 native

 Timestamp is 5a8bece5 (Tue Feb 20 10:39:49 2018)

 Preferred load address is 0000000180000000

 Start         Length     Name                   Class
 0001:00000000 0000c690H .text$mn                CODE
 0001:0000c690 00000020H .text$mn$00             CODE
 0001:0000c6b0 00000260H .text$x                 CODE
 0002:00000000 00000240H .idata$5                DATA
 0002:00000240 00000010H .00cfg                  DATA
 0002:00000250 00000008H .CRT$XCA                DATA
 0002:00000258 00000008H .CRT$XCU                DATA
 0002:00000260 00000008H .CRT$XCZ                DATA
 0002:00000268 00000008H .CRT$XIA                DATA
 0002:00000270 00000018H .CRT$XIC                DATA
 0002:00000288 00000008H .CRT$XIZ                DATA
 0002:00000290 00000008H .CRT$XPA                DATA
 0002:00000298 00000010H .CRT$XPX                DATA
 0002:000002a8 00000008H .CRT$XPXA               DATA
 0002:000002b0 00000008H .CRT$XPZ                DATA
 0002:000002b8 00000008H .CRT$XTA                DATA
 0002:000002c0 00000010H .CRT$XTZ                DATA
 0002:000002d0 00009b78H .rdata                  DATA
 0002:00009e48 00000000H .rdata$r                DATA
 0002:00009e48 000003a0H .rdata$zzzdbg           DATA
 0002:0000a1e8 00000008H .rtc$IAA                DATA
 0002:0000a1f0 00000008H .rtc$IZZ                DATA
 0002:0000a1f8 00000008H .rtc$TAA                DATA
 0002:0000a200 00000008H .rtc$TZZ                DATA
 0002:0000a208 00000b58H .xdata                  DATA
 0002:0000ad60 00000020H .didat$2                DATA
 0002:0000ad80 00000020H .didat$3                DATA
 0002:0000ada0 00000080H .didat$4                DATA
 0002:0000ae20 000003b0H .didat$6                DATA
 0002:0000b1d0 00000080H .didat$7                DATA
 0002:0000b250 00000050H .edata                  DATA
 0002:0000b2a0 00000014H .idata$2                DATA
 0002:0000b2b4 00000014H .idata$3                DATA
 0002:0000b2c8 00000240H .idata$4                DATA
 0002:0000b508 0000053aH .idata$6                DATA
 0003:00000000 00000920H .data                   DATA
 0003:00000920 00000000H .data$r                 DATA
 0003:00000920 00000080H .didat$5                DATA
 0003:000009a0 000011e8H .bss                    DATA
 0004:00000000 00000db0H .pdata                  DATA
 0005:00000000 00000080H .gfids$x                DATA
 0005:00000080 00000014H .gfids$y                DATA
 0006:00000000 00000060H .rsrc$01                DATA
 0006:00000060 00000180H .rsrc$02                DATA

  Address         Publics by Value              Rva+Base               Lib:Object

 0000:00000000       __guard_iat_count          0000000000000000     <absolute>
 0000:00000000       __dynamic_value_reloc_table 0000000000000000     <absolute>
 0000:00000000       __guard_iat_table          0000000000000000     <absolute>
 0000:00000000       __guard_longjmp_table      0000000000000000     <absolute>
 0000:00000000       __guard_longjmp_count      0000000000000000     <absolute>
 0000:00000000       __guard_fids_count         0000000000000000     <absolute>
 0000:00000000       ___safe_se_handler_table   0000000000000000     <absolute>
 0000:00000000       ___safe_se_handler_count   0000000000000000     <absolute>
 0000:00000000       __guard_fids_table         0000000000000000     <absolute>
 0000:00000100       __guard_flags              0000000000000100     <absolute>
 0000:00000000       __ImageBase                0000000180000000     <linker-defined>
 0001:00000000       ?NODE_SET_METHOD@node@@YAXV?$Local@VObject@v8@@@v8@@PEBDP6AXAEBV?$FunctionCallbackInfo@VValue@v8@@@3@@Z@Z 0000000180001000 f i gredient_descent.obj
 0001:000000d0       ?activate@demo@@YANV?$Local@VArray@v8@@@v8@@N@Z 00000001800010d0 f   gredient_descent.obj
 0001:00000190       ?backpropagate@demo@@YANNV?$Local@VArray@v8@@@v8@@NNN@Z 0000000180001190 f   gredient_descent.obj
 0001:000002d0       ?iterate@demo@@YAXAEBV?$FunctionCallbackInfo@VValue@v8@@@v8@@@Z 00000001800012d0 f   gredient_descent.obj
 0001:00000430       ?Init@demo@@YAXV?$Local@VObject@v8@@@v8@@@Z 0000000180001430 f   gredient_descent.obj
 0001:0000049c       __imp_load_?ThrowException@Isolate@v8@@QEAA?AV?$Local@VValue@v8@@@2@V32@@Z 000000018000149c f   node:node.exe
 0001:000004a8       __tailMerge_node_exe       00000001800014a8 f i node:node.exe
 0001:00000521       __imp_load_?GetCurrent@Isolate@v8@@SAPEAV12@XZ 0000000180001521 f   node:node.exe
 0001:0000052d       __imp_load_??1HandleScope@v8@@QEAA@XZ 000000018000152d f   node:node.exe
 0001:00000539       __imp_load_??0HandleScope@v8@@QEAA@PEAVIsolate@1@@Z 0000000180001539 f   node:node.exe
 0001:00000545       __imp_load_?TypeError@Exception@v8@@SA?AV?$Local@VValue@v8@@@2@V?$Local@VString@v8@@@2@@Z 0000000180001545 f   node:node.exe
 0001:00000551       __imp_load_?Length@Array@v8@@QEBAIXZ 0000000180001551 f   node:node.exe
 0001:0000055d       __imp_load_?GetFunction@FunctionTemplate@v8@@QEAA?AV?$Local@VFunction@v8@@@2@XZ 000000018000155d f   node:node.exe
 0001:00000569       __imp_load_?New@FunctionTemplate@v8@@SA?AV?$Local@VFunctionTemplate@v8@@@2@PEAVIsolate@2@P6AXAEBV?$FunctionCallbackInfo@VValue@v8@@@2@@ZV?$Local@VValue@v8@@@2@V?$Local@VSignature@v8@@@2@HW4ConstructorBehavior@2@@Z 0000000180001569 f   node:node.exe
 0001:00000575       __imp_load_?NumberValue@Value@v8@@QEBANXZ 0000000180001575 f   node:node.exe
 0001:00000581       __imp_load_?NewFromUtf8@String@v8@@SA?AV?$Local@VString@v8@@@2@PEAVIsolate@2@PEBDW4NewStringType@12@H@Z 0000000180001581 f   node:node.exe
 0001:0000058d       __imp_load_?New@Number@v8@@SA?AV?$Local@VNumber@v8@@@2@PEAVIsolate@2@N@Z 000000018000158d f   node:node.exe
 0001:00000599       __imp_load_?Get@Object@v8@@QEAA?AV?$Local@VValue@v8@@@2@I@Z 0000000180001599 f   node:node.exe
 0001:000005a5       __imp_load_?Set@Object@v8@@QEAA_NV?$Local@VValue@v8@@@2@0@Z 00000001800015a5 f   node:node.exe
 0001:000005b1       __imp_load_?SetName@Function@v8@@QEAAXV?$Local@VString@v8@@@2@@Z 00000001800015b1 f   node:node.exe
 0001:000005bd       __imp_load_node_module_register 00000001800015bd f   node:node.exe
 0001:000005e0       __security_check_cookie    00000001800015e0 f   LIBCMT:_amdsecgs_.obj
 0001:00000950       _DllMainCRTStartup         0000000180001950 f   LIBCMT:dll_dllmain.obj
 0001:00000990       __raise_securityfailure    0000000180001990 f   LIBCMT:gs_report.obj
 0001:000009c4       __report_gsfailure         00000001800019c4 f   LIBCMT:gs_report.obj
 0001:00000a98       __report_rangecheckfailure 0000000180001a98 f   LIBCMT:gs_report.obj
 0001:00000aac       __report_securityfailure   0000000180001aac f   LIBCMT:gs_report.obj
 0001:00000c2c       __scrt_acquire_startup_lock 0000000180001c2c f   LIBCMT:utility.obj
 0001:00000c68       __scrt_dllmain_after_initialize_c 0000000180001c68 f   LIBCMT:utility.obj
 0001:00000c9c       __scrt_dllmain_before_initialize_c 0000000180001c9c f   LIBCMT:utility.obj
 0001:00000cb4       __scrt_dllmain_crt_thread_attach 0000000180001cb4 f   LIBCMT:utility.obj
 0001:00000cdc       __scrt_dllmain_crt_thread_detach 0000000180001cdc f   LIBCMT:utility.obj
 0001:00000cf4       __scrt_dllmain_exception_filter 0000000180001cf4 f   LIBCMT:utility.obj
 0001:00000d58       __scrt_dllmain_uninitialize_c 0000000180001d58 f   LIBCMT:utility.obj
 0001:00000d88       __scrt_dllmain_uninitialize_critical 0000000180001d88 f   LIBCMT:utility.obj
 0001:00000d9c       __scrt_initialize_crt      0000000180001d9c f   LIBCMT:utility.obj
 0001:00000de8       __scrt_initialize_onexit_tables 0000000180001de8 f   LIBCMT:utility.obj
 0001:00000eb4       __scrt_is_nonwritable_in_current_image 0000000180001eb4 f   LIBCMT:utility.obj
 0001:00000f50       __scrt_release_startup_lock 0000000180001f50 f   LIBCMT:utility.obj
 0001:00000f74       __scrt_uninitialize_crt    0000000180001f74 f   LIBCMT:utility.obj
 0001:00000fa0       _onexit                    0000000180001fa0 f   LIBCMT:utility.obj
 0001:00000ff0       atexit                     0000000180001ff0 f   LIBCMT:utility.obj
 0001:00001008       __security_init_cookie     0000000180002008 f   LIBCMT:gs_support.obj
 0001:000010b4       DllMain                    00000001800020b4 f   LIBCMT:dll_dllmain_stub.obj
 0001:000010b4       _get_startup_argv_mode     00000001800020b4 f   LIBCMT:argv_mode.obj
 0001:000010bc       ?__scrt_initialize_type_info@@YAXXZ 00000001800020bc f   LIBCMT:tncleanup.obj
 0001:000010cc       ?__scrt_uninitialize_type_info@@YAXXZ 00000001800020cc f   LIBCMT:tncleanup.obj
 0001:000010d8       __local_stdio_printf_options 00000001800020d8 f i LIBCMT:default_local_stdio_options.obj
 0001:000010e0       __local_stdio_scanf_options 00000001800020e0 f i LIBCMT:default_local_stdio_options.obj
 0001:000010e8       __scrt_initialize_default_local_stdio_options 00000001800020e8 f   LIBCMT:default_local_stdio_options.obj
 0001:00001104       __scrt_get_dyn_tls_init_callback 0000000180002104 f   LIBCMT:dyn_tls_init.obj
 0001:0000110c       __crt_debugger_hook        000000018000210c f   LIBCMT:utility_desktop.obj
 0001:00001114       __scrt_fastfail            0000000180002114 f   LIBCMT:utility_desktop.obj
 0001:0000125c       _RTC_Initialize            000000018000225c f   LIBCMT:_initsect_.obj
 0001:000012a8       _RTC_Terminate             00000001800022a8 f   LIBCMT:_initsect_.obj
 0001:000012f4       _guard_check_icall         00000001800022f4 f i LIBCMT:checkcfg.obj
 0001:000012fc       __isa_available_init       00000001800022fc f   LIBCMT:_cpu_disp_.obj
 0001:000014c4       __scrt_is_ucrt_dll_in_use  00000001800024c4 f   LIBCMT:ucrt_detection.obj
 0001:000014d0       _guard_check_icall_nop     00000001800024d0 f i LIBCMT:guard_support.obj
 0001:000014d0       __except_validate_context_record 00000001800024d0 f i libvcruntime:jbcxrval.obj
 0001:000014e0       __C_specific_handler       00000001800024e0 f   libvcruntime:_chandler_.obj
 0001:000016dc       __vcrt_initialize          00000001800026dc f   libvcruntime:initialization.obj
 0001:00001710       __vcrt_thread_attach       0000000180002710 f   libvcruntime:initialization.obj
 0001:00001724       __vcrt_thread_detach       0000000180002724 f   libvcruntime:initialization.obj
 0001:00001738       __vcrt_uninitialize        0000000180002738 f   libvcruntime:initialization.obj
 0001:00001758       __vcrt_uninitialize_critical 0000000180002758 f   libvcruntime:initialization.obj
 0001:00001768       __std_type_info_destroy_list 0000000180002768 f   libvcruntime:std_type_info.obj
 0001:000017b0       memset                     00000001800027b0 f   libvcruntime:memset.obj
 0001:00001960       _local_unwind              0000000180002960 f   libvcruntime:_jmpuwind_.obj
 0001:00001990       _NLG_Notify                0000000180002990 f   libvcruntime:_jmpuwind_.obj
 0001:000019b0       __NLG_Dispatch2            00000001800029b0 f   libvcruntime:_jmpuwind_.obj
 0001:000019c0       __NLG_Return2              00000001800029c0 f   libvcruntime:_jmpuwind_.obj
 0001:000019c4       __vcrt_freefls             00000001800029c4 f   libvcruntime:per_thread_data.obj
 0001:000019e4       __vcrt_freeptd             00000001800029e4 f   libvcruntime:per_thread_data.obj
 0001:00001a34       __vcrt_getptd_noexit       0000000180002a34 f   libvcruntime:per_thread_data.obj
 0001:00001aec       __vcrt_initialize_ptd      0000000180002aec f   libvcruntime:per_thread_data.obj
 0001:00001b2c       __vcrt_uninitialize_ptd    0000000180002b2c f   libvcruntime:per_thread_data.obj
 0001:00001b50       __vcrt_initialize_locks    0000000180002b50 f   libvcruntime:locks.obj
 0001:00001b98       __vcrt_uninitialize_locks  0000000180002b98 f   libvcruntime:locks.obj
 0001:00001d98       __vcrt_FlsAlloc            0000000180002d98 f   libvcruntime:winapi_downlevel.obj
 0001:00001dec       __vcrt_FlsFree             0000000180002dec f   libvcruntime:winapi_downlevel.obj
 0001:00001e40       __vcrt_FlsGetValue         0000000180002e40 f   libvcruntime:winapi_downlevel.obj
 0001:00001e94       __vcrt_FlsSetValue         0000000180002e94 f   libvcruntime:winapi_downlevel.obj
 0001:00001efc       __vcrt_InitializeCriticalSectionEx 0000000180002efc f   libvcruntime:winapi_downlevel.obj
 0001:00001f74       __vcrt_initialize_winapi_thunks 0000000180002f74 f   libvcruntime:winapi_downlevel.obj
 0001:00001fc0       __vcrt_uninitialize_winapi_thunks 0000000180002fc0 f   libvcruntime:winapi_downlevel.obj
 0001:00002000       __vcrt_initialize_pure_virtual_call_handler 0000000180003000 f   libvcruntime:purevirt_data.obj
 0001:00002024       ??0_LocaleUpdate@@QEAA@QEAU__crt_locale_pointers@@@Z 0000000180003024 f i libucrt:stricmp.obj
 0001:000020b4       __ascii_stricmp            00000001800030b4 f   libucrt:stricmp.obj
 0001:000020f0       _stricmp                   00000001800030f0 f   libucrt:stricmp.obj
 0001:00002138       _stricmp_l                 0000000180003138 f   libucrt:stricmp.obj
 0001:000021ec       _initterm                  00000001800031ec f   libucrt:initterm.obj
 0001:00002264       _initterm_e                0000000180003264 f   libucrt:initterm.obj
 0001:000022b0       _seh_filter_dll            00000001800032b0 f   libucrt:exception_filter.obj
 0001:000022c4       _seh_filter_exe            00000001800032c4 f   libucrt:exception_filter.obj
 0001:00002684       __acrt_initialize_thread_local_exit_callback 0000000180003684 f   libucrt:exit.obj
 0001:0000268c       _cexit                     000000018000368c f   libucrt:exit.obj
 0001:0000269c       _exit                      000000018000369c f   libucrt:exit.obj
 0001:000026a8       _is_c_termination_complete 00000001800036a8 f   libucrt:exit.obj
 0001:0000286c       __acrt_allocate_buffer_for_argv 000000018000386c f   libucrt:argv_parsing.obj
 0001:000028d0       _configure_narrow_argv     00000001800038d0 f   libucrt:argv_parsing.obj
 0001:00002c2c       __dcrt_uninitialize_environments_nolock 0000000180003c2c f   libucrt:environment_initialization.obj
 0001:00002c64       _initialize_narrow_environment 0000000180003c64 f   libucrt:environment_initialization.obj
 0001:00002c6c       ??$?RV<lambda_b8c45f8f788dd370798f47cfe8ac3a86>@@AEAV<lambda_4e60a939b0d047cfe11ddc22648dfba9>@@V<lambda_332c3edc96d0294ec56c57d38c1cdfd5>@@@?$__crt_seh_guarded_call@H@@QEAAH$$QEAV<lambda_b8c45f8f788dd370798f47cfe8ac3a86>@@AEAV<lambda_4e60a939b0d047cfe11ddc22648dfba9>@@$$QEAV<lambda_332c3edc96d0294ec56c57d38c1cdfd5>@@@Z 0000000180003c6c f i libucrt:onexit.obj
 0001:00002ca8       ??$?RV<lambda_e24bbb7b643b32fcea6fa61b31d4c984>@@AEAV<lambda_275893d493268fdec8709772e3fcec0e>@@V<lambda_9d71df4d7cf3f480f8d633942495c3b0>@@@?$__crt_seh_guarded_call@H@@QEAAH$$QEAV<lambda_e24bbb7b643b32fcea6fa61b31d4c984>@@AEAV<lambda_275893d493268fdec8709772e3fcec0e>@@$$QEAV<lambda_9d71df4d7cf3f480f8d633942495c3b0>@@@Z 0000000180003ca8 f i libucrt:onexit.obj
 0001:00003024       _crt_atexit                0000000180004024 f   libucrt:onexit.obj
 0001:00003034       _execute_onexit_table      0000000180004034 f   libucrt:onexit.obj
 0001:00003070       _initialize_onexit_table   0000000180004070 f   libucrt:onexit.obj
 0001:000030b0       _register_onexit_function  00000001800040b0 f   libucrt:onexit.obj
 0001:00003130       __acrt_uninitialize_command_line 0000000180004130 f   libucrt:argv_data.obj
 0001:00003230       __acrt_initialize          0000000180004230 f   libucrt:initialization.obj
 0001:00003244       __acrt_thread_attach       0000000180004244 f   libucrt:initialization.obj
 0001:00003258       __acrt_thread_detach       0000000180004258 f   libucrt:initialization.obj
 0001:00003268       __acrt_uninitialize        0000000180004268 f   libucrt:initialization.obj
 0001:0000327c       __acrt_uninitialize_critical 000000018000427c f   libucrt:initialization.obj
 0001:0000328c       terminate                  000000018000428c f   libucrt:terminate.obj
 0001:000032b4       _free_base                 00000001800042b4 f   libucrt:free_base.obj
 0001:000032f4       _malloc_base               00000001800042f4 f   libucrt:malloc_base.obj
 0001:00003354       strcpy_s                   0000000180004354 f   libucrt:strcpy_s.obj
 0001:000033b4       abort                      00000001800043b4 f   libucrt:abort.obj
 0001:0000340c       _calloc_base               000000018000440c f   libucrt:calloc_base.obj
 0001:00003484       __acrt_call_reportfault    0000000180004484 f   libucrt:invalid_parameter.obj
 0001:000035e0       __acrt_initialize_invalid_parameter_handler 00000001800045e0 f   libucrt:invalid_parameter.obj
 0001:000035e8       _invalid_parameter         00000001800045e8 f   libucrt:invalid_parameter.obj
 0001:00003690       _invalid_parameter_noinfo  0000000180004690 f   libucrt:invalid_parameter.obj
 0001:000036b0       _invoke_watson             00000001800046b0 f   libucrt:invalid_parameter.obj
 0001:000036f8       __acrt_errno_from_os_error 00000001800046f8 f   libucrt:errno.obj
 0001:00003740       __acrt_errno_map_os_error  0000000180004740 f   libucrt:errno.obj
 0001:00003790       __doserrno                 0000000180004790 f   libucrt:errno.obj
 0001:000037b0       _errno                     00000001800047b0 f   libucrt:errno.obj
 0001:00003820       _tolower_l                 0000000180004820 f   libucrt:tolower_toupper.obj
 0001:00003960       ??$?RV<lambda_46352004c1216016012b18bd6f87e700>@@AEAV<lambda_3bd07e1a1191394380780325891bf33f>@@V<lambda_334532d3f185bcaa59b5be82d7d22bff>@@@?$__crt_seh_guarded_call@X@@QEAAX$$QEAV<lambda_46352004c1216016012b18bd6f87e700>@@AEAV<lambda_3bd07e1a1191394380780325891bf33f>@@$$QEAV<lambda_334532d3f185bcaa59b5be82d7d22bff>@@@Z 0000000180004960 f i libucrt:per_thread_data.obj
 0001:000039c0       ??$?RV<lambda_5e887d1dcbef67a5eb4283622ba103bf>@@AEAV<lambda_4466841279450cc726390878d4a41900>@@V<lambda_341c25c0346d94847f1f3c463c57e077>@@@?$__crt_seh_guarded_call@X@@QEAAX$$QEAV<lambda_5e887d1dcbef67a5eb4283622ba103bf>@@AEAV<lambda_4466841279450cc726390878d4a41900>@@$$QEAV<lambda_341c25c0346d94847f1f3c463c57e077>@@@Z 00000001800049c0 f i libucrt:per_thread_data.obj
 0001:00003a08       ??$?RV<lambda_72d1df2b273a38828b1ce30cbf4cdab5>@@AEAV<lambda_876a65b173b8412d3a47c70a915b0cf4>@@V<lambda_41932305e351933ebe8f8be3ed8bb5dc>@@@?$__crt_seh_guarded_call@X@@QEAAX$$QEAV<lambda_72d1df2b273a38828b1ce30cbf4cdab5>@@AEAV<lambda_876a65b173b8412d3a47c70a915b0cf4>@@$$QEAV<lambda_41932305e351933ebe8f8be3ed8bb5dc>@@@Z 0000000180004a08 f i libucrt:per_thread_data.obj
 0001:00003a48       ??$?RV<lambda_fb3a7dec4e47f37f22dae91bb15c9095>@@AEAV<lambda_698284760c8add0bfb0756c19673e34b>@@V<lambda_dfb8eca1e75fef3034a8fb18dd509707>@@@?$__crt_seh_guarded_call@X@@QEAAX$$QEAV<lambda_fb3a7dec4e47f37f22dae91bb15c9095>@@AEAV<lambda_698284760c8add0bfb0756c19673e34b>@@$$QEAV<lambda_dfb8eca1e75fef3034a8fb18dd509707>@@@Z 0000000180004a48 f i libucrt:per_thread_data.obj
 0001:00003cd8       __acrt_freeptd             0000000180004cd8 f   libucrt:per_thread_data.obj
 0001:00003d1c       __acrt_getptd              0000000180004d1c f   libucrt:per_thread_data.obj
 0001:00003db0       __acrt_getptd_noexit       0000000180004db0 f   libucrt:per_thread_data.obj
 0001:00003e50       __acrt_initialize_ptd      0000000180004e50 f   libucrt:per_thread_data.obj
 0001:00003e8c       __acrt_uninitialize_ptd    0000000180004e8c f   libucrt:per_thread_data.obj
 0001:00003eb0       __acrt_update_locale_info  0000000180004eb0 f   libucrt:locale_update.obj
 0001:00003ee4       __acrt_update_multibyte_info 0000000180004ee4 f   libucrt:locale_update.obj
 0001:00003f18       __acrt_set_locale_changed  0000000180004f18 f   libucrt:wsetlocale.obj
 0001:00003f24       __acrt_uninitialize_locale 0000000180004f24 f   libucrt:wsetlocale.obj
 0001:00003f6c       __acrt_initialize_locks    0000000180004f6c f   libucrt:locks.obj
 0001:00003fb4       __acrt_lock                0000000180004fb4 f   libucrt:locks.obj
 0001:00003fd0       __acrt_uninitialize_locks  0000000180004fd0 f   libucrt:locks.obj
 0001:00004008       __acrt_unlock              0000000180005008 f   libucrt:locks.obj
 0001:000041c4       __acrt_FlsAlloc            00000001800051c4 f   libucrt:winapi_thunks.obj
 0001:0000421c       __acrt_FlsFree             000000018000521c f   libucrt:winapi_thunks.obj
 0001:00004274       __acrt_FlsGetValue         0000000180005274 f   libucrt:winapi_thunks.obj
 0001:000042cc       __acrt_FlsSetValue         00000001800052cc f   libucrt:winapi_thunks.obj
 0001:00004334       __acrt_InitializeCriticalSectionEx 0000000180005334 f   libucrt:winapi_thunks.obj
 0001:000043ac       __acrt_LCMapStringEx       00000001800053ac f   libucrt:winapi_thunks.obj
 0001:0000449c       __acrt_LocaleNameToLCID    000000018000549c f   libucrt:winapi_thunks.obj
 0001:00004504       __acrt_initialize_winapi_thunks 0000000180005504 f   libucrt:winapi_thunks.obj
 0001:0000453c       __acrt_is_packaged_app     000000018000553c f   libucrt:winapi_thunks.obj
 0001:000045c4       __acrt_uninitialize_winapi_thunks 00000001800055c4 f   libucrt:winapi_thunks.obj
 0001:00004ae4       ?expand_if_necessary@?$argument_list@D@?A0xca0879c4@@AEAAHXZ 0000000180005ae4 f i libucrt:argv_wildcards.obj
 0001:00004bac       __acrt_expand_narrow_argv_wildcards 0000000180005bac f   libucrt:argv_wildcards.obj
 0001:00004bb4       ??$?RV<lambda_99476a1ad63dd22509b5d3e65b0ffc95>@@AEAV<lambda_ad1ced32f4ac17aa236e5ef05d6b3b7c>@@V<lambda_f7424dd8d45958661754dc4f2697e9c3>@@@?$__crt_seh_guarded_call@X@@QEAAX$$QEAV<lambda_99476a1ad63dd22509b5d3e65b0ffc95>@@AEAV<lambda_ad1ced32f4ac17aa236e5ef05d6b3b7c>@@$$QEAV<lambda_f7424dd8d45958661754dc4f2697e9c3>@@@Z 0000000180005bb4 f i libucrt:mbctype.obj
 0001:000052b0       __acrt_initialize_multibyte 00000001800062b0 f   libucrt:mbctype.obj
 0001:000052d8       __acrt_update_thread_multibyte_data 00000001800062d8 f   libucrt:mbctype.obj
 0001:00005398       _setmbcp_nolock            0000000180006398 f   libucrt:mbctype.obj
 0001:000056b8       _ismbblead                 00000001800066b8 f   libucrt:ismbbyte.obj
 0001:000056cc       __acrt_initialize_command_line 00000001800066cc f   libucrt:argv_data.obj
 0001:000056f4       __dcrt_get_narrow_environment_from_os 00000001800066f4 f   libucrt:get_environment_from_os.obj
 0001:000057f8       _recalloc                  00000001800067f8 f   libucrt:recalloc.obj
 0001:00005800       _recalloc_base             0000000180006800 f   libucrt:recalloc.obj
 0001:00005898       __acrt_initialize_heap     0000000180006898 f   libucrt:heap_handle.obj
 0001:000058b4       __acrt_uninitialize_heap   00000001800068b4 f   libucrt:heap_handle.obj
 0001:00005aa8       __acrt_initialize_lowio    0000000180006aa8 f   libucrt:ioinit.obj
 0001:00005ae4       __acrt_uninitialize_lowio  0000000180006ae4 f   libucrt:ioinit.obj
 0001:00005b24       __acrt_execute_initializers 0000000180006b24 f   libucrt:shared_initialization.obj
 0001:00005bb8       __acrt_execute_uninitializers 0000000180006bb8 f   libucrt:shared_initialization.obj
 0001:00005c08       __acrt_initialize_new_handler 0000000180006c08 f   libucrt:new_handler.obj
 0001:00005c10       _callnewh                  0000000180006c10 f   libucrt:new_handler.obj
 0001:00005c50       _query_new_handler         0000000180006c50 f   libucrt:new_handler.obj
 0001:00005c84       ??$?RV<lambda_c36588078e9f5dfd39652860aa6b3aaf>@@AEAV<lambda_ec61778202f4f5fc7e7711acc23c3bca>@@V<lambda_dc9d2797ccde5d239b4a0efae8ebd7db>@@@?$__crt_seh_guarded_call@P6AXH@Z@@QEAAP6AXH@Z$$QEAV<lambda_c36588078e9f5dfd39652860aa6b3aaf>@@AEAV<lambda_ec61778202f4f5fc7e7711acc23c3bca>@@$$QEAV<lambda_dc9d2797ccde5d239b4a0efae8ebd7db>@@@Z 0000000180006c84 f i libucrt:signal.obj
 0001:00005ccc       __acrt_get_sigabrt_handler 0000000180006ccc f   libucrt:signal.obj
 0001:00005cfc       __acrt_initialize_signal_handlers 0000000180006cfc f   libucrt:signal.obj
 0001:00005d1c       raise                      0000000180006d1c f   libucrt:signal.obj
 0001:00005fb8       __acrt_has_user_matherr    0000000180006fb8 f   libucrt:matherr.obj
 0001:00005fd8       __acrt_initialize_user_matherr 0000000180006fd8 f   libucrt:matherr.obj
 0001:00005fe0       __acrt_invoke_user_matherr 0000000180006fe0 f   libucrt:matherr.obj
 0001:00006028       _query_new_mode            0000000180007028 f   libucrt:new_mode.obj
 0001:00006030       _mbtowc_l                  0000000180007030 f   libucrt:mbtowc.obj
 0001:00006178       mbtowc                     0000000180007178 f   libucrt:mbtowc.obj
 0001:00006180       _fileno                    0000000180007180 f   libucrt:fileno.obj
 0001:000061a8       __acrt_initialize_stdio    00000001800071a8 f   libucrt:_file.obj
 0001:000062c8       __acrt_uninitialize_stdio  00000001800072c8 f   libucrt:_file.obj
 0001:00006324       _lock_file                 0000000180007324 f   libucrt:_file.obj
 0001:00006330       _unlock_file               0000000180007330 f   libucrt:_file.obj
 0001:0000633c       __pctype_func              000000018000733c f   libucrt:ctype.obj
 0001:0000636c       _isctype_l                 000000018000736c f   libucrt:isctype.obj
 0001:0000647c       _isleadbyte_l              000000018000747c f i libucrt:_wctype.obj
 0001:00006818       __acrt_LCMapStringA        0000000180007818 f   libucrt:lcmapstringa.obj
 0001:000068b0       __acrt_add_locale_ref      00000001800078b0 f   libucrt:locale_refcounting.obj
 0001:0000693c       __acrt_free_locale         000000018000793c f   libucrt:locale_refcounting.obj
 0001:00006ab4       __acrt_locale_add_lc_time_reference 0000000180007ab4 f   libucrt:locale_refcounting.obj
 0001:00006adc       __acrt_locale_free_lc_time_if_unreferenced 0000000180007adc f   libucrt:locale_refcounting.obj
 0001:00006b14       __acrt_locale_release_lc_time_reference 0000000180007b14 f   libucrt:locale_refcounting.obj
 0001:00006b3c       __acrt_release_locale_ref  0000000180007b3c f   libucrt:locale_refcounting.obj
 0001:00006be4       __acrt_update_thread_locale_data 0000000180007be4 f   libucrt:locale_refcounting.obj
 0001:00006c54       _updatetlocinfoEx_nolock   0000000180007c54 f   libucrt:locale_refcounting.obj
 0001:00006cbc       __acrt_locale_free_monetary 0000000180007cbc f   libucrt:initmon.obj
 0001:00006dc8       __acrt_locale_free_numeric 0000000180007dc8 f   libucrt:initnum.obj
 0001:00006e8c       __acrt_locale_free_time    0000000180007e8c f   libucrt:inittime.obj
 0001:00006f94       __acrt_GetStringTypeA      0000000180007f94 f   libucrt:getstringtypea.obj
 0001:00007210       __acrt_DownlevelLocaleNameToLCID 0000000180008210 f   libucrt:lcidtoname_downlevel.obj
 0001:00007320       qsort                      0000000180008320 f   libucrt:qsort.obj
 0001:00007654       strncpy_s                  0000000180008654 f   libucrt:strncpy_s.obj
 0001:00007728       strpbrk                    0000000180008728 f   libucrt:strpbrk.obj
 0001:000077c8       _mbsdec                    00000001800087c8 f   libucrt:mbsdec.obj
 0001:000077d0       _mbsdec_l                  00000001800087d0 f   libucrt:mbsdec.obj
 0001:00007880       _msize                     0000000180008880 f   libucrt:msize.obj
 0001:000078bc       _realloc_base              00000001800088bc f   libucrt:realloc_base.obj
 0001:00007940       __acrt_lowio_create_handle_array 0000000180008940 f   libucrt:osfinfo.obj
 0001:000079d8       __acrt_lowio_destroy_handle_array 00000001800089d8 f   libucrt:osfinfo.obj
 0001:00007a28       __acrt_lowio_ensure_fh_exists 0000000180008a28 f   libucrt:osfinfo.obj
 0001:00007ae0       __acrt_lowio_lock_fh       0000000180008ae0 f   libucrt:osfinfo.obj
 0001:00007b04       __acrt_lowio_unlock_fh     0000000180008b04 f   libucrt:osfinfo.obj
 0001:00007b28       _free_osfhnd               0000000180008b28 f   libucrt:osfinfo.obj
 0001:00007be4       _get_osfhandle             0000000180008be4 f   libucrt:osfinfo.obj
 0001:00007c5c       _isatty                    0000000180008c5c f   libucrt:isatty.obj
 0001:00007cbc       __acrt_stdio_flush_nolock  0000000180008cbc f   libucrt:fflush.obj
 0001:00007d34       _fflush_nolock             0000000180008d34 f   libucrt:fflush.obj
 0001:00007d80       _flushall                  0000000180008d80 f   libucrt:fflush.obj
 0001:00007e70       _fcloseall                 0000000180008e70 f   libucrt:closeall.obj
 0001:00007f24       __acrt_stdio_free_buffer_nolock 0000000180008f24 f   libucrt:_freebuf.obj
 0001:00007f64       __strncnt                  0000000180008f64 f   libucrt:strncnt.obj
 0001:00007f7c       _query_app_type            0000000180008f7c f   libucrt:report_runtime_error.obj
 0001:00007f84       ??$?RV<lambda_b521505b218e5242e90febf6bfebc422>@@AEAV<lambda_6978c1fb23f02e42e1d9e99668cc68aa>@@V<lambda_314360699dd331753a4119843814e9a7>@@@?$__crt_seh_guarded_call@H@@QEAAH$$QEAV<lambda_b521505b218e5242e90febf6bfebc422>@@AEAV<lambda_6978c1fb23f02e42e1d9e99668cc68aa>@@$$QEAV<lambda_314360699dd331753a4119843814e9a7>@@@Z 0000000180008f84 f i libucrt:commit.obj
 0001:00008010       _commit                    0000000180009010 f   libucrt:commit.obj
 0001:00008644       _write                     0000000180009644 f   libucrt:write.obj
 0001:00008730       _write_nolock              0000000180009730 f   libucrt:write.obj
 0001:00008a20       log10                      0000000180009a20 f   libucrt:log10.obj
 0001:00009068       _lseeki64_nolock           000000018000a068 f   libucrt:lseek.obj
 0001:00009070       _fclose_nolock             000000018000a070 f   libucrt:fclose.obj
 0001:000090f4       fclose                     000000018000a0f4 f   libucrt:fclose.obj
 0001:00009160       _putwch_nolock             000000018000a160 f   libucrt:putwch.obj
 0001:000092e0       _handle_error              000000018000a2e0 f   libucrt:libm_error.obj
 0001:00009408       _handle_nan                000000018000a408 f   libucrt:libm_error.obj
 0001:00009430       __acrt_initialize_fma3     000000018000a430 f   libucrt:fma3_available.obj
 0001:000094a0       _log10_special             000000018000a4a0 f   libucrt:log_special.obj
 0001:00009558       ??$?RV<lambda_bfedae4ebbf01fab1bb6dcc6a9e276e0>@@AEAV<lambda_2fe9b910cf3cbf4a0ab98a02ba45b3ec>@@V<lambda_237c231691f317818eb88cc1d5d642d6>@@@?$__crt_seh_guarded_call@H@@QEAAH$$QEAV<lambda_bfedae4ebbf01fab1bb6dcc6a9e276e0>@@AEAV<lambda_2fe9b910cf3cbf4a0ab98a02ba45b3ec>@@$$QEAV<lambda_237c231691f317818eb88cc1d5d642d6>@@@Z 000000018000a558 f i libucrt:close.obj
 0001:000095cc       _close                     000000018000a5cc f   libucrt:close.obj
 0001:00009670       _close_nolock              000000018000a670 f   libucrt:close.obj
 0001:0000972c       ?__acrt_stdio_free_stream@@YAXV__crt_stdio_stream@@@Z 000000018000a72c f   libucrt:stream.obj
 0001:00009770       __dcrt_lowio_initialize_console_output 000000018000a770 f   libucrt:initcon.obj
 0001:000097ac       __dcrt_terminate_console_output 000000018000a7ac f   libucrt:initcon.obj
 0001:000097e0       _get_fpsr                  000000018000a7e0 f   libucrt:fpsr.obj
 0001:000097f0       _set_fpsr                  000000018000a7f0 f   libucrt:fpsr.obj
 0001:000097fa       _fclrf                     000000018000a7fa f   libucrt:fpsr.obj
 0001:0000980e       _frnd                      000000018000a80e f   libucrt:fpsr.obj
 0001:00009830       _raise_exc                 000000018000a830 f   libucrt:fpexcept.obj
 0001:00009858       _raise_exc_ex              000000018000a858 f   libucrt:fpexcept.obj
 0001:00009b60       _set_errno_from_matherr    000000018000ab60 f   libucrt:fpexcept.obj
 0001:00009b90       _clrfp                     000000018000ab90 f   libucrt:fpctrl.obj
 0001:00009bb0       _ctrlfp                    000000018000abb0 f   libucrt:fpctrl.obj
 0001:00009c2c       _set_statfp                000000018000ac2c f   libucrt:fpctrl.obj
 0001:00009c4c       _statfp                    000000018000ac4c f   libucrt:fpctrl.obj
 0001:00009c5e       IsProcessorFeaturePresent  000000018000ac5e f   kernel32:KERNEL32.dll
 0001:00009c64       RtlUnwindEx                000000018000ac64 f   kernel32:KERNEL32.dll
 0001:00009c6c       ?DloadAcquireSectionWriteAccess@@YAXXZ 000000018000ac6c f i DelayImp:delayhlp.obj
 0001:00009d28       ?DloadGetSRWLockFunctionPointers@@YAEXZ 000000018000ad28 f i DelayImp:delayhlp.obj
 0001:00009dc4       ?DloadMakePermanentImageCommit@@YAXPEAX_K@Z 000000018000adc4 f i DelayImp:delayhlp.obj
 0001:00009e5c       ?DloadObtainSection@@YAPEAXPEAK0@Z 000000018000ae5c f i DelayImp:delayhlp.obj
 0001:00009ef4       ?DloadProtectSection@@YAXKPEAK@Z 000000018000aef4 f i DelayImp:delayhlp.obj
 0001:00009f84       ?DloadReleaseSectionWriteAccess@@YAXXZ 000000018000af84 f i DelayImp:delayhlp.obj
 0001:0000a028       __delayLoadHelper2         000000018000b028 f   DelayImp:delayhlp.obj
 0001:0000a330       _FindPESection             000000018000b330 f   LIBCMT:pesect.obj
 0001:0000a380       _IsNonwritableInCurrentImage 000000018000b380 f   LIBCMT:pesect.obj
 0001:0000a3d0       _ValidateImageBase         000000018000b3d0 f   LIBCMT:pesect.obj
 0001:0000a400       __GSHandlerCheck           000000018000b400 f   LIBCMT:_gshandler_.obj
 0001:0000a420       __GSHandlerCheckCommon     000000018000b420 f   LIBCMT:_gshandler_.obj
 0001:0000a490       _alloca_probe              000000018000b490 f   LIBCMT:_chkstk_.obj
 0001:0000a490       __chkstk                   000000018000b490 f   LIBCMT:_chkstk_.obj
 0001:0000a500       memcpy                     000000018000b500 f   libvcruntime:memcpy.obj
 0001:0000a500       memmove                    000000018000b500 f   libvcruntime:memcpy.obj
 0001:0000a950       memcmp                     000000018000b950 f   libvcruntime:memcmp.obj
 0001:0000aa20       exp                        000000018000ba20 f   libucrt:exp.obj
 0001:0000ae20       pow                        000000018000be20 f   libucrt:pow.obj
 0001:0000c4c0       _exp_special               000000018000d4c0 f   libucrt:exp_special.obj
 0001:0000c560       _pow_special               000000018000d560 f   libucrt:pow_special.obj
 0001:0000c6a0       _guard_dispatch_icall_nop  000000018000d6a0 f   LIBCMT:_guard_dispatch_.obj
 0002:00000000       __imp_GetModuleHandleA     000000018000e000     kernel32:KERNEL32.dll
 0002:00000008       __imp_RtlCaptureContext    000000018000e008     kernel32:KERNEL32.dll
 0002:00000010       __imp_RtlLookupFunctionEntry 000000018000e010     kernel32:KERNEL32.dll
 0002:00000018       __imp_RtlVirtualUnwind     000000018000e018     kernel32:KERNEL32.dll
 0002:00000020       __imp_UnhandledExceptionFilter 000000018000e020     kernel32:KERNEL32.dll
 0002:00000028       __imp_SetUnhandledExceptionFilter 000000018000e028     kernel32:KERNEL32.dll
 0002:00000030       __imp_GetCurrentProcess    000000018000e030     kernel32:KERNEL32.dll
 0002:00000038       __imp_TerminateProcess     000000018000e038     kernel32:KERNEL32.dll
 0002:00000040       __imp_IsProcessorFeaturePresent 000000018000e040     kernel32:KERNEL32.dll
 0002:00000048       __imp_QueryPerformanceCounter 000000018000e048     kernel32:KERNEL32.dll
 0002:00000050       __imp_GetCurrentProcessId  000000018000e050     kernel32:KERNEL32.dll
 0002:00000058       __imp_GetCurrentThreadId   000000018000e058     kernel32:KERNEL32.dll
 0002:00000060       __imp_GetSystemTimeAsFileTime 000000018000e060     kernel32:KERNEL32.dll
 0002:00000068       __imp_InitializeSListHead  000000018000e068     kernel32:KERNEL32.dll
 0002:00000070       __imp_IsDebuggerPresent    000000018000e070     kernel32:KERNEL32.dll
 0002:00000078       __imp_GetStartupInfoW      000000018000e078     kernel32:KERNEL32.dll
 0002:00000080       __imp_GetModuleHandleW     000000018000e080     kernel32:KERNEL32.dll
 0002:00000088       __imp_RtlUnwindEx          000000018000e088     kernel32:KERNEL32.dll
 0002:00000090       __imp_InterlockedFlushSList 000000018000e090     kernel32:KERNEL32.dll
 0002:00000098       __imp_GetLastError         000000018000e098     kernel32:KERNEL32.dll
 0002:000000a0       __imp_SetLastError         000000018000e0a0     kernel32:KERNEL32.dll
 0002:000000a8       __imp_EnterCriticalSection 000000018000e0a8     kernel32:KERNEL32.dll
 0002:000000b0       __imp_LeaveCriticalSection 000000018000e0b0     kernel32:KERNEL32.dll
 0002:000000b8       __imp_DeleteCriticalSection 000000018000e0b8     kernel32:KERNEL32.dll
 0002:000000c0       __imp_InitializeCriticalSectionAndSpinCount 000000018000e0c0     kernel32:KERNEL32.dll
 0002:000000c8       __imp_TlsAlloc             000000018000e0c8     kernel32:KERNEL32.dll
 0002:000000d0       __imp_TlsGetValue          000000018000e0d0     kernel32:KERNEL32.dll
 0002:000000d8       __imp_TlsSetValue          000000018000e0d8     kernel32:KERNEL32.dll
 0002:000000e0       __imp_TlsFree              000000018000e0e0     kernel32:KERNEL32.dll
 0002:000000e8       __imp_FreeLibrary          000000018000e0e8     kernel32:KERNEL32.dll
 0002:000000f0       __imp_GetProcAddress       000000018000e0f0     kernel32:KERNEL32.dll
 0002:000000f8       __imp_LoadLibraryExW       000000018000e0f8     kernel32:KERNEL32.dll
 0002:00000100       __imp_ExitProcess          000000018000e100     kernel32:KERNEL32.dll
 0002:00000108       __imp_GetModuleHandleExW   000000018000e108     kernel32:KERNEL32.dll
 0002:00000110       __imp_GetModuleFileNameA   000000018000e110     kernel32:KERNEL32.dll
 0002:00000118       __imp_MultiByteToWideChar  000000018000e118     kernel32:KERNEL32.dll
 0002:00000120       __imp_WideCharToMultiByte  000000018000e120     kernel32:KERNEL32.dll
 0002:00000128       __imp_HeapFree             000000018000e128     kernel32:KERNEL32.dll
 0002:00000130       __imp_HeapAlloc            000000018000e130     kernel32:KERNEL32.dll
 0002:00000138       __imp_GetACP               000000018000e138     kernel32:KERNEL32.dll
 0002:00000140       __imp_LCMapStringW         000000018000e140     kernel32:KERNEL32.dll
 0002:00000148       __imp_FindClose            000000018000e148     kernel32:KERNEL32.dll
 0002:00000150       __imp_FindFirstFileExA     000000018000e150     kernel32:KERNEL32.dll
 0002:00000158       __imp_FindNextFileA        000000018000e158     kernel32:KERNEL32.dll
 0002:00000160       __imp_IsValidCodePage      000000018000e160     kernel32:KERNEL32.dll
 0002:00000168       __imp_GetOEMCP             000000018000e168     kernel32:KERNEL32.dll
 0002:00000170       __imp_GetCPInfo            000000018000e170     kernel32:KERNEL32.dll
 0002:00000178       __imp_GetCommandLineA      000000018000e178     kernel32:KERNEL32.dll
 0002:00000180       __imp_GetCommandLineW      000000018000e180     kernel32:KERNEL32.dll
 0002:00000188       __imp_GetEnvironmentStringsW 000000018000e188     kernel32:KERNEL32.dll
 0002:00000190       __imp_FreeEnvironmentStringsW 000000018000e190     kernel32:KERNEL32.dll
 0002:00000198       __imp_GetProcessHeap       000000018000e198     kernel32:KERNEL32.dll
 0002:000001a0       __imp_GetStdHandle         000000018000e1a0     kernel32:KERNEL32.dll
 0002:000001a8       __imp_GetFileType          000000018000e1a8     kernel32:KERNEL32.dll
 0002:000001b0       __imp_GetStringTypeW       000000018000e1b0     kernel32:KERNEL32.dll
 0002:000001b8       __imp_HeapSize             000000018000e1b8     kernel32:KERNEL32.dll
 0002:000001c0       __imp_HeapReAlloc          000000018000e1c0     kernel32:KERNEL32.dll
 0002:000001c8       __imp_SetStdHandle         000000018000e1c8     kernel32:KERNEL32.dll
 0002:000001d0       __imp_WriteFile            000000018000e1d0     kernel32:KERNEL32.dll
 0002:000001d8       __imp_FlushFileBuffers     000000018000e1d8     kernel32:KERNEL32.dll
 0002:000001e0       __imp_GetConsoleCP         000000018000e1e0     kernel32:KERNEL32.dll
 0002:000001e8       __imp_GetConsoleMode       000000018000e1e8     kernel32:KERNEL32.dll
 0002:000001f0       __imp_SetFilePointerEx     000000018000e1f0     kernel32:KERNEL32.dll
 0002:000001f8       __imp_CloseHandle          000000018000e1f8     kernel32:KERNEL32.dll
 0002:00000200       __imp_WriteConsoleW        000000018000e200     kernel32:KERNEL32.dll
 0002:00000208       __imp_CreateFileW          000000018000e208     kernel32:KERNEL32.dll
 0002:00000210       __imp_RaiseException       000000018000e210     kernel32:KERNEL32.dll
 0002:00000218       __imp_GetSystemInfo        000000018000e218     kernel32:KERNEL32.dll
 0002:00000220       __imp_VirtualProtect       000000018000e220     kernel32:KERNEL32.dll
 0002:00000228       __imp_VirtualQuery         000000018000e228     kernel32:KERNEL32.dll
 0002:00000230       __imp_LoadLibraryExA       000000018000e230     kernel32:KERNEL32.dll
 0002:00000238       \177KERNEL32_NULL_THUNK_DATA 000000018000e238     kernel32:KERNEL32.dll
 0002:00000240       __guard_check_icall_fptr   000000018000e240     LIBCMT:guard_support.obj
 0002:00000248       __guard_dispatch_icall_fptr 000000018000e248     LIBCMT:guard_support.obj
 0002:00000250       __xc_a                     000000018000e250     LIBCMT:initializers.obj
 0002:00000258       _register_native_          000000018000e258     gredient_descent.obj
 0002:00000260       __xc_z                     000000018000e260     LIBCMT:initializers.obj
 0002:00000268       __xi_a                     000000018000e268     LIBCMT:initializers.obj
 0002:00000270       __acrt_multibyte_initializer 000000018000e270     libucrt:multibyte_initializer.obj
 0002:00000278       __acrt_stdio_initializer   000000018000e278     libucrt:stdio_initializer.obj
 0002:00000280       __acrt_tran_fma3_initializer 000000018000e280     libucrt:fma3_initializer.obj
 0002:00000288       __xi_z                     000000018000e288     LIBCMT:initializers.obj
 0002:00000290       __xp_a                     000000018000e290     LIBCMT:initializers.obj
 0002:00000298       __acrt_locale_terminator   000000018000e298     libucrt:locale_initializer.obj
 0002:000002a0       __dcrt_console_output_terminator 000000018000e2a0     libucrt:console_output_initializer.obj
 0002:000002a8       __acrt_stdio_terminator    000000018000e2a8     libucrt:stdio_initializer.obj
 0002:000002b0       __xp_z                     000000018000e2b0     LIBCMT:initializers.obj
 0002:000002b8       __xt_a                     000000018000e2b8     LIBCMT:initializers.obj
 0002:000002c0       __xt_z                     000000018000e2c0     LIBCMT:initializers.obj
 0002:000002d0       __sz_node_exe              000000018000e2d0     node:node.exe
 0002:000002e0       _pDefaultRawDllMain        000000018000e2e0     LIBCMT:dll_dllmain.obj
 0002:000002e0       _pRawDllMain               000000018000e2e0     LIBCMT:dll_dllmain.obj
 0002:00000318       ??_C@_1BC@DNHGCMLG@?$AAa?$AAd?$AAv?$AAa?$AAp?$AAi?$AA3?$AA2?$AA?$AA@ 000000018000e318     libvcruntime:winapi_downlevel.obj
 0002:00000330       ??_C@_1DM@KHCHBNEB@?$AAa?$AAp?$AAi?$AA?9?$AAm?$AAs?$AA?9?$AAw?$AAi?$AAn?$AA?9?$AAc?$AAo?$AAr?$AAe?$AA?9?$AAf?$AAi?$AAb?$AAe?$AAr?$AAs?$AA?9?$AAl?$AA1?$AA?9?$AA1?$AA?9?$AA1?$AA?$AA@ 000000018000e330     libvcruntime:winapi_downlevel.obj
 0002:00000370       ??_C@_1DK@LPPGFMPP@?$AAa?$AAp?$AAi?$AA?9?$AAm?$AAs?$AA?9?$AAw?$AAi?$AAn?$AA?9?$AAc?$AAo?$AAr?$AAe?$AA?9?$AAs?$AAy?$AAn?$AAc?$AAh?$AA?9?$AAl?$AA1?$AA?9?$AA2?$AA?9?$AA0?$AA?$AA@ 000000018000e370     libvcruntime:winapi_downlevel.obj
 0002:000003b0       ??_C@_1BC@GDMECMAK@?$AAk?$AAe?$AAr?$AAn?$AAe?$AAl?$AA3?$AA2?$AA?$AA@ 000000018000e3b0     libvcruntime:winapi_downlevel.obj
 0002:000003d0       ??_C@_08KNHFBNJ@FlsAlloc?$AA@ 000000018000e3d0     libvcruntime:winapi_downlevel.obj
 0002:000003e8       ??_C@_07PEJMOBNF@FlsFree?$AA@ 000000018000e3e8     libvcruntime:winapi_downlevel.obj
 0002:000003f8       ??_C@_0M@GDNOONDI@FlsGetValue?$AA@ 000000018000e3f8     libvcruntime:winapi_downlevel.obj
 0002:00000410       ??_C@_0M@JCPCPOEF@FlsSetValue?$AA@ 000000018000e410     libvcruntime:winapi_downlevel.obj
 0002:00000428       ??_C@_0BM@HCFOFFN@InitializeCriticalSectionEx?$AA@ 000000018000e428     libvcruntime:winapi_downlevel.obj
 0002:00000770       ??_C@_08EHJDFFNH@__based?$CI?$AA@ 000000018000e770     libvcruntime:undname.obj
 0002:00000780       ??_C@_07KOLFKCDI@__cdecl?$AA@ 000000018000e780     libvcruntime:undname.obj
 0002:00000788       ??_C@_08GHMPAG@__pascal?$AA@ 000000018000e788     libvcruntime:undname.obj
 0002:00000798       ??_C@_09IFJBGAPI@__stdcall?$AA@ 000000018000e798     libvcruntime:undname.obj
 0002:000007a8       ??_C@_0L@NPHFGOKO@__thiscall?$AA@ 000000018000e7a8     libvcruntime:undname.obj
 0002:000007b8       ??_C@_0L@JMKHOMEK@__fastcall?$AA@ 000000018000e7b8     libvcruntime:undname.obj
 0002:000007c8       ??_C@_0N@BCKKPABJ@__vectorcall?$AA@ 000000018000e7c8     libvcruntime:undname.obj
 0002:000007d8       ??_C@_09HIJEGCPM@__clrcall?$AA@ 000000018000e7d8     libvcruntime:undname.obj
 0002:000007e4       ??_C@_06GHPCKEAG@__eabi?$AA@ 000000018000e7e4     libvcruntime:undname.obj
 0002:000007f0       ??_C@_07JOMMBBKO@__ptr64?$AA@ 000000018000e7f0     libvcruntime:undname.obj
 0002:000007f8       ??_C@_0L@PILCLIHE@__restrict?$AA@ 000000018000e7f8     libvcruntime:undname.obj
 0002:00000808       ??_C@_0M@GFIIJFMG@__unaligned?$AA@ 000000018000e808     libvcruntime:undname.obj
 0002:00000818       ??_C@_09DHDLOLLB@restrict?$CI?$AA@ 000000018000e818     libvcruntime:undname.obj
 0002:00000822       ??_C@_00CNPNBAHC@?$AA@     000000018000e822     libvcruntime:undname.obj
 0002:00000824       ??_C@_04NIHEBCM@?5new?$AA@ 000000018000e824     libvcruntime:undname.obj
 0002:00000830       ??_C@_07FPCDHGMM@?5delete?$AA@ 000000018000e830     libvcruntime:undname.obj
 0002:00000838       ??_C@_01NEMOKFLO@?$DN?$AA@ 000000018000e838     libvcruntime:undname.obj
 0002:0000083c       ??_C@_02GPIOPFAK@?$DO?$DO?$AA@ 000000018000e83c     libvcruntime:undname.obj
 0002:00000840       ??_C@_02FODMEDOG@?$DM?$DM?$AA@ 000000018000e840     libvcruntime:undname.obj
 0002:00000844       ??_C@_01DCLJPIOD@?$CB?$AA@ 000000018000e844     libvcruntime:undname.obj
 0002:00000848       ??_C@_02EGOFBIJA@?$DN?$DN?$AA@ 000000018000e848     libvcruntime:undname.obj
 0002:0000084c       ??_C@_02FDNJECIE@?$CB?$DN?$AA@ 000000018000e84c     libvcruntime:undname.obj
 0002:00000850       ??_C@_02GPECMEKF@?$FL?$FN?$AA@ 000000018000e850     libvcruntime:undname.obj
 0002:00000858       ??_C@_08LHJFAFGD@operator?$AA@ 000000018000e858     libvcruntime:undname.obj
 0002:00000864       ??_C@_02HBOOOICD@?9?$DO?$AA@ 000000018000e864     libvcruntime:undname.obj
 0002:00000868       ??_C@_01NBENCBCI@?$CK?$AA@ 000000018000e868     libvcruntime:undname.obj
 0002:0000086c       ??_C@_02ECNGHCIF@?$CL?$CL?$AA@ 000000018000e86c     libvcruntime:undname.obj
 0002:00000870       ??_C@_02BAABKJLB@?9?9?$AA@ 000000018000e870     libvcruntime:undname.obj
 0002:00000874       ??_C@_01JOAMLHOP@?9?$AA@   000000018000e874     libvcruntime:undname.obj
 0002:00000878       ??_C@_01MIFGBAGJ@?$CL?$AA@ 000000018000e878     libvcruntime:undname.obj
 0002:0000087c       ??_C@_01HNPIGOCE@?$CG?$AA@ 000000018000e87c     libvcruntime:undname.obj
 0002:00000880       ??_C@_03MNHNFDLC@?9?$DO?$CK?$AA@ 000000018000e880     libvcruntime:undname.obj
 0002:00000884       ??_C@_01KMDKNFGN@?1?$AA@   000000018000e884     libvcruntime:undname.obj
 0002:00000888       ??_C@_01FGNFDNOH@?$CF?$AA@ 000000018000e888     libvcruntime:undname.obj
 0002:0000088c       ??_C@_01MNNFJEPP@?$DM?$AA@ 000000018000e88c     libvcruntime:undname.obj
 0002:00000890       ??_C@_02EHCHHCKH@?$DM?$DN?$AA@ 000000018000e890     libvcruntime:undname.obj
 0002:00000894       ??_C@_01PPODPGHN@?$DO?$AA@ 000000018000e894     libvcruntime:undname.obj
 0002:00000898       ??_C@_02EEKDKGMJ@?$DO?$DN?$AA@ 000000018000e898     libvcruntime:undname.obj
 0002:0000089c       ??_C@_01IHBHIGKO@?0?$AA@   000000018000e89c     libvcruntime:undname.obj
 0002:000008a0       ??_C@_02HCKGKOFO@?$CI?$CJ?$AA@ 000000018000e8a0     libvcruntime:undname.obj
 0002:000008a4       ??_C@_01PJKLJHI@?$HO?$AA@  000000018000e8a4     libvcruntime:undname.obj
 0002:000008a8       ??_C@_01JKBOJNNK@?$FO?$AA@ 000000018000e8a8     libvcruntime:undname.obj
 0002:000008ac       ??_C@_01DNKMNLPK@?$HM?$AA@ 000000018000e8ac     libvcruntime:undname.obj
 0002:000008b0       ??_C@_02PPKAJPJL@?$CG?$CG?$AA@ 000000018000e8b0     libvcruntime:undname.obj
 0002:000008b4       ??_C@_02NONPIBCD@?$HM?$HM?$AA@ 000000018000e8b4     libvcruntime:undname.obj
 0002:000008b8       ??_C@_02FPIMKNGF@?$CK?$DN?$AA@ 000000018000e8b8     libvcruntime:undname.obj
 0002:000008bc       ??_C@_02FOEOMHFC@?$CL?$DN?$AA@ 000000018000e8bc     libvcruntime:undname.obj
 0002:000008c0       ??_C@_02FKMDLLOA@?9?$DN?$AA@ 000000018000e8c0     libvcruntime:undname.obj
 0002:000008c4       ??_C@_02FJEHGPIO@?1?$DN?$AA@ 000000018000e8c4     libvcruntime:undname.obj
 0002:000008c8       ??_C@_02FENAOKFI@?$CF?$DN?$AA@ 000000018000e8c8     libvcruntime:undname.obj
 0002:000008cc       ??_C@_03IKFCCPFF@?$DO?$DO?$DN?$AA@ 000000018000e8cc     libvcruntime:undname.obj
 0002:000008d0       ??_C@_03CDNPDDLA@?$DM?$DM?$DN?$AA@ 000000018000e8d0     libvcruntime:undname.obj
 0002:000008d4       ??_C@_02FGJGFEAB@?$CG?$DN?$AA@ 000000018000e8d4     libvcruntime:undname.obj
 0002:000008d8       ??_C@_02DHLNPPGH@?$HM?$DN?$AA@ 000000018000e8d8     libvcruntime:undname.obj
 0002:000008dc       ??_C@_02MHEGNOJ@?$FO?$DN?$AA@ 000000018000e8dc     libvcruntime:undname.obj
 0002:000008e0       ??_C@_09IFPLHPGF@?$GAvftable?8?$AA@ 000000018000e8e0     libvcruntime:undname.obj
 0002:000008f0       ??_C@_09BLBHBJP@?$GAvbtable?8?$AA@ 000000018000e8f0     libvcruntime:undname.obj
 0002:00000900       ??_C@_07FEEIOKP@?$GAvcall?8?$AA@ 000000018000e900     libvcruntime:undname.obj
 0002:00000908       ??_C@_08LLFFHHDJ@?$GAtypeof?8?$AA@ 000000018000e908     libvcruntime:undname.obj
 0002:00000918       ??_C@_0BF@KDPPACIK@?$GAlocal?5static?5guard?8?$AA@ 000000018000e918     libvcruntime:undname.obj
 0002:00000930       ??_C@_08OBABFOLI@?$GAstring?8?$AA@ 000000018000e930     libvcruntime:undname.obj
 0002:00000940       ??_C@_0BD@JDLKDPAB@?$GAvbase?5destructor?8?$AA@ 000000018000e940     libvcruntime:undname.obj
 0002:00000958       ??_C@_0BN@DEGPLNFK@?$GAvector?5deleting?5destructor?8?$AA@ 000000018000e958     libvcruntime:undname.obj
 0002:00000978       ??_C@_0BO@OBMKPJIG@?$GAdefault?5constructor?5closure?8?$AA@ 000000018000e978     libvcruntime:undname.obj
 0002:00000998       ??_C@_0BN@IMDCHIKM@?$GAscalar?5deleting?5destructor?8?$AA@ 000000018000e998     libvcruntime:undname.obj
 0002:000009b8       ??_C@_0BO@PFGOCPJJ@?$GAvector?5constructor?5iterator?8?$AA@ 000000018000e9b8     libvcruntime:undname.obj
 0002:000009d8       ??_C@_0BN@LFPFMEDL@?$GAvector?5destructor?5iterator?8?$AA@ 000000018000e9d8     libvcruntime:undname.obj
 0002:000009f8       ??_C@_0CE@IKBNEHA@?$GAvector?5vbase?5constructor?5iterat@ 000000018000e9f8     libvcruntime:undname.obj
 0002:00000a20       ??_C@_0BL@NILFHHPC@?$GAvirtual?5displacement?5map?8?$AA@ 000000018000ea20     libvcruntime:undname.obj
 0002:00000a40       ??_C@_0CB@JONCMFFK@?$GAeh?5vector?5constructor?5iterator?8@ 000000018000ea40     libvcruntime:undname.obj
 0002:00000a68       ??_C@_0CA@GCEOPDGL@?$GAeh?5vector?5destructor?5iterator?8?$AA@ 000000018000ea68     libvcruntime:undname.obj
 0002:00000a88       ??_C@_0CH@OOJPLCPH@?$GAeh?5vector?5vbase?5constructor?5ite@ 000000018000ea88     libvcruntime:undname.obj
 0002:00000ab0       ??_C@_0BL@LLKPOHJI@?$GAcopy?5constructor?5closure?8?$AA@ 000000018000eab0     libvcruntime:undname.obj
 0002:00000ad0       ??_C@_0BA@KBCDOMBN@?$GAudt?5returning?8?$AA@ 000000018000ead0     libvcruntime:undname.obj
 0002:00000ae0       ??_C@_03KLGMFNMG@?$GAEH?$AA@ 000000018000eae0     libvcruntime:undname.obj
 0002:00000ae4       ??_C@_05KHLCHHI@?$GARTTI?$AA@ 000000018000eae4     libvcruntime:undname.obj
 0002:00000af0       ??_C@_0BA@KKLDJDLB@?$GAlocal?5vftable?8?$AA@ 000000018000eaf0     libvcruntime:undname.obj
 0002:00000b00       ??_C@_0CE@IIHCMGGL@?$GAlocal?5vftable?5constructor?5closu@ 000000018000eb00     libvcruntime:undname.obj
 0002:00000b24       ??_C@_06FHBGPFGH@?5new?$FL?$FN?$AA@ 000000018000eb24     libvcruntime:undname.obj
 0002:00000b30       ??_C@_09LBNFPBCA@?5delete?$FL?$FN?$AA@ 000000018000eb30     libvcruntime:undname.obj
 0002:00000b40       ??_C@_0P@HJKNJFNN@?$GAomni?5callsig?8?$AA@ 000000018000eb40     libvcruntime:undname.obj
 0002:00000b50       ??_C@_0BL@CNOONJFP@?$GAplacement?5delete?5closure?8?$AA@ 000000018000eb50     libvcruntime:undname.obj
 0002:00000b70       ??_C@_0BN@CKNJLHMB@?$GAplacement?5delete?$FL?$FN?5closure?8?$AA@ 000000018000eb70     libvcruntime:undname.obj
 0002:00000b90       ??_C@_0CG@CFDHKGGD@?$GAmanaged?5vector?5constructor?5iter@ 000000018000eb90     libvcruntime:undname.obj
 0002:00000bb8       ??_C@_0CF@IMGKMJNO@?$GAmanaged?5vector?5destructor?5itera@ 000000018000ebb8     libvcruntime:undname.obj
 0002:00000be0       ??_C@_0CG@HLDDJMAG@?$GAeh?5vector?5copy?5constructor?5iter@ 000000018000ebe0     libvcruntime:undname.obj
 0002:00000c08       ??_C@_0CM@FCBBDIGB@?$GAeh?5vector?5vbase?5copy?5constructo@ 000000018000ec08     libvcruntime:undname.obj
 0002:00000c38       ??_C@_0BL@CLIPGLGB@?$GAdynamic?5initializer?5for?5?8?$AA@ 000000018000ec38     libvcruntime:undname.obj
 0002:00000c58       ??_C@_0CB@PDBIFEP@?$GAdynamic?5atexit?5destructor?5for?5?8@ 000000018000ec58     libvcruntime:undname.obj
 0002:00000c80       ??_C@_0CD@CGAJBKEJ@?$GAvector?5copy?5constructor?5iterato@ 000000018000ec80     libvcruntime:undname.obj
 0002:00000ca8       ??_C@_0CJ@GJELGAMM@?$GAvector?5vbase?5copy?5constructor?5i@ 000000018000eca8     libvcruntime:undname.obj
 0002:00000cd8       ??_C@_0CL@FGIJHLCE@?$GAmanaged?5vector?5copy?5constructor@ 000000018000ecd8     libvcruntime:undname.obj
 0002:00000d08       ??_C@_0BM@PMGGMLDN@?$GAlocal?5static?5thread?5guard?8?$AA@ 000000018000ed08     libvcruntime:undname.obj
 0002:00000d28       ??_C@_0N@BDNMDMOL@operator?5?$CC?$CC?5?$AA@ 000000018000ed28     libvcruntime:undname.obj
 0002:00000d38       ??_C@_0BC@DAFEJGAK@?5Type?5Descriptor?8?$AA@ 000000018000ed38     libvcruntime:undname.obj
 0002:00000d50       ??_C@_0BM@LDKODKLH@?5Base?5Class?5Descriptor?5at?5?$CI?$AA@ 000000018000ed50     libvcruntime:undname.obj
 0002:00000d70       ??_C@_0BD@LGICGFMM@?5Base?5Class?5Array?8?$AA@ 000000018000ed70     libvcruntime:undname.obj
 0002:00000d88       ??_C@_0BN@MECKDCOJ@?5Class?5Hierarchy?5Descriptor?8?$AA@ 000000018000ed88     libvcruntime:undname.obj
 0002:00000da8       ??_C@_0BK@CFCOFLF@?5Complete?5Object?5Locator?8?$AA@ 000000018000eda8     libvcruntime:undname.obj
 0002:00000dd0       __acrt_exception_action_table 000000018000edd0     libucrt:exception_filter.obj
 0002:00000e90       __acrt_signal_action_table_count 000000018000ee90     libucrt:exception_filter.obj
 0002:00000e98       __acrt_signal_action_first_fpe_index 000000018000ee98     libucrt:exception_filter.obj
 0002:00000ea0       __acrt_signal_action_fpe_count 000000018000eea0     libucrt:exception_filter.obj
 0002:00000ea8       ??_C@_1BI@BGOHAHKC@?$AAm?$AAs?$AAc?$AAo?$AAr?$AAe?$AAe?$AA?4?$AAd?$AAl?$AAl?$AA?$AA@ 000000018000eea8     libucrt:exit.obj
 0002:00000ec0       ??_C@_0P@MIGLKIOC@CorExitProcess?$AA@ 000000018000eec0     libucrt:exit.obj
 0002:00001130       __lc_time_c                000000018000f130     libucrt:nlsdata.obj
 0002:000013f0       ??_C@_03KOEHGMDN@Sun?$AA@  000000018000f3f0     libucrt:nlsdata.obj
 0002:000013f4       ??_C@_03PDAGKDH@Mon?$AA@   000000018000f3f4     libucrt:nlsdata.obj
 0002:000013f8       ??_C@_03NAGEINEP@Tue?$AA@  000000018000f3f8     libucrt:nlsdata.obj
 0002:000013fc       ??_C@_03MHOMLAJA@Wed?$AA@  000000018000f3fc     libucrt:nlsdata.obj
 0002:00001400       ??_C@_03IOFIKPDN@Thu?$AA@  000000018000f400     libucrt:nlsdata.obj
 0002:00001404       ??_C@_03IDIOELNC@Fri?$AA@  000000018000f404     libucrt:nlsdata.obj
 0002:00001408       ??_C@_03FEFJNEK@Sat?$AA@   000000018000f408     libucrt:nlsdata.obj
 0002:0000140c       ??_C@_06OOPIFAJ@Sunday?$AA@ 000000018000f40c     libucrt:nlsdata.obj
 0002:00001414       ??_C@_06JLEDEDGH@Monday?$AA@ 000000018000f414     libucrt:nlsdata.obj
 0002:00001420       ??_C@_07BAAGCFCM@Tuesday?$AA@ 000000018000f420     libucrt:nlsdata.obj
 0002:00001428       ??_C@_09DLIGFAKA@Wednesday?$AA@ 000000018000f428     libucrt:nlsdata.obj
 0002:00001438       ??_C@_08HACCIKIA@Thursday?$AA@ 000000018000f438     libucrt:nlsdata.obj
 0002:00001444       ??_C@_06JECMNKMI@Friday?$AA@ 000000018000f444     libucrt:nlsdata.obj
 0002:00001450       ??_C@_08INBOOONO@Saturday?$AA@ 000000018000f450     libucrt:nlsdata.obj
 0002:0000145c       ??_C@_03JIHJHPIE@Jan?$AA@  000000018000f45c     libucrt:nlsdata.obj
 0002:00001460       ??_C@_03HJBDCHOM@Feb?$AA@  000000018000f460     libucrt:nlsdata.obj
 0002:00001464       ??_C@_03ODNJBKGA@Mar?$AA@  000000018000f464     libucrt:nlsdata.obj
 0002:00001468       ??_C@_03LEOLGMJP@Apr?$AA@  000000018000f468     libucrt:nlsdata.obj
 0002:0000146c       ??_C@_03CNMDKL@May?$AA@    000000018000f46c     libucrt:nlsdata.obj
 0002:00001470       ??_C@_03IDFGHECI@Jun?$AA@  000000018000f470     libucrt:nlsdata.obj
 0002:00001474       ??_C@_03LBGABGKK@Jul?$AA@  000000018000f474     libucrt:nlsdata.obj
 0002:00001478       ??_C@_03IFJFEIGA@Aug?$AA@  000000018000f478     libucrt:nlsdata.obj
 0002:0000147c       ??_C@_03GGCAPAJC@Sep?$AA@  000000018000f47c     libucrt:nlsdata.obj
 0002:00001480       ??_C@_03BMAOKBAD@Oct?$AA@  000000018000f480     libucrt:nlsdata.obj
 0002:00001484       ??_C@_03JPJOFNIA@Nov?$AA@  000000018000f484     libucrt:nlsdata.obj
 0002:00001488       ??_C@_03MKABNOCG@Dec?$AA@  000000018000f488     libucrt:nlsdata.obj
 0002:00001490       ??_C@_07CGJPFGJA@January?$AA@ 000000018000f490     libucrt:nlsdata.obj
 0002:00001498       ??_C@_08GNJGEPFN@February?$AA@ 000000018000f498     libucrt:nlsdata.obj
 0002:000014a4       ??_C@_05HPCKOFNC@March?$AA@ 000000018000f4a4     libucrt:nlsdata.obj
 0002:000014ac       ??_C@_05DMJDNLEJ@April?$AA@ 000000018000f4ac     libucrt:nlsdata.obj
 0002:000014b4       ??_C@_04CNLMGBGM@June?$AA@ 000000018000f4b4     libucrt:nlsdata.obj
 0002:000014bc       ??_C@_04MIEPOIFP@July?$AA@ 000000018000f4bc     libucrt:nlsdata.obj
 0002:000014c4       ??_C@_06LBBHFDDG@August?$AA@ 000000018000f4c4     libucrt:nlsdata.obj
 0002:000014d0       ??_C@_09BHHEALKD@September?$AA@ 000000018000f4d0     libucrt:nlsdata.obj
 0002:000014e0       ??_C@_07JJNFCEND@October?$AA@ 000000018000f4e0     libucrt:nlsdata.obj
 0002:000014e8       ??_C@_08HCHEGEOA@November?$AA@ 000000018000f4e8     libucrt:nlsdata.obj
 0002:000014f8       ??_C@_08EDHMEBNP@December?$AA@ 000000018000f4f8     libucrt:nlsdata.obj
 0002:00001504       ??_C@_02DEDBPAFC@AM?$AA@   000000018000f504     libucrt:nlsdata.obj
 0002:00001508       ??_C@_02CJNFDJBF@PM?$AA@   000000018000f508     libucrt:nlsdata.obj
 0002:00001510       ??_C@_08BPBNCDIB@MM?1dd?1yy?$AA@ 000000018000f510     libucrt:nlsdata.obj
 0002:00001520       ??_C@_0BE@CKGJFCPC@dddd?0?5MMMM?5dd?0?5yyyy?$AA@ 000000018000f520     libucrt:nlsdata.obj
 0002:00001538       ??_C@_08JCCMCCIL@HH?3mm?3ss?$AA@ 000000018000f538     libucrt:nlsdata.obj
 0002:00001548       ??_C@_17MBGCMIPB@?$AAS?$AAu?$AAn?$AA?$AA@ 000000018000f548     libucrt:nlsdata.obj
 0002:00001550       ??_C@_17KBOMKBF@?$AAM?$AAo?$AAn?$AA?$AA@ 000000018000f550     libucrt:nlsdata.obj
 0002:00001558       ??_C@_17BMKGEGOJ@?$AAT?$AAu?$AAe?$AA?$AA@ 000000018000f558     libucrt:nlsdata.obj
 0002:00001560       ??_C@_17CJEDCEPE@?$AAW?$AAe?$AAd?$AA?$AA@ 000000018000f560     libucrt:nlsdata.obj
 0002:00001568       ??_C@_17PDPHAADD@?$AAT?$AAh?$AAu?$AA?$AA@ 000000018000f568     libucrt:nlsdata.obj
 0002:00001570       ??_C@_17HFOLPPLP@?$AAF?$AAr?$AAi?$AA?$AA@ 000000018000f570     libucrt:nlsdata.obj
 0002:00001578       ??_C@_17GGIBDPIH@?$AAS?$AAa?$AAt?$AA?$AA@ 000000018000f578     libucrt:nlsdata.obj
 0002:00001580       ??_C@_1O@IHNHDHPB@?$AAS?$AAu?$AAn?$AAd?$AAa?$AAy?$AA?$AA@ 000000018000f580     libucrt:nlsdata.obj
 0002:00001590       ??_C@_1O@MMNBFLIA@?$AAM?$AAo?$AAn?$AAd?$AAa?$AAy?$AA?$AA@ 000000018000f590     libucrt:nlsdata.obj
 0002:000015a0       ??_C@_1BA@ENFBFFEK@?$AAT?$AAu?$AAe?$AAs?$AAd?$AAa?$AAy?$AA?$AA@ 000000018000f5a0     libucrt:nlsdata.obj
 0002:000015b0       ??_C@_1BE@EBOGMDOH@?$AAW?$AAe?$AAd?$AAn?$AAe?$AAs?$AAd?$AAa?$AAy?$AA?$AA@ 000000018000f5b0     libucrt:nlsdata.obj
 0002:000015c8       ??_C@_1BC@HHMNLIHE@?$AAT?$AAh?$AAu?$AAr?$AAs?$AAd?$AAa?$AAy?$AA?$AA@ 000000018000f5c8     libucrt:nlsdata.obj
 0002:000015e0       ??_C@_1O@PDICJHAG@?$AAF?$AAr?$AAi?$AAd?$AAa?$AAy?$AA?$AA@ 000000018000f5e0     libucrt:nlsdata.obj
 0002:000015f0       ??_C@_1BC@ENMNNPAJ@?$AAS?$AAa?$AAt?$AAu?$AAr?$AAd?$AAa?$AAy?$AA?$AA@ 000000018000f5f0     libucrt:nlsdata.obj
 0002:00001608       ??_C@_17DKNBKCHM@?$AAJ?$AAa?$AAn?$AA?$AA@ 000000018000f608     libucrt:nlsdata.obj
 0002:00001610       ??_C@_17LMDJEKJN@?$AAF?$AAe?$AAb?$AA?$AA@ 000000018000f610     libucrt:nlsdata.obj
 0002:00001618       ??_C@_17CKNLEDEC@?$AAM?$AAa?$AAr?$AA?$AA@ 000000018000f618     libucrt:nlsdata.obj
 0002:00001620       ??_C@_17LFPOIHDD@?$AAA?$AAp?$AAr?$AA?$AA@ 000000018000f620     libucrt:nlsdata.obj
 0002:00001628       ??_C@_17PNNKMEED@?$AAM?$AAa?$AAy?$AA?$AA@ 000000018000f628     libucrt:nlsdata.obj
 0002:00001630       ??_C@_17KCJGOCPB@?$AAJ?$AAu?$AAn?$AA?$AA@ 000000018000f630     libucrt:nlsdata.obj
 0002:00001638       ??_C@_17IJPCKHK@?$AAJ?$AAu?$AAl?$AA?$AA@ 000000018000f638     libucrt:nlsdata.obj
 0002:00001640       ??_C@_17ICPELBCN@?$AAA?$AAu?$AAg?$AA?$AA@ 000000018000f640     libucrt:nlsdata.obj
 0002:00001648       ??_C@_17HCHCOKMG@?$AAS?$AAe?$AAp?$AA?$AA@ 000000018000f648     libucrt:nlsdata.obj
 0002:00001650       ??_C@_17FNLKOI@?$AAO?$AAc?$AAt?$AA?$AA@ 000000018000f650     libucrt:nlsdata.obj
 0002:00001658       ??_C@_17BBDMLCIG@?$AAN?$AAo?$AAv?$AA?$AA@ 000000018000f658     libucrt:nlsdata.obj
 0002:00001660       ??_C@_17EGKACKIF@?$AAD?$AAe?$AAc?$AA?$AA@ 000000018000f660     libucrt:nlsdata.obj
 0002:00001668       ??_C@_1BA@EFMEIEBA@?$AAJ?$AAa?$AAn?$AAu?$AAa?$AAr?$AAy?$AA?$AA@ 000000018000f668     libucrt:nlsdata.obj
 0002:00001678       ??_C@_1BC@JGDDFFAM@?$AAF?$AAe?$AAb?$AAr?$AAu?$AAa?$AAr?$AAy?$AA?$AA@ 000000018000f678     libucrt:nlsdata.obj
 0002:00001690       ??_C@_1M@IKEENEDF@?$AAM?$AAa?$AAr?$AAc?$AAh?$AA?$AA@ 000000018000f690     libucrt:nlsdata.obj
 0002:000016a0       ??_C@_1M@GJNLMHFD@?$AAA?$AAp?$AAr?$AAi?$AAl?$AA?$AA@ 000000018000f6a0     libucrt:nlsdata.obj
 0002:000016b0       ??_C@_19EPFLPGAP@?$AAJ?$AAu?$AAn?$AAe?$AA?$AA@ 000000018000f6b0     libucrt:nlsdata.obj
 0002:000016c0       ??_C@_19BIFMLPCD@?$AAJ?$AAu?$AAl?$AAy?$AA?$AA@ 000000018000f6c0     libucrt:nlsdata.obj
 0002:000016d0       ??_C@_1O@PAHLKOAC@?$AAA?$AAu?$AAg?$AAu?$AAs?$AAt?$AA?$AA@ 000000018000f6d0     libucrt:nlsdata.obj
 0002:000016e0       ??_C@_1BE@DKAAMBJL@?$AAS?$AAe?$AAp?$AAt?$AAe?$AAm?$AAb?$AAe?$AAr?$AA?$AA@ 000000018000f6e0     libucrt:nlsdata.obj
 0002:000016f8       ??_C@_1BA@EPANDLNG@?$AAO?$AAc?$AAt?$AAo?$AAb?$AAe?$AAr?$AA?$AA@ 000000018000f6f8     libucrt:nlsdata.obj
 0002:00001708       ??_C@_1BC@BGLIFPF@?$AAN?$AAo?$AAv?$AAe?$AAm?$AAb?$AAe?$AAr?$AA?$AA@ 000000018000f708     libucrt:nlsdata.obj
 0002:00001720       ??_C@_1BC@FEMKIFH@?$AAD?$AAe?$AAc?$AAe?$AAm?$AAb?$AAe?$AAr?$AA?$AA@ 000000018000f720     libucrt:nlsdata.obj
 0002:00001734       ??_C@_15ODEHAHHF@?$AAA?$AAM?$AA?$AA@ 000000018000f734     libucrt:nlsdata.obj
 0002:0000173c       ??_C@_15CLMNNGEL@?$AAP?$AAM?$AA?$AA@ 000000018000f73c     libucrt:nlsdata.obj
 0002:00001748       ??_C@_1BC@IEBCMHCM@?$AAM?$AAM?$AA?1?$AAd?$AAd?$AA?1?$AAy?$AAy?$AA?$AA@ 000000018000f748     libucrt:nlsdata.obj
 0002:00001760       ??_C@_1CI@KNAKOEBC@?$AAd?$AAd?$AAd?$AAd?$AA?0?$AA?5?$AAM?$AAM?$AAM?$AAM?$AA?5?$AAd?$AAd?$AA?0?$AA?5?$AAy?$AAy?$AAy?$AAy?$AA?$AA@ 000000018000f760     libucrt:nlsdata.obj
 0002:00001788       ??_C@_1BC@GDGBMEMK@?$AAH?$AAH?$AA?3?$AAm?$AAm?$AA?3?$AAs?$AAs?$AA?$AA@ 000000018000f788     libucrt:nlsdata.obj
 0002:000017a0       ??_C@_1M@BMHNFIME@?$AAe?$AAn?$AA?9?$AAU?$AAS?$AA?$AA@ 000000018000f7a0     libucrt:nlsdata.obj
 0002:00001850       ??_C@_1EG@CNNIPFIM@?$AAa?$AAp?$AAi?$AA?9?$AAm?$AAs?$AA?9?$AAw?$AAi?$AAn?$AA?9?$AAa?$AAp?$AAp?$AAm?$AAo?$AAd?$AAe?$AAl?$AA?9?$AAr?$AAu?$AAn?$AAt?$AAi?$AAm?$AAe?$AA?9?$AAl?$AA1?$AA?9?$AA1@ 000000018000f850     libucrt:winapi_thunks.obj
 0002:000018a0       ??_C@_1EA@JGEFHKEI@?$AAa?$AAp?$AAi?$AA?9?$AAm?$AAs?$AA?9?$AAw?$AAi?$AAn?$AA?9?$AAc?$AAo?$AAr?$AAe?$AA?9?$AAd?$AAa?$AAt?$AAe?$AAt?$AAi?$AAm?$AAe?$AA?9?$AAl?$AA1?$AA?9?$AA1?$AA?9?$AA1?$AA?$AA@ 000000018000f8a0     libucrt:winapi_thunks.obj
 0002:000018e0       ??_C@_1DI@GCIAAENM@?$AAa?$AAp?$AAi?$AA?9?$AAm?$AAs?$AA?9?$AAw?$AAi?$AAn?$AA?9?$AAc?$AAo?$AAr?$AAe?$AA?9?$AAf?$AAi?$AAl?$AAe?$AA?9?$AAl?$AA2?$AA?9?$AA1?$AA?9?$AA1?$AA?$AA@ 000000018000f8e0     libucrt:winapi_thunks.obj
 0002:00001920       ??_C@_1EI@MPIAOHOC@?$AAa?$AAp?$AAi?$AA?9?$AAm?$AAs?$AA?9?$AAw?$AAi?$AAn?$AA?9?$AAc?$AAo?$AAr?$AAe?$AA?9?$AAl?$AAo?$AAc?$AAa?$AAl?$AAi?$AAz?$AAa?$AAt?$AAi?$AAo?$AAn?$AA?9?$AAl?$AA1?$AA?9@ 000000018000f920     libucrt:winapi_thunks.obj
 0002:00001970       ??_C@_1FK@FPHCKFIE@?$AAa?$AAp?$AAi?$AA?9?$AAm?$AAs?$AA?9?$AAw?$AAi?$AAn?$AA?9?$AAc?$AAo?$AAr?$AAe?$AA?9?$AAl?$AAo?$AAc?$AAa?$AAl?$AAi?$AAz?$AAa?$AAt?$AAi?$AAo?$AAn?$AA?9?$AAo?$AAb?$AAs@ 000000018000f970     libucrt:winapi_thunks.obj
 0002:000019d0       ??_C@_1EM@DILCGIIO@?$AAa?$AAp?$AAi?$AA?9?$AAm?$AAs?$AA?9?$AAw?$AAi?$AAn?$AA?9?$AAc?$AAo?$AAr?$AAe?$AA?9?$AAp?$AAr?$AAo?$AAc?$AAe?$AAs?$AAs?$AAt?$AAh?$AAr?$AAe?$AAa?$AAd?$AAs?$AA?9?$AAl@ 000000018000f9d0     libucrt:winapi_thunks.obj
 0002:00001a20       ??_C@_1DM@LNCGDDPN@?$AAa?$AAp?$AAi?$AA?9?$AAm?$AAs?$AA?9?$AAw?$AAi?$AAn?$AA?9?$AAc?$AAo?$AAr?$AAe?$AA?9?$AAs?$AAt?$AAr?$AAi?$AAn?$AAg?$AA?9?$AAl?$AA1?$AA?9?$AA1?$AA?9?$AA0?$AA?$AA@ 000000018000fa20     libucrt:winapi_thunks.obj
 0002:00001a60       ??_C@_1DO@FPAPJEMD@?$AAa?$AAp?$AAi?$AA?9?$AAm?$AAs?$AA?9?$AAw?$AAi?$AAn?$AA?9?$AAc?$AAo?$AAr?$AAe?$AA?9?$AAs?$AAy?$AAs?$AAi?$AAn?$AAf?$AAo?$AA?9?$AAl?$AA1?$AA?9?$AA2?$AA?9?$AA1?$AA?$AA@ 000000018000fa60     libucrt:winapi_thunks.obj
 0002:00001aa0       ??_C@_1DK@NDHNAHIO@?$AAa?$AAp?$AAi?$AA?9?$AAm?$AAs?$AA?9?$AAw?$AAi?$AAn?$AA?9?$AAc?$AAo?$AAr?$AAe?$AA?9?$AAw?$AAi?$AAn?$AAr?$AAt?$AA?9?$AAl?$AA1?$AA?9?$AA1?$AA?9?$AA0?$AA?$AA@ 000000018000faa0     libucrt:winapi_thunks.obj
 0002:00001ae0       ??_C@_1DM@KGHDGBCM@?$AAa?$AAp?$AAi?$AA?9?$AAm?$AAs?$AA?9?$AAw?$AAi?$AAn?$AA?9?$AAc?$AAo?$AAr?$AAe?$AA?9?$AAx?$AAs?$AAt?$AAa?$AAt?$AAe?$AA?9?$AAl?$AA2?$AA?9?$AA1?$AA?9?$AA0?$AA?$AA@ 000000018000fae0     libucrt:winapi_thunks.obj
 0002:00001b20       ??_C@_1EO@IJIOEFOH@?$AAa?$AAp?$AAi?$AA?9?$AAm?$AAs?$AA?9?$AAw?$AAi?$AAn?$AA?9?$AAr?$AAt?$AAc?$AAo?$AAr?$AAe?$AA?9?$AAn?$AAt?$AAu?$AAs?$AAe?$AAr?$AA?9?$AAw?$AAi?$AAn?$AAd?$AAo?$AAw?$AA?9@ 000000018000fb20     libucrt:winapi_thunks.obj
 0002:00001b70       ??_C@_1FG@HHGEKANL@?$AAa?$AAp?$AAi?$AA?9?$AAm?$AAs?$AA?9?$AAw?$AAi?$AAn?$AA?9?$AAs?$AAe?$AAc?$AAu?$AAr?$AAi?$AAt?$AAy?$AA?9?$AAs?$AAy?$AAs?$AAt?$AAe?$AAm?$AAf?$AAu?$AAn?$AAc?$AAt?$AAi@ 000000018000fb70     libucrt:winapi_thunks.obj
 0002:00001bd0       ??_C@_1FG@NCKKOLKO@?$AAe?$AAx?$AAt?$AA?9?$AAm?$AAs?$AA?9?$AAw?$AAi?$AAn?$AA?9?$AAk?$AAe?$AAr?$AAn?$AAe?$AAl?$AA3?$AA2?$AA?9?$AAp?$AAa?$AAc?$AAk?$AAa?$AAg?$AAe?$AA?9?$AAc?$AAu?$AAr?$AAr@ 000000018000fbd0     libucrt:winapi_thunks.obj
 0002:00001c30       ??_C@_1EG@DBIOJECG@?$AAe?$AAx?$AAt?$AA?9?$AAm?$AAs?$AA?9?$AAw?$AAi?$AAn?$AA?9?$AAn?$AAt?$AAu?$AAs?$AAe?$AAr?$AA?9?$AAd?$AAi?$AAa?$AAl?$AAo?$AAg?$AAb?$AAo?$AAx?$AA?9?$AAl?$AA1?$AA?9?$AA1@ 000000018000fc30     libucrt:winapi_thunks.obj
 0002:00001c80       ??_C@_1EO@FIHMJCLF@?$AAe?$AAx?$AAt?$AA?9?$AAm?$AAs?$AA?9?$AAw?$AAi?$AAn?$AA?9?$AAn?$AAt?$AAu?$AAs?$AAe?$AAr?$AA?9?$AAw?$AAi?$AAn?$AAd?$AAo?$AAw?$AAs?$AAt?$AAa?$AAt?$AAi?$AAo?$AAn?$AA?9@ 000000018000fc80     libucrt:winapi_thunks.obj
 0002:00001cd0       ??_C@_1O@BCCLBEOE@?$AAu?$AAs?$AAe?$AAr?$AA3?$AA2?$AA?$AA@ 000000018000fcd0     libucrt:winapi_thunks.obj
 0002:00001d08       ??_C@_0BE@JOGNEJCI@GetCurrentPackageId?$AA@ 000000018000fd08     libucrt:winapi_thunks.obj
 0002:00001d30       ??_C@_0O@KKBNKAPF@LCMapStringEx?$AA@ 000000018000fd30     libucrt:winapi_thunks.obj
 0002:00001d48       ??_C@_0BB@HBDEELFH@LocaleNameToLCID?$AA@ 000000018000fd48     libucrt:winapi_thunks.obj
 0002:00001d80       ??_C@_1M@HPNHIDJI@?$AAj?$AAa?$AA?9?$AAJ?$AAP?$AA?$AA@ 000000018000fd80     libucrt:mbctype.obj
 0002:00001d90       ??_C@_1M@BIBDDEMK@?$AAz?$AAh?$AA?9?$AAC?$AAN?$AA?$AA@ 000000018000fd90     libucrt:mbctype.obj
 0002:00001da0       ??_C@_1M@JLOOOEGK@?$AAk?$AAo?$AA?9?$AAK?$AAR?$AA?$AA@ 000000018000fda0     libucrt:mbctype.obj
 0002:00001db0       ??_C@_1M@CLNBBOPM@?$AAz?$AAh?$AA?9?$AAT?$AAW?$AA?$AA@ 000000018000fdb0     libucrt:mbctype.obj
 0002:00001dc0       __newctype                 000000018000fdc0     libucrt:ctype.obj
 0002:000020c0       __newclmap                 00000001800100c0     libucrt:ctype.obj
 0002:00002240       __newcumap                 0000000180010240     libucrt:ctype.obj
 0002:000023c0       ??_C@_15PJPFLCCM@?$AAu?$AAk?$AA?$AA@ 00000001800103c0     libucrt:get_qualified_locale.obj
 0002:00003210       ??_C@_15EMKDOKLE@?$AAa?$AAr?$AA?$AA@ 0000000180011210     libucrt:lcidtoname_downlevel.obj
 0002:00003218       ??_C@_15KNPADPLH@?$AAb?$AAg?$AA?$AA@ 0000000180011218     libucrt:lcidtoname_downlevel.obj
 0002:00003220       ??_C@_15EDMHLDMO@?$AAc?$AAa?$AA?$AA@ 0000000180011220     libucrt:lcidtoname_downlevel.obj
 0002:00003228       ??_C@_1O@BPEAJADD@?$AAz?$AAh?$AA?9?$AAC?$AAH?$AAS?$AA?$AA@ 0000000180011228     libucrt:lcidtoname_downlevel.obj
 0002:00003238       ??_C@_15LJNHCMNK@?$AAc?$AAs?$AA?$AA@ 0000000180011238     libucrt:lcidtoname_downlevel.obj
 0002:00003240       ??_C@_15FOMCIDHG@?$AAd?$AAa?$AA?$AA@ 0000000180011240     libucrt:lcidtoname_downlevel.obj
 0002:00003248       ??_C@_15NBKABECB@?$AAd?$AAe?$AA?$AA@ 0000000180011248     libucrt:lcidtoname_downlevel.obj
 0002:00003250       ??_C@_15GHPEIIAO@?$AAe?$AAl?$AA?$AA@ 0000000180011250     libucrt:lcidtoname_downlevel.obj
 0002:00003258       ??_C@_15MNPNEAIF@?$AAe?$AAn?$AA?$AA@ 0000000180011258     libucrt:lcidtoname_downlevel.obj
 0002:00003260       ??_C@_15GPIOMPMH@?$AAe?$AAs?$AA?$AA@ 0000000180011260     libucrt:lcidtoname_downlevel.obj
 0002:00003268       ??_C@_15NGLOAKJC@?$AAf?$AAi?$AA?$AA@ 0000000180011268     libucrt:lcidtoname_downlevel.obj
 0002:00003270       ??_C@_15FBKGNKAM@?$AAf?$AAr?$AA?$AA@ 0000000180011270     libucrt:lcidtoname_downlevel.obj
 0002:00003278       ??_C@_15KGGCNEFK@?$AAh?$AAe?$AA?$AA@ 0000000180011278     libucrt:lcidtoname_downlevel.obj
 0002:00003280       ??_C@_15PGHLIDMF@?$AAh?$AAu?$AA?$AA@ 0000000180011280     libucrt:lcidtoname_downlevel.obj
 0002:00003288       ??_C@_15BIEMAPLM@?$AAi?$AAs?$AA?$AA@ 0000000180011288     libucrt:lcidtoname_downlevel.obj
 0002:00003290       ??_C@_15IFJLDHAF@?$AAi?$AAt?$AA?$AA@ 0000000180011290     libucrt:lcidtoname_downlevel.obj
 0002:00003298       ??_C@_15GEMIOCAG@?$AAj?$AAa?$AA?$AA@ 0000000180011298     libucrt:lcidtoname_downlevel.obj
 0002:000032a0       ??_C@_15EPELEGJA@?$AAk?$AAo?$AA?$AA@ 00000001800112a0     libucrt:lcidtoname_downlevel.obj
 0002:000032a8       ??_C@_15NDDHIMN@?$AAn?$AAl?$AA?$AA@ 00000001800112a8     libucrt:lcidtoname_downlevel.obj
 0002:000032b0       ??_C@_15BPIGNHCD@?$AAn?$AAo?$AA?$AA@ 00000001800112b0     libucrt:lcidtoname_downlevel.obj
 0002:000032b8       ??_C@_15DEOPBLCG@?$AAp?$AAl?$AA?$AA@ 00000001800112b8     libucrt:lcidtoname_downlevel.obj
 0002:000032c0       ??_C@_15KBECGEFG@?$AAp?$AAt?$AA?$AA@ 00000001800112c0     libucrt:lcidtoname_downlevel.obj
 0002:000032c8       ??_C@_15GLJCBFMD@?$AAr?$AAo?$AA?$AA@ 00000001800112c8     libucrt:lcidtoname_downlevel.obj
 0002:000032d0       ??_C@_15FEDGKCDI@?$AAr?$AAu?$AA?$AA@ 00000001800112d0     libucrt:lcidtoname_downlevel.obj
 0002:000032d8       ??_C@_15GLKMLLHM@?$AAh?$AAr?$AA?$AA@ 00000001800112d8     libucrt:lcidtoname_downlevel.obj
 0002:000032e0       ??_C@_15CPKMFBDB@?$AAs?$AAk?$AA?$AA@ 00000001800112e0     libucrt:lcidtoname_downlevel.obj
 0002:000032e8       ??_C@_15BAAIOGMK@?$AAs?$AAq?$AA?$AA@ 00000001800112e8     libucrt:lcidtoname_downlevel.obj
 0002:000032f0       ??_C@_15INNPNOHD@?$AAs?$AAv?$AA?$AA@ 00000001800112f0     libucrt:lcidtoname_downlevel.obj
 0002:000032f8       ??_C@_15CABMMOGH@?$AAt?$AAh?$AA?$AA@ 00000001800112f8     libucrt:lcidtoname_downlevel.obj
 0002:00003300       ??_C@_15BPLIHJJM@?$AAt?$AAr?$AA?$AA@ 0000000180011300     libucrt:lcidtoname_downlevel.obj
 0002:00003308       ??_C@_15NEOEKKDJ@?$AAu?$AAr?$AA?$AA@ 0000000180011308     libucrt:lcidtoname_downlevel.obj
 0002:00003310       ??_C@_15NFICGAJK@?$AAi?$AAd?$AA?$AA@ 0000000180011310     libucrt:lcidtoname_downlevel.obj
 0002:00003318       ??_C@_15HPJPHDM@?$AAb?$AAe?$AA?$AA@ 0000000180011318     libucrt:lcidtoname_downlevel.obj
 0002:00003320       ??_C@_15LCHLGJII@?$AAs?$AAl?$AA?$AA@ 0000000180011320     libucrt:lcidtoname_downlevel.obj
 0002:00003328       ??_C@_15PCFJPHHO@?$AAe?$AAt?$AA?$AA@ 0000000180011328     libucrt:lcidtoname_downlevel.obj
 0002:00003330       ??_C@_15HPFPGODN@?$AAl?$AAv?$AA?$AA@ 0000000180011330     libucrt:lcidtoname_downlevel.obj
 0002:00003338       ??_C@_15NFFGKGLG@?$AAl?$AAt?$AA?$AA@ 0000000180011338     libucrt:lcidtoname_downlevel.obj
 0002:00003340       ??_C@_15BDAKCCHN@?$AAf?$AAa?$AA?$AA@ 0000000180011340     libucrt:lcidtoname_downlevel.obj
 0002:00003348       ??_C@_15NFGIAIAJ@?$AAv?$AAi?$AA?$AA@ 0000000180011348     libucrt:lcidtoname_downlevel.obj
 0002:00003350       ??_C@_15LMKNDMHN@?$AAh?$AAy?$AA?$AA@ 0000000180011350     libucrt:lcidtoname_downlevel.obj
 0002:00003358       ??_C@_15IJBHMCFL@?$AAa?$AAz?$AA?$AA@ 0000000180011358     libucrt:lcidtoname_downlevel.obj
 0002:00003360       ??_C@_15EKOFJABL@?$AAe?$AAu?$AA?$AA@ 0000000180011360     libucrt:lcidtoname_downlevel.obj
 0002:00003368       ??_C@_15BGHADCNK@?$AAm?$AAk?$AA?$AA@ 0000000180011368     libucrt:lcidtoname_downlevel.obj
 0002:00003370       ??_C@_15JDNICKHM@?$AAa?$AAf?$AA?$AA@ 0000000180011370     libucrt:lcidtoname_downlevel.obj
 0002:00003378       ??_C@_15KPJEDBKD@?$AAk?$AAa?$AA?$AA@ 0000000180011378     libucrt:lcidtoname_downlevel.obj
 0002:00003380       ??_C@_15PDNFFFEO@?$AAf?$AAo?$AA?$AA@ 0000000180011380     libucrt:lcidtoname_downlevel.obj
 0002:00003388       ??_C@_15OMLEGLOC@?$AAh?$AAi?$AA?$AA@ 0000000180011388     libucrt:lcidtoname_downlevel.obj
 0002:00003390       ??_C@_15IDNNENKK@?$AAm?$AAs?$AA?$AA@ 0000000180011390     libucrt:lcidtoname_downlevel.obj
 0002:00003398       ??_C@_15MACJNBMH@?$AAk?$AAk?$AA?$AA@ 0000000180011398     libucrt:lcidtoname_downlevel.obj
 0002:000033a0       ??_C@_15DKDJEOND@?$AAk?$AAy?$AA?$AA@ 00000001800113a0     libucrt:lcidtoname_downlevel.obj
 0002:000033a8       ??_C@_15DFGDLJBG@?$AAs?$AAw?$AA?$AA@ 00000001800113a8     libucrt:lcidtoname_downlevel.obj
 0002:000033b0       ??_C@_15BBFAICNG@?$AAu?$AAz?$AA?$AA@ 00000001800113b0     libucrt:lcidtoname_downlevel.obj
 0002:000033b8       ??_C@_15DKNDCGEA@?$AAt?$AAt?$AA?$AA@ 00000001800113b8     libucrt:lcidtoname_downlevel.obj
 0002:000033c0       ??_C@_15MGIFMDPL@?$AAp?$AAa?$AA?$AA@ 00000001800113c0     libucrt:lcidtoname_downlevel.obj
 0002:000033c8       ??_C@_15HCNDBBA@?$AAg?$AAu?$AA?$AA@ 00000001800113c8     libucrt:lcidtoname_downlevel.obj
 0002:000033d0       ??_C@_15FNBEIBON@?$AAt?$AAa?$AA?$AA@ 00000001800113d0     libucrt:lcidtoname_downlevel.obj
 0002:000033d8       ??_C@_15NCHGBGLK@?$AAt?$AAe?$AA?$AA@ 00000001800113d8     libucrt:lcidtoname_downlevel.obj
 0002:000033e0       ??_C@_15PHPHCBPF@?$AAk?$AAn?$AA?$AA@ 00000001800113e0     libucrt:lcidtoname_downlevel.obj
 0002:000033e8       ??_C@_15DLGBCKMP@?$AAm?$AAr?$AA?$AA@ 00000001800113e8     libucrt:lcidtoname_downlevel.obj
 0002:000033f0       ??_C@_15EABBLBFF@?$AAs?$AAa?$AA?$AA@ 00000001800113f0     libucrt:lcidtoname_downlevel.obj
 0002:000033f8       ??_C@_15CBKOMCOI@?$AAm?$AAn?$AA?$AA@ 00000001800113f8     libucrt:lcidtoname_downlevel.obj
 0002:00003400       ??_C@_15CKDMCJAF@?$AAg?$AAl?$AA?$AA@ 0000000180011400     libucrt:lcidtoname_downlevel.obj
 0002:00003408       ??_C@_17CNJFBPG@?$AAk?$AAo?$AAk?$AA?$AA@ 0000000180011408     libucrt:lcidtoname_downlevel.obj
 0002:00003410       ??_C@_17FFBJICPL@?$AAs?$AAy?$AAr?$AA?$AA@ 0000000180011410     libucrt:lcidtoname_downlevel.obj
 0002:00003418       ??_C@_17KPNDCPAF@?$AAd?$AAi?$AAv?$AA?$AA@ 0000000180011418     libucrt:lcidtoname_downlevel.obj
 0002:00003420       ??_C@_11LOCGONAA@?$AA?$AA@ 0000000180011420     libucrt:lcidtoname_downlevel.obj
 0002:00003428       ??_C@_1M@OKAHONE@?$AAa?$AAr?$AA?9?$AAS?$AAA?$AA?$AA@ 0000000180011428     libucrt:lcidtoname_downlevel.obj
 0002:00003438       ??_C@_1M@FFFIGIGK@?$AAb?$AAg?$AA?9?$AAB?$AAG?$AA?$AA@ 0000000180011438     libucrt:lcidtoname_downlevel.obj
 0002:00003448       ??_C@_1M@BJNKEDC@?$AAc?$AAa?$AA?9?$AAE?$AAS?$AA?$AA@ 0000000180011448     libucrt:lcidtoname_downlevel.obj
 0002:00003458       ??_C@_1M@IJJHFJHA@?$AAc?$AAs?$AA?9?$AAC?$AAZ?$AA?$AA@ 0000000180011458     libucrt:lcidtoname_downlevel.obj
 0002:00003468       ??_C@_1M@CLPEOBGI@?$AAd?$AAa?$AA?9?$AAD?$AAK?$AA?$AA@ 0000000180011468     libucrt:lcidtoname_downlevel.obj
 0002:00003478       ??_C@_1M@MCMADGCB@?$AAd?$AAe?$AA?9?$AAD?$AAE?$AA?$AA@ 0000000180011478     libucrt:lcidtoname_downlevel.obj
 0002:00003488       ??_C@_1M@OOCKEMAM@?$AAe?$AAl?$AA?9?$AAG?$AAR?$AA?$AA@ 0000000180011488     libucrt:lcidtoname_downlevel.obj
 0002:00003498       ??_C@_1M@DDNJFGID@?$AAf?$AAi?$AA?9?$AAF?$AAI?$AA?$AA@ 0000000180011498     libucrt:lcidtoname_downlevel.obj
 0002:000034a8       ??_C@_1M@GLIPPMAC@?$AAf?$AAr?$AA?9?$AAF?$AAR?$AA?$AA@ 00000001800114a8     libucrt:lcidtoname_downlevel.obj
 0002:000034b8       ??_C@_1M@GFMCHPE@?$AAh?$AAe?$AA?9?$AAI?$AAL?$AA?$AA@ 00000001800114b8     libucrt:lcidtoname_downlevel.obj
 0002:000034c8       ??_C@_1M@MHLPGNKM@?$AAh?$AAu?$AA?9?$AAH?$AAU?$AA?$AA@ 00000001800114c8     libucrt:lcidtoname_downlevel.obj
 0002:000034d8       ??_C@_1M@LPDDNNPN@?$AAi?$AAs?$AA?9?$AAI?$AAS?$AA?$AA@ 00000001800114d8     libucrt:lcidtoname_downlevel.obj
 0002:000034e8       ??_C@_1M@MADIPODN@?$AAi?$AAt?$AA?9?$AAI?$AAT?$AA?$AA@ 00000001800114e8     libucrt:lcidtoname_downlevel.obj
 0002:000034f8       ??_C@_1M@IHBJJGG@?$AAn?$AAl?$AA?9?$AAN?$AAL?$AA?$AA@ 00000001800114f8     libucrt:lcidtoname_downlevel.obj
 0002:00003508       ??_C@_1M@EANAGDL@?$AAn?$AAb?$AA?9?$AAN?$AAO?$AA?$AA@ 0000000180011508     libucrt:lcidtoname_downlevel.obj
 0002:00003518       ??_C@_1M@NEIEMEGP@?$AAp?$AAl?$AA?9?$AAP?$AAL?$AA?$AA@ 0000000180011518     libucrt:lcidtoname_downlevel.obj
 0002:00003528       ??_C@_1M@BOCFIGEP@?$AAp?$AAt?$AA?9?$AAB?$AAR?$AA?$AA@ 0000000180011528     libucrt:lcidtoname_downlevel.obj
 0002:00003538       ??_C@_1M@IMPFOPBG@?$AAr?$AAo?$AA?9?$AAR?$AAO?$AA?$AA@ 0000000180011538     libucrt:lcidtoname_downlevel.obj
 0002:00003548       ??_C@_1M@IDNNEJMM@?$AAr?$AAu?$AA?9?$AAR?$AAU?$AA?$AA@ 0000000180011548     libucrt:lcidtoname_downlevel.obj
 0002:00003558       ??_C@_1M@LILEEOGM@?$AAh?$AAr?$AA?9?$AAH?$AAR?$AA?$AA@ 0000000180011558     libucrt:lcidtoname_downlevel.obj
 0002:00003568       ??_C@_1M@FKIFEHPB@?$AAs?$AAk?$AA?9?$AAS?$AAK?$AA?$AA@ 0000000180011568     libucrt:lcidtoname_downlevel.obj
 0002:00003578       ??_C@_1M@LJMAMNPJ@?$AAs?$AAq?$AA?9?$AAA?$AAL?$AA?$AA@ 0000000180011578     libucrt:lcidtoname_downlevel.obj
 0002:00003588       ??_C@_1M@GIAKDKJK@?$AAs?$AAv?$AA?9?$AAS?$AAE?$AA?$AA@ 0000000180011588     libucrt:lcidtoname_downlevel.obj
 0002:00003598       ??_C@_1M@MKJKIKCL@?$AAt?$AAh?$AA?9?$AAT?$AAH?$AA?$AA@ 0000000180011598     libucrt:lcidtoname_downlevel.obj
 0002:000035a8       ??_C@_1M@MFLCCMPB@?$AAt?$AAr?$AA?9?$AAT?$AAR?$AA?$AA@ 00000001800115a8     libucrt:lcidtoname_downlevel.obj
 0002:000035b8       ??_C@_1M@OIJHDKJN@?$AAu?$AAr?$AA?9?$AAP?$AAK?$AA?$AA@ 00000001800115b8     libucrt:lcidtoname_downlevel.obj
[...]
 0004:00000720       $pdata$??R<lambda_ad1ced32f4ac17aa236e5ef05d6b3b7c>@@QEBAXXZ 000000018001c720     libucrt:mbctype.obj
 0004:0000072c       $pdata$?getSystemCP@@YAHH@Z 000000018001c72c     libucrt:mbctype.obj
 0004:00000738       $pdata$?setSBCS@@YAXPEAU__crt_multibyte_data@@@Z 000000018001c738     libucrt:mbctype.obj
 0004:00000744       $pdata$?setSBUpLow@@YAXPEAU__crt_multibyte_data@@@Z 000000018001c744     libucrt:mbctype.obj
 0004:00000750       $pdata$?setmbcp_internal@@YAHH_N@Z 000000018001c750     libucrt:mbctype.obj
 0004:0000075c       $pdata$__acrt_initialize_multibyte 000000018001c75c     libucrt:mbctype.obj
 0004:00000768       $pdata$__acrt_update_thread_multibyte_data 000000018001c768     libucrt:mbctype.obj
 0004:00000774       $pdata$_setmbcp_nolock     000000018001c774     libucrt:mbctype.obj
 0004:00000780       $pdata$?x_ismbbtype_l@@YAHPEAU__crt_locale_pointers@@IHH@Z 000000018001c780     libucrt:ismbbyte.obj
 0004:0000078c       $pdata$__acrt_initialize_command_line 000000018001c78c     libucrt:argv_data.obj
 0004:00000798       $pdata$__dcrt_get_narrow_environment_from_os 000000018001c798     libucrt:get_environment_from_os.obj
 0004:000007a4       $pdata$_recalloc_base      000000018001c7a4     libucrt:recalloc.obj
 0004:000007b0       $pdata$__acrt_initialize_heap 000000018001c7b0     libucrt:heap_handle.obj
 0004:000007bc       $pdata$?initialize_inherited_file_handles_nolock@@YAXXZ 000000018001c7bc     libucrt:ioinit.obj
 0004:000007c8       $pdata$?initialize_stdio_handles_nolock@@YAXXZ 000000018001c7c8     libucrt:ioinit.obj
 0004:000007d4       $pdata$__acrt_initialize_lowio 000000018001c7d4     libucrt:ioinit.obj
 0004:000007e0       $pdata$__acrt_uninitialize_lowio 000000018001c7e0     libucrt:ioinit.obj
 0004:000007ec       $pdata$__acrt_execute_initializers 000000018001c7ec     libucrt:shared_initialization.obj
 0004:000007f8       $pdata$__acrt_execute_uninitializers 000000018001c7f8     libucrt:shared_initialization.obj
 0004:00000804       $pdata$_callnewh           000000018001c804     libucrt:new_handler.obj
 0004:00000810       $pdata$_query_new_handler  000000018001c810     libucrt:new_handler.obj
 0004:0000081c       $pdata$??$?RV<lambda_c36588078e9f5dfd39652860aa6b3aaf>@@AEAV<lambda_ec61778202f4f5fc7e7711acc23c3bca>@@V<lambda_dc9d2797ccde5d239b4a0efae8ebd7db>@@@?$__crt_seh_guarded_call@P6AXH@Z@@QEAAP6AXH@Z$$QEAV<lambda_c36588078e9f5dfd39652860aa6b3aaf>@@AEAV<lambda_ec61778202f4f5fc7e7711acc23c3bca>@@$$QEAV<lambda_dc9d2797ccde5d239b4a0efae8ebd7db>@@@Z 000000018001c81c     libucrt:signal.obj
 0004:00000828       $pdata$__acrt_get_sigabrt_handler 000000018001c828     libucrt:signal.obj
 0004:00000834       $pdata$raise               000000018001c834     libucrt:signal.obj
 0004:00000840       $pdata$__acrt_invoke_user_matherr 000000018001c840     libucrt:matherr.obj
 0004:0000084c       $pdata$_mbtowc_l           000000018001c84c     libucrt:mbtowc.obj
 0004:00000858       $pdata$_fileno             000000018001c858     libucrt:fileno.obj
 0004:00000864       $pdata$__acrt_initialize_stdio 000000018001c864     libucrt:_file.obj
 0004:00000870       $pdata$__acrt_uninitialize_stdio 000000018001c870     libucrt:_file.obj
 0004:0000087c       $pdata$__pctype_func       000000018001c87c     libucrt:ctype.obj
 0004:00000888       $pdata$_isctype_l          000000018001c888     libucrt:isctype.obj
 0004:00000894       $pdata$_isleadbyte_l       000000018001c894     libucrt:_wctype.obj
 0004:000008a0       $pdata$?__acrt_LCMapStringA_stat@@YAHPEAU__crt_locale_pointers@@PEB_WKPEBDHPEADHHH@Z 000000018001c8a0     libucrt:lcmapstringa.obj
 0004:000008ac       $pdata$__acrt_LCMapStringA 000000018001c8ac     libucrt:lcmapstringa.obj
 0004:000008b8       $pdata$__acrt_free_locale  000000018001c8b8     libucrt:locale_refcounting.obj
 0004:000008c4       $pdata$__acrt_locale_free_lc_time_if_unreferenced 000000018001c8c4     libucrt:locale_refcounting.obj
 0004:000008d0       $pdata$__acrt_release_locale_ref 000000018001c8d0     libucrt:locale_refcounting.obj
 0004:000008dc       $pdata$__acrt_update_thread_locale_data 000000018001c8dc     libucrt:locale_refcounting.obj
 0004:000008e8       $pdata$_updatetlocinfoEx_nolock 000000018001c8e8     libucrt:locale_refcounting.obj
 0004:000008f4       $pdata$__acrt_locale_free_monetary 000000018001c8f4     libucrt:initmon.obj
 0004:00000900       $pdata$__acrt_locale_free_numeric 000000018001c900     libucrt:initnum.obj
 0004:0000090c       $pdata$?free_crt_array_internal@@YAXQEAPEBX_K@Z 000000018001c90c     libucrt:inittime.obj
 0004:00000918       $pdata$__acrt_locale_free_time 000000018001c918     libucrt:inittime.obj
 0004:00000924       $pdata$__acrt_GetStringTypeA 000000018001c924     libucrt:getstringtypea.obj
 0004:00000930       $pdata$?GetTableIndexFromLocaleName@@YAHPEB_W@Z 000000018001c930     libucrt:lcidtoname_downlevel.obj
 0004:0000093c       $pdata$__acrt_DownlevelLocaleNameToLCID 000000018001c93c     libucrt:lcidtoname_downlevel.obj
 0004:00000948       $pdata$?shortsort@@YAXPEAD0_KP6AHPEBX2@Z@Z 000000018001c948     libucrt:qsort.obj
 0004:00000954       $pdata$2$?shortsort@@YAXPEAD0_KP6AHPEBX2@Z@Z 000000018001c954     libucrt:qsort.obj
 0004:00000960       $pdata$3$?shortsort@@YAXPEAD0_KP6AHPEBX2@Z@Z 000000018001c960     libucrt:qsort.obj
 0004:0000096c       $pdata$qsort               000000018001c96c     libucrt:qsort.obj
 0004:00000978       $pdata$4$qsort             000000018001c978     libucrt:qsort.obj
 0004:00000984       $pdata$5$qsort             000000018001c984     libucrt:qsort.obj
 0004:00000990       $pdata$strncpy_s           000000018001c990     libucrt:strncpy_s.obj
 0004:0000099c       $pdata$strpbrk             000000018001c99c     libucrt:strpbrk.obj
 0004:000009a8       $pdata$_mbsdec_l           000000018001c9a8     libucrt:mbsdec.obj
 0004:000009b4       $pdata$?initialize_multibyte@@YAHXZ 000000018001c9b4     libucrt:multibyte_initializer.obj
 0004:000009c0       $pdata$_msize              000000018001c9c0     libucrt:msize.obj
 0004:000009cc       $pdata$_realloc_base       000000018001c9cc     libucrt:realloc_base.obj
 0004:000009d8       $pdata$__acrt_lowio_create_handle_array 000000018001c9d8     libucrt:osfinfo.obj
 0004:000009e4       $pdata$__acrt_lowio_destroy_handle_array 000000018001c9e4     libucrt:osfinfo.obj
 0004:000009f0       $pdata$__acrt_lowio_ensure_fh_exists 000000018001c9f0     libucrt:osfinfo.obj
 0004:000009fc       $pdata$_free_osfhnd        000000018001c9fc     libucrt:osfinfo.obj
 0004:00000a08       $pdata$_get_osfhandle      000000018001ca08     libucrt:osfinfo.obj
 0004:00000a14       $pdata$_isatty             000000018001ca14     libucrt:isatty.obj
 0004:00000a20       $pdata$__acrt_stdio_flush_nolock 000000018001ca20     libucrt:fflush.obj
 0004:00000a2c       $pdata$_fflush_nolock      000000018001ca2c     libucrt:fflush.obj
 0004:00000a38       $pdata$common_flush_all    000000018001ca38     libucrt:fflush.obj
 0004:00000a44       $pdata$_fcloseall          000000018001ca44     libucrt:closeall.obj
 0004:00000a50       $pdata$__acrt_stdio_free_buffer_nolock 000000018001ca50     libucrt:_freebuf.obj
 0004:00000a5c       $pdata$??$?RV<lambda_b521505b218e5242e90febf6bfebc422>@@AEAV<lambda_6978c1fb23f02e42e1d9e99668cc68aa>@@V<lambda_314360699dd331753a4119843814e9a7>@@@?$__crt_seh_guarded_call@H@@QEAAH$$QEAV<lambda_b521505b218e5242e90febf6bfebc422>@@AEAV<lambda_6978c1fb23f02e42e1d9e99668cc68aa>@@$$QEAV<lambda_314360699dd331753a4119843814e9a7>@@@Z 000000018001ca5c     libucrt:commit.obj
 0004:00000a68       $pdata$_commit             000000018001ca68     libucrt:commit.obj
 0004:00000a74       $pdata$?write_double_translated_ansi_nolock@@YA?AUwrite_result@?A0x9c548279@@HQEBDI@Z 000000018001ca74     libucrt:write.obj
 0004:00000a80       $pdata$?write_text_ansi_nolock@@YA?AUwrite_result@?A0x9c548279@@HQEBDI@Z 000000018001ca80     libucrt:write.obj
 0004:00000a8c       $pdata$?write_text_utf16le_nolock@@YA?AUwrite_result@?A0x9c548279@@HQEBDI@Z 000000018001ca8c     libucrt:write.obj
 0004:00000a98       $pdata$?write_text_utf8_nolock@@YA?AUwrite_result@?A0x9c548279@@HQEBDI@Z 000000018001ca98     libucrt:write.obj
 0004:00000aa4       $pdata$_write              000000018001caa4     libucrt:write.obj
 0004:00000ab0       $pdata$_write_nolock       000000018001cab0     libucrt:write.obj
 0004:00000ac8       $pdata$??$common_lseek_nolock@_J@@YA_JH_JH@Z 000000018001cac8     libucrt:lseek.obj
 0004:00000ad4       $pdata$_fclose_nolock      000000018001cad4     libucrt:fclose.obj
 0004:00000ae0       $pdata$fclose              000000018001cae0     libucrt:fclose.obj
 0004:00000aec       $pdata$_putwch_nolock      000000018001caec     libucrt:putwch.obj
 0004:00000af8       $pdata$_call_matherr       000000018001caf8     libucrt:libm_error.obj
 0004:00000b04       $pdata$_exception_enabled  000000018001cb04     libucrt:libm_error.obj
 0004:00000b10       $pdata$_handle_error       000000018001cb10     libucrt:libm_error.obj
 0004:00000b1c       $pdata$__acrt_initialize_fma3 000000018001cb1c     libucrt:fma3_available.obj
 0004:00000b28       $pdata$_log10_special      000000018001cb28     libucrt:log_special.obj
 0004:00000b34       $pdata$_log_special_common 000000018001cb34     libucrt:log_special.obj
 0004:00000b40       $pdata$??$?RV<lambda_bfedae4ebbf01fab1bb6dcc6a9e276e0>@@AEAV<lambda_2fe9b910cf3cbf4a0ab98a02ba45b3ec>@@V<lambda_237c231691f317818eb88cc1d5d642d6>@@@?$__crt_seh_guarded_call@H@@QEAAH$$QEAV<lambda_bfedae4ebbf01fab1bb6dcc6a9e276e0>@@AEAV<lambda_2fe9b910cf3cbf4a0ab98a02ba45b3ec>@@$$QEAV<lambda_237c231691f317818eb88cc1d5d642d6>@@@Z 000000018001cb40     libucrt:close.obj
 0004:00000b4c       $pdata$_close              000000018001cb4c     libucrt:close.obj
 0004:00000b58       $pdata$_close_nolock       000000018001cb58     libucrt:close.obj
 0004:00000b64       $pdata$__dcrt_lowio_initialize_console_output 000000018001cb64     libucrt:initcon.obj
 0004:00000b70       $pdata$__dcrt_terminate_console_output 000000018001cb70     libucrt:initcon.obj
 0004:00000b88       $pdata$_raise_exc          000000018001cb88     libucrt:fpexcept.obj
 0004:00000b94       $pdata$_raise_exc_ex       000000018001cb94     libucrt:fpexcept.obj
 0004:00000ba0       $pdata$_set_errno_from_matherr 000000018001cba0     libucrt:fpexcept.obj
 0004:00000bac       $pdata$_clrfp              000000018001cbac     libucrt:fpctrl.obj
 0004:00000bb8       $pdata$_ctrlfp             000000018001cbb8     libucrt:fpctrl.obj
 0004:00000bc4       $pdata$_set_statfp         000000018001cbc4     libucrt:fpctrl.obj
 0004:00000bd0       $pdata$_statfp             000000018001cbd0     libucrt:fpctrl.obj
 0004:00000bdc       $pdata$?DloadAcquireSectionWriteAccess@@YAXXZ 000000018001cbdc     DelayImp:delayhlp.obj
 0004:00000be8       $pdata$?DloadGetSRWLockFunctionPointers@@YAEXZ 000000018001cbe8     DelayImp:delayhlp.obj
 0004:00000bf4       $pdata$?DloadMakePermanentImageCommit@@YAXPEAX_K@Z 000000018001cbf4     DelayImp:delayhlp.obj
 0004:00000c00       $pdata$?DloadObtainSection@@YAPEAXPEAK0@Z 000000018001cc00     DelayImp:delayhlp.obj
 0004:00000c0c       $pdata$?DloadProtectSection@@YAXKPEAK@Z 000000018001cc0c     DelayImp:delayhlp.obj
 0004:00000c18       $pdata$?DloadReleaseSectionWriteAccess@@YAXXZ 000000018001cc18     DelayImp:delayhlp.obj
 0004:00000c24       $pdata$__delayLoadHelper2  000000018001cc24     DelayImp:delayhlp.obj
 0004:00000c30       $pdata$_IsNonwritableInCurrentImage 000000018001cc30     LIBCMT:pesect.obj
 0004:00000c3c       $pdata$__GSHandlerCheck    000000018001cc3c     LIBCMT:_gshandler_.obj
 0004:00000c48       $pdata$__GSHandlerCheckCommon 000000018001cc48     LIBCMT:_gshandler_.obj
 0004:00000c90       $pdata$_exp_special        000000018001cc90     libucrt:exp_special.obj
 0004:00000c9c       $pdata$_pow_special        000000018001cc9c     libucrt:pow_special.obj
 0004:00000cb4       $pdata$?fin$0@?0??dllmain_crt_process_attach@@YAHQEAUHINSTANCE__@@QEAX@Z@4HA 000000018001ccb4     LIBCMT:dll_dllmain.obj
 0004:00000cc0       $pdata$?fin$0@?0??dllmain_crt_process_detach@@YAH_N@Z@4HA 000000018001ccc0     LIBCMT:dll_dllmain.obj
 0004:00000ccc       $pdata$?filt$0@?0??dllmain_dispatch@@YAHQEAUHINSTANCE__@@KQEAX@Z@4HA 000000018001cccc     LIBCMT:dll_dllmain.obj
 0004:00000cd8       $pdata$__scrt_is_nonwritable_in_current_image$filt$0 000000018001ccd8     LIBCMT:utility.obj
 0004:00000ce4       $pdata$?filt$0@?0??common_exit@@YAXHW4_crt_exit_cleanup_mode@@W4_crt_exit_return_mode@@@Z@4HA 000000018001cce4     libucrt:exit.obj
 0004:00000cf0       $pdata$?fin$1@?0??common_exit@@YAXHW4_crt_exit_cleanup_mode@@W4_crt_exit_return_mode@@@Z@4HA 000000018001ccf0     libucrt:exit.obj
 0004:00000cfc       $pdata$?fin$0@?0???$?RV<lambda_e24bbb7b643b32fcea6fa61b31d4c984>@@AEAV<lambda_275893d493268fdec8709772e3fcec0e>@@V<lambda_9d71df4d7cf3f480f8d633942495c3b0>@@@?$__crt_seh_guarded_call@H@@QEAAH$$QEAV<lambda_e24bbb7b643b32fcea6fa61b31d4c984>@@AEAV<lambda_275893d493268fdec8709772e3fcec0e>@@$$QEAV<lambda_9d71df4d7cf3f480f8d633942495c3b0>@@@Z@4HA 000000018001ccfc     libucrt:onexit.obj
 0004:00000d08       $pdata$__acrt_update_thread_locale_data$fin$0 000000018001cd08     libucrt:locale_refcounting.obj
 0004:00000d08       $pdata$__acrt_uninitialize_locale$fin$0 000000018001cd08     libucrt:wsetlocale.obj
 0004:00000d14       $pdata$?fin$0@?0???$?RV<lambda_b8c45f8f788dd370798f47cfe8ac3a86>@@AEAV<lambda_4e60a939b0d047cfe11ddc22648dfba9>@@V<lambda_332c3edc96d0294ec56c57d38c1cdfd5>@@@?$__crt_seh_guarded_call@H@@QEAAH$$QEAV<lambda_b8c45f8f788dd370798f47cfe8ac3a86>@@AEAV<lambda_4e60a939b0d047cfe11ddc22648dfba9>@@$$QEAV<lambda_332c3edc96d0294ec56c57d38c1cdfd5>@@@Z@4HA 000000018001cd14     libucrt:onexit.obj
 0004:00000d14       $pdata$?fin$0@?0???$?RV<lambda_46352004c1216016012b18bd6f87e700>@@AEAV<lambda_3bd07e1a1191394380780325891bf33f>@@V<lambda_334532d3f185bcaa59b5be82d7d22bff>@@@?$__crt_seh_guarded_call@X@@QEAAX$$QEAV<lambda_46352004c1216016012b18bd6f87e700>@@AEAV<lambda_3bd07e1a1191394380780325891bf33f>@@$$QEAV<lambda_334532d3f185bcaa59b5be82d7d22bff>@@@Z@4HA 000000018001cd14     libucrt:per_thread_data.obj
 0004:00000d14       $pdata$?fin$0@?0???$?RV<lambda_fb3a7dec4e47f37f22dae91bb15c9095>@@AEAV<lambda_698284760c8add0bfb0756c19673e34b>@@V<lambda_dfb8eca1e75fef3034a8fb18dd509707>@@@?$__crt_seh_guarded_call@X@@QEAAX$$QEAV<lambda_fb3a7dec4e47f37f22dae91bb15c9095>@@AEAV<lambda_698284760c8add0bfb0756c19673e34b>@@$$QEAV<lambda_dfb8eca1e75fef3034a8fb18dd509707>@@@Z@4HA 000000018001cd14     libucrt:per_thread_data.obj
 0004:00000d14       $pdata$?fin$0@?0???$?RV<lambda_c36588078e9f5dfd39652860aa6b3aaf>@@AEAV<lambda_ec61778202f4f5fc7e7711acc23c3bca>@@V<lambda_dc9d2797ccde5d239b4a0efae8ebd7db>@@@?$__crt_seh_guarded_call@P6AXH@Z@@QEAAP6AXH@Z$$QEAV<lambda_c36588078e9f5dfd39652860aa6b3aaf>@@AEAV<lambda_ec61778202f4f5fc7e7711acc23c3bca>@@$$QEAV<lambda_dc9d2797ccde5d239b4a0efae8ebd7db>@@@Z@4HA 000000018001cd14     libucrt:signal.obj
 0004:00000d14       $pdata$?fin$0@?0???$?RV<lambda_5e887d1dcbef67a5eb4283622ba103bf>@@AEAV<lambda_4466841279450cc726390878d4a41900>@@V<lambda_341c25c0346d94847f1f3c463c57e077>@@@?$__crt_seh_guarded_call@X@@QEAAX$$QEAV<lambda_5e887d1dcbef67a5eb4283622ba103bf>@@AEAV<lambda_4466841279450cc726390878d4a41900>@@$$QEAV<lambda_341c25c0346d94847f1f3c463c57e077>@@@Z@4HA 000000018001cd14     libucrt:per_thread_data.obj
 0004:00000d14       $pdata$?fin$0@?0???$?RV<lambda_72d1df2b273a38828b1ce30cbf4cdab5>@@AEAV<lambda_876a65b173b8412d3a47c70a915b0cf4>@@V<lambda_41932305e351933ebe8f8be3ed8bb5dc>@@@?$__crt_seh_guarded_call@X@@QEAAX$$QEAV<lambda_72d1df2b273a38828b1ce30cbf4cdab5>@@AEAV<lambda_876a65b173b8412d3a47c70a915b0cf4>@@$$QEAV<lambda_41932305e351933ebe8f8be3ed8bb5dc>@@@Z@4HA 000000018001cd14     libucrt:per_thread_data.obj
 0004:00000d14       $pdata$?fin$0@?0???$?RV<lambda_99476a1ad63dd22509b5d3e65b0ffc95>@@AEAV<lambda_ad1ced32f4ac17aa236e5ef05d6b3b7c>@@V<lambda_f7424dd8d45958661754dc4f2697e9c3>@@@?$__crt_seh_guarded_call@X@@QEAAX$$QEAV<lambda_99476a1ad63dd22509b5d3e65b0ffc95>@@AEAV<lambda_ad1ced32f4ac17aa236e5ef05d6b3b7c>@@$$QEAV<lambda_f7424dd8d45958661754dc4f2697e9c3>@@@Z@4HA 000000018001cd14     libucrt:mbctype.obj
 0004:00000d20       $pdata$__acrt_update_thread_multibyte_data$fin$0 000000018001cd20     libucrt:mbctype.obj
 0004:00000d2c       $pdata$__acrt_lowio_ensure_fh_exists$fin$0 000000018001cd2c     libucrt:osfinfo.obj
 0004:00000d2c       $pdata$__acrt_initialize_lowio$fin$0 000000018001cd2c     libucrt:ioinit.obj
 0004:00000d38       $pdata$_query_new_handler$fin$0 000000018001cd38     libucrt:new_handler.obj
 0004:00000d44       $pdata$raise$fin$0         000000018001cd44     libucrt:signal.obj
 0004:00000d50       $pdata$common_flush_all$fin$0 000000018001cd50     libucrt:fflush.obj
 0004:00000d5c       $pdata$common_flush_all$fin$1 000000018001cd5c     libucrt:fflush.obj
 0004:00000d68       $pdata$_fcloseall$fin$0    000000018001cd68     libucrt:closeall.obj
 0004:00000d74       $pdata$?fin$0@?0???$?RV<lambda_b521505b218e5242e90febf6bfebc422>@@AEAV<lambda_6978c1fb23f02e42e1d9e99668cc68aa>@@V<lambda_314360699dd331753a4119843814e9a7>@@@?$__crt_seh_guarded_call@H@@QEAAH$$QEAV<lambda_b521505b218e5242e90febf6bfebc422>@@AEAV<lambda_6978c1fb23f02e42e1d9e99668cc68aa>@@$$QEAV<lambda_314360699dd331753a4119843814e9a7>@@@Z@4HA 000000018001cd74     libucrt:commit.obj
 0004:00000d74       $pdata$?fin$0@?0???$?RV<lambda_bfedae4ebbf01fab1bb6dcc6a9e276e0>@@AEAV<lambda_2fe9b910cf3cbf4a0ab98a02ba45b3ec>@@V<lambda_237c231691f317818eb88cc1d5d642d6>@@@?$__crt_seh_guarded_call@H@@QEAAH$$QEAV<lambda_bfedae4ebbf01fab1bb6dcc6a9e276e0>@@AEAV<lambda_2fe9b910cf3cbf4a0ab98a02ba45b3ec>@@$$QEAV<lambda_237c231691f317818eb88cc1d5d642d6>@@@Z@4HA 000000018001cd74     libucrt:close.obj
 0004:00000d80       $pdata$_write$fin$0        000000018001cd80     libucrt:write.obj
 0004:00000d8c       $pdata$fclose$fin$0        000000018001cd8c     libucrt:fclose.obj
 0004:00000d98       $pdata$_ctrlfp$filt$0      000000018001cd98     libucrt:fpctrl.obj
 0004:00000da4       $pdata$_IsNonwritableInCurrentImage$filt$0 000000018001cda4     LIBCMT:pesect.obj
 0005:00000000       __guard_fids__             000000018001d000     libucrt:initialization.obj
 0005:00000060       __guard_fids___acrt_initialize_ptd 000000018001d060     libucrt:per_thread_data.obj
 0005:00000064       __guard_fids_??$expand_argument_wildcards@D@@YAHQEAD0AEAV?$argument_list@D@?A0xca0879c4@@@Z 000000018001d064     libucrt:argv_wildcards.obj
 0005:00000068       __guard_fids__             000000018001d068     libucrt:locale_initializer.obj
 0005:0000006c       __guard_fids__             000000018001d06c     libucrt:multibyte_initializer.obj
 0005:00000070       __guard_fids__             000000018001d070     libucrt:stdio_initializer.obj
 0005:00000074       __guard_fids__             000000018001d074     libucrt:stdio_initializer.obj
 0005:00000078       __guard_fids__             000000018001d078     libucrt:fma3_initializer.obj
 0005:0000007c       __guard_fids__             000000018001d07c     libucrt:console_output_initializer.obj
 0005:00000080       __guard_fids_?dllmain_crt_process_attach@@YAHQEAUHINSTANCE__@@QEAX@Z 000000018001d080     LIBCMT:dll_dllmain.obj
 0005:00000088       __guard_fids_?dllmain_dispatch@@YAHQEAUHINSTANCE__@@KQEAX@Z 000000018001d088     LIBCMT:dll_dllmain.obj
 0005:0000008c       __guard_fids__             000000018001d08c     LIBCMT:guard_support.obj
 0005:00000090       __guard_fids___vcrt_initialize_ptd 000000018001d090     libvcruntime:per_thread_data.obj
 0006:00000060       $R000000                   000000018001e060     * linker generated manifest res *

 Exports

  ordinal    name

        1    _register_native_
