 native

 Timestamp is 5a8c50b2 (Tue Feb 20 17:45:38 2018)

 Preferred load address is 0000000180000000

 Start         Length     Name                   Class
 0001:00000000 0000ace0H .text$mn                CODE
 0001:0000ace0 00000020H .text$mn$00             CODE
 0001:0000ad00 00000260H .text$x                 CODE
 0002:00000000 00000248H .idata$5                DATA
 0002:00000248 00000010H .00cfg                  DATA
 0002:00000258 00000008H .CRT$XCA                DATA
 0002:00000260 00000008H .CRT$XCU                DATA
 0002:00000268 00000008H .CRT$XCZ                DATA
 0002:00000270 00000008H .CRT$XIA                DATA
 0002:00000278 00000018H .CRT$XIC                DATA
 0002:00000290 00000008H .CRT$XIZ                DATA
 0002:00000298 00000008H .CRT$XPA                DATA
 0002:000002a0 00000010H .CRT$XPX                DATA
 0002:000002b0 00000008H .CRT$XPXA               DATA
 0002:000002b8 00000008H .CRT$XPZ                DATA
 0002:000002c0 00000008H .CRT$XTA                DATA
 0002:000002c8 00000008H .CRT$XTZ                DATA
 0002:000002d0 00007128H .rdata                  DATA
 0002:000073f8 000001f4H .rdata$r                DATA
 0002:000075ec 000003d4H .rdata$zzzdbg           DATA
 0002:000079c0 00000008H .rtc$IAA                DATA
 0002:000079c8 00000008H .rtc$IZZ                DATA
 0002:000079d0 00000008H .rtc$TAA                DATA
 0002:000079d8 00000008H .rtc$TZZ                DATA
 0002:000079e0 00000b00H .xdata                  DATA
 0002:000084e0 000000ecH .xdata$x                DATA
 0002:000085cc 00000020H .didat$2                DATA
 0002:000085ec 00000024H .didat$3                DATA
 0002:00008610 00000080H .didat$4                DATA
 0002:00008690 00000390H .didat$6                DATA
 0002:00008a20 00000080H .didat$7                DATA
 0002:00008aa0 00000050H .edata                  DATA
 0002:00008af0 00000014H .idata$2                DATA
 0002:00008b04 00000014H .idata$3                DATA
 0002:00008b18 00000248H .idata$4                DATA
 0002:00008d60 0000054eH .idata$6                DATA
 0003:00000000 00000920H .data                   DATA
 0003:00000920 000000a0H .data$r                 DATA
 0003:000009c0 00000080H .didat$5                DATA
 0003:00000a40 000011e0H .bss                    DATA
 0004:00000000 00000de0H .pdata                  DATA
 0005:00000000 00000080H .gfids$x                DATA
 0005:00000080 00000030H .gfids$y                DATA
 0006:00000000 00000060H .rsrc$01                DATA
 0006:00000060 00000180H .rsrc$02                DATA

  Address         Publics by Value              Rva+Base               Lib:Object

 0000:00000000       __guard_iat_count          0000000000000000     <absolute>
 0000:00000000       __dynamic_value_reloc_table 0000000000000000     <absolute>
 0000:00000000       __guard_iat_table          0000000000000000     <absolute>
 0000:00000000       __guard_longjmp_table      0000000000000000     <absolute>
 0000:00000000       __guard_longjmp_count      0000000000000000     <absolute>
 0000:00000000       __guard_fids_count         0000000000000000     <absolute>
 0000:00000000       ___safe_se_handler_table   0000000000000000     <absolute>
 0000:00000000       ___safe_se_handler_count   0000000000000000     <absolute>
 0000:00000000       __guard_fids_table         0000000000000000     <absolute>
 0000:00000100       __guard_flags              0000000000000100     <absolute>
 0000:00000000       __ImageBase                0000000180000000     <linker-defined>
 0001:00000000       ?NODE_SET_METHOD@node@@YAXV?$Local@VObject@v8@@@v8@@PEBDP6AXAEBV?$FunctionCallbackInfo@VValue@v8@@@3@@Z@Z 0000000180001000 f i try2.obj
 0001:000000d0       ?initWeights@demo@@YAPEAPEANV?$Local@VArray@v8@@@v8@@@Z 00000001800010d0 f   try2.obj
 0001:000001b0       ?iterate@demo@@YAXAEBV?$FunctionCallbackInfo@VValue@v8@@@v8@@@Z 00000001800011b0 f   try2.obj
 0001:00000360       ?Init@demo@@YAXV?$Local@VObject@v8@@@v8@@@Z 0000000180001360 f   try2.obj
 0001:000003cc       __imp_load_?GetCurrent@Isolate@v8@@SAPEAV12@XZ 00000001800013cc f   node:node.exe
 0001:000003d8       __tailMerge_node_exe       00000001800013d8 f i node:node.exe
 0001:00000451       __imp_load_??1HandleScope@v8@@QEAA@XZ 0000000180001451 f   node:node.exe
 0001:0000045d       __imp_load_??0HandleScope@v8@@QEAA@PEAVIsolate@1@@Z 000000018000145d f   node:node.exe
 0001:00000469       __imp_load_?New@Array@v8@@SA?AV?$Local@VArray@v8@@@2@PEAVIsolate@2@H@Z 0000000180001469 f   node:node.exe
 0001:00000475       __imp_load_?Length@Array@v8@@QEBAIXZ 0000000180001475 f   node:node.exe
 0001:00000481       __imp_load_?GetFunction@FunctionTemplate@v8@@QEAA?AV?$Local@VFunction@v8@@@2@XZ 0000000180001481 f   node:node.exe
 0001:0000048d       __imp_load_?New@FunctionTemplate@v8@@SA?AV?$Local@VFunctionTemplate@v8@@@2@PEAVIsolate@2@P6AXAEBV?$FunctionCallbackInfo@VValue@v8@@@2@@ZV?$Local@VValue@v8@@@2@V?$Local@VSignature@v8@@@2@HW4ConstructorBehavior@2@@Z 000000018000148d f   node:node.exe
 0001:00000499       __imp_load_?NumberValue@Value@v8@@QEBANXZ 0000000180001499 f   node:node.exe
 0001:000004a5       __imp_load_?NewFromUtf8@String@v8@@SA?AV?$Local@VString@v8@@@2@PEAVIsolate@2@PEBDW4NewStringType@12@H@Z 00000001800014a5 f   node:node.exe
 0001:000004b1       __imp_load_?New@Number@v8@@SA?AV?$Local@VNumber@v8@@@2@PEAVIsolate@2@N@Z 00000001800014b1 f   node:node.exe
 0001:000004bd       __imp_load_?Get@Object@v8@@QEAA?AV?$Local@VValue@v8@@@2@I@Z 00000001800014bd f   node:node.exe
 0001:000004c9       __imp_load_?Set@Object@v8@@QEAA_NV?$Local@VValue@v8@@@2@0@Z 00000001800014c9 f   node:node.exe
 0001:000004d5       __imp_load_?Set@Object@v8@@QEAA_NIV?$Local@VValue@v8@@@2@@Z 00000001800014d5 f   node:node.exe
 0001:000004e1       __imp_load_?SetName@Function@v8@@QEAAXV?$Local@VString@v8@@@2@@Z 00000001800014e1 f   node:node.exe
 0001:000004ed       __imp_load_node_module_register 00000001800014ed f   node:node.exe
 0001:00000510       __security_check_cookie    0000000180001510 f   LIBCMT:_amdsecgs_.obj
 0001:00000534       ??_U@YAPEAX_K@Z            0000000180001534 f   LIBCMT:new_array.obj
 0001:00000888       _DllMainCRTStartup         0000000180001888 f   LIBCMT:dll_dllmain.obj
 0001:000008c8       __raise_securityfailure    00000001800018c8 f   LIBCMT:gs_report.obj
 0001:000008fc       __report_gsfailure         00000001800018fc f   LIBCMT:gs_report.obj
 0001:000009d0       __report_rangecheckfailure 00000001800019d0 f   LIBCMT:gs_report.obj
 0001:000009e4       __report_securityfailure   00000001800019e4 f   LIBCMT:gs_report.obj
 0001:00000b64       ??2@YAPEAX_K@Z             0000000180001b64 f   LIBCMT:new_scalar.obj
 0001:00000ba0       __scrt_acquire_startup_lock 0000000180001ba0 f   LIBCMT:utility.obj
 0001:00000bdc       __scrt_dllmain_after_initialize_c 0000000180001bdc f   LIBCMT:utility.obj
 0001:00000c10       __scrt_dllmain_before_initialize_c 0000000180001c10 f   LIBCMT:utility.obj
 0001:00000c28       __scrt_dllmain_crt_thread_attach 0000000180001c28 f   LIBCMT:utility.obj
 0001:00000c50       __scrt_dllmain_crt_thread_detach 0000000180001c50 f   LIBCMT:utility.obj
 0001:00000c68       __scrt_dllmain_exception_filter 0000000180001c68 f   LIBCMT:utility.obj
 0001:00000ccc       __scrt_dllmain_uninitialize_c 0000000180001ccc f   LIBCMT:utility.obj
 0001:00000cfc       __scrt_dllmain_uninitialize_critical 0000000180001cfc f   LIBCMT:utility.obj
 0001:00000d10       __scrt_initialize_crt      0000000180001d10 f   LIBCMT:utility.obj
 0001:00000d5c       __scrt_initialize_onexit_tables 0000000180001d5c f   LIBCMT:utility.obj
 0001:00000e28       __scrt_is_nonwritable_in_current_image 0000000180001e28 f   LIBCMT:utility.obj
 0001:00000ec4       __scrt_release_startup_lock 0000000180001ec4 f   LIBCMT:utility.obj
 0001:00000ee8       __scrt_uninitialize_crt    0000000180001ee8 f   LIBCMT:utility.obj
 0001:00000f14       _onexit                    0000000180001f14 f   LIBCMT:utility.obj
 0001:00000f64       atexit                     0000000180001f64 f   LIBCMT:utility.obj
 0001:00000f7c       __security_init_cookie     0000000180001f7c f   LIBCMT:gs_support.obj
 0001:00001028       ?__scrt_initialize_type_info@@YAXXZ 0000000180002028 f   LIBCMT:tncleanup.obj
 0001:00001038       ?__scrt_uninitialize_type_info@@YAXXZ 0000000180002038 f   LIBCMT:tncleanup.obj
 0001:00001044       __local_stdio_printf_options 0000000180002044 f i LIBCMT:default_local_stdio_options.obj
 0001:0000104c       __local_stdio_scanf_options 000000018000204c f i LIBCMT:default_local_stdio_options.obj
 0001:00001054       __scrt_initialize_default_local_stdio_options 0000000180002054 f   LIBCMT:default_local_stdio_options.obj
 0001:00001070       __scrt_get_dyn_tls_init_callback 0000000180002070 f   LIBCMT:dyn_tls_init.obj
 0001:00001078       __crt_debugger_hook        0000000180002078 f   LIBCMT:utility_desktop.obj
 0001:00001080       __scrt_fastfail            0000000180002080 f   LIBCMT:utility_desktop.obj
 0001:000011c8       _RTC_Initialize            00000001800021c8 f   LIBCMT:_initsect_.obj
 0001:00001214       _RTC_Terminate             0000000180002214 f   LIBCMT:_initsect_.obj
 0001:00001260       _guard_check_icall         0000000180002260 f i LIBCMT:checkcfg.obj
 0001:00001268       ??0bad_alloc@std@@QEAA@AEBV01@@Z 0000000180002268 f i LIBCMT:throw_bad_alloc.obj
 0001:000012a8       ??0bad_alloc@std@@QEAA@XZ  00000001800022a8 f i LIBCMT:throw_bad_alloc.obj
 0001:000012c8       ??0bad_array_new_length@std@@QEAA@AEBV01@@Z 00000001800022c8 f i LIBCMT:throw_bad_alloc.obj
 0001:00001308       ??0bad_array_new_length@std@@QEAA@XZ 0000000180002308 f i LIBCMT:throw_bad_alloc.obj
 0001:00001328       ??0exception@std@@QEAA@AEBV01@@Z 0000000180002328 f i LIBCMT:throw_bad_alloc.obj
 0001:00001360       ??1bad_array_new_length@std@@UEAA@XZ 0000000180002360 f i LIBCMT:throw_bad_alloc.obj
 0001:00001360       ??1bad_alloc@std@@UEAA@XZ  0000000180002360 f i LIBCMT:throw_bad_alloc.obj
 0001:00001374       ??_Gbad_alloc@std@@UEAAPEAXI@Z 0000000180002374 f i LIBCMT:throw_bad_alloc.obj
 0001:00001374       ??_Gexception@std@@UEAAPEAXI@Z 0000000180002374 f i LIBCMT:throw_bad_alloc.obj
 0001:00001374       ??_Eexception@std@@UEAAPEAXI@Z 0000000180002374 f i LIBCMT:throw_bad_alloc.obj
 0001:00001374       ??_Ebad_array_new_length@std@@UEAAPEAXI@Z 0000000180002374 f i LIBCMT:throw_bad_alloc.obj
 0001:00001374       ??_Gbad_array_new_length@std@@UEAAPEAXI@Z 0000000180002374 f i LIBCMT:throw_bad_alloc.obj
 0001:00001374       ??_Ebad_alloc@std@@UEAAPEAXI@Z 0000000180002374 f i LIBCMT:throw_bad_alloc.obj
 0001:000013b8       ?__scrt_throw_std_bad_alloc@@YAXXZ 00000001800023b8 f   LIBCMT:throw_bad_alloc.obj
 0001:000013d8       ?__scrt_throw_std_bad_array_new_length@@YAXXZ 00000001800023d8 f   LIBCMT:throw_bad_alloc.obj
 0001:000013f8       ?what@exception@std@@UEBAPEBDXZ 00000001800023f8 f i LIBCMT:throw_bad_alloc.obj
 0001:0000140c       __isa_available_init       000000018000240c f   LIBCMT:_cpu_disp_.obj
 0001:000015d4       DllMain                    00000001800025d4 f   LIBCMT:dll_dllmain_stub.obj
 0001:000015d4       _get_startup_argv_mode     00000001800025d4 f   LIBCMT:argv_mode.obj
 0001:000015dc       __scrt_is_ucrt_dll_in_use  00000001800025dc f   LIBCMT:ucrt_detection.obj
 0001:000015e8       ??3@YAXPEAX_K@Z            00000001800025e8 f   LIBCMT:delete_scalar_size.obj
 0001:000015f0       ??_Gtype_info@@UEAAPEAXI@Z 00000001800025f0 f i LIBCMT:std_type_info_static.obj
 0001:000015f0       ??_Etype_info@@UEAAPEAXI@Z 00000001800025f0 f i LIBCMT:std_type_info_static.obj
 0001:00001620       ??3@YAXPEAX@Z              0000000180002620 f   LIBCMT:delete_scalar.obj
 0001:00001628       __C_specific_handler       0000000180002628 f   libvcruntime:_chandler_.obj
 0001:00001824       __vcrt_initialize          0000000180002824 f   libvcruntime:initialization.obj
 0001:00001858       __vcrt_thread_attach       0000000180002858 f   libvcruntime:initialization.obj
 0001:0000186c       __vcrt_thread_detach       000000018000286c f   libvcruntime:initialization.obj
 0001:00001880       __vcrt_uninitialize        0000000180002880 f   libvcruntime:initialization.obj
 0001:000018a0       __vcrt_uninitialize_critical 00000001800028a0 f   libvcruntime:initialization.obj
 0001:000018b0       __std_type_info_destroy_list 00000001800028b0 f   libvcruntime:std_type_info.obj
 0001:000018f0       memset                     00000001800028f0 f   libvcruntime:memset.obj
 0001:00001a90       __std_exception_copy       0000000180002a90 f   libvcruntime:std_exception.obj
 0001:00001b20       __std_exception_destroy    0000000180002b20 f   libvcruntime:std_exception.obj
 0001:00001b48       _CxxThrowException         0000000180002b48 f   libvcruntime:throw.obj
 0001:00001c30       _local_unwind              0000000180002c30 f   libvcruntime:_jmpuwind_.obj
 0001:00001c60       _NLG_Notify                0000000180002c60 f   libvcruntime:_jmpuwind_.obj
 0001:00001c80       __NLG_Dispatch2            0000000180002c80 f   libvcruntime:_jmpuwind_.obj
 0001:00001c90       __NLG_Return2              0000000180002c90 f   libvcruntime:_jmpuwind_.obj
 0001:00001c94       _guard_check_icall_nop     0000000180002c94 f   LIBCMT:guard_support.obj
 0001:00001c94       __except_validate_context_record 0000000180002c94 f   libvcruntime:jbcxrval.obj
 0001:00001c98       __vcrt_freefls             0000000180002c98 f   libvcruntime:per_thread_data.obj
 0001:00001cb8       __vcrt_freeptd             0000000180002cb8 f   libvcruntime:per_thread_data.obj
 0001:00001d08       __vcrt_getptd_noexit       0000000180002d08 f   libvcruntime:per_thread_data.obj
 0001:00001dc0       __vcrt_initialize_ptd      0000000180002dc0 f   libvcruntime:per_thread_data.obj
 0001:00001e00       __vcrt_uninitialize_ptd    0000000180002e00 f   libvcruntime:per_thread_data.obj
 0001:00001e24       __vcrt_initialize_locks    0000000180002e24 f   libvcruntime:locks.obj
 0001:00001e6c       __vcrt_uninitialize_locks  0000000180002e6c f   libvcruntime:locks.obj
 0001:0000206c       __vcrt_FlsAlloc            000000018000306c f   libvcruntime:winapi_downlevel.obj
 0001:000020c0       __vcrt_FlsFree             00000001800030c0 f   libvcruntime:winapi_downlevel.obj
 0001:00002114       __vcrt_FlsGetValue         0000000180003114 f   libvcruntime:winapi_downlevel.obj
 0001:00002168       __vcrt_FlsSetValue         0000000180003168 f   libvcruntime:winapi_downlevel.obj
 0001:000021d0       __vcrt_InitializeCriticalSectionEx 00000001800031d0 f   libvcruntime:winapi_downlevel.obj
 0001:00002248       __vcrt_initialize_winapi_thunks 0000000180003248 f   libvcruntime:winapi_downlevel.obj
 0001:00002294       __vcrt_uninitialize_winapi_thunks 0000000180003294 f   libvcruntime:winapi_downlevel.obj
 0001:000022d4       __vcrt_initialize_pure_virtual_call_handler 00000001800032d4 f   libvcruntime:purevirt_data.obj
 0001:000022f8       ??0_LocaleUpdate@@QEAA@QEAU__crt_locale_pointers@@@Z 00000001800032f8 f i libucrt:stricmp.obj
 0001:00002388       __ascii_stricmp            0000000180003388 f   libucrt:stricmp.obj
 0001:000023c4       _stricmp                   00000001800033c4 f   libucrt:stricmp.obj
 0001:0000240c       _stricmp_l                 000000018000340c f   libucrt:stricmp.obj
 0001:000024c0       _initterm                  00000001800034c0 f   libucrt:initterm.obj
 0001:00002538       _initterm_e                0000000180003538 f   libucrt:initterm.obj
 0001:00002584       __acrt_initialize_new_handler 0000000180003584 f   libucrt:new_handler.obj
 0001:0000258c       _callnewh                  000000018000358c f   libucrt:new_handler.obj
 0001:000025cc       _query_new_handler         00000001800035cc f   libucrt:new_handler.obj
 0001:00002600       malloc                     0000000180003600 f   libucrt:malloc.obj
 0001:00002608       _seh_filter_dll            0000000180003608 f   libucrt:exception_filter.obj
 0001:0000261c       _seh_filter_exe            000000018000361c f   libucrt:exception_filter.obj
 0001:000029dc       __acrt_initialize_thread_local_exit_callback 00000001800039dc f   libucrt:exit.obj
 0001:000029e4       _cexit                     00000001800039e4 f   libucrt:exit.obj
 0001:000029f4       _exit                      00000001800039f4 f   libucrt:exit.obj
 0001:00002a00       _is_c_termination_complete 0000000180003a00 f   libucrt:exit.obj
 0001:00002bc4       __acrt_allocate_buffer_for_argv 0000000180003bc4 f   libucrt:argv_parsing.obj
 0001:00002c28       _configure_narrow_argv     0000000180003c28 f   libucrt:argv_parsing.obj
 0001:00002f84       __dcrt_uninitialize_environments_nolock 0000000180003f84 f   libucrt:environment_initialization.obj
 0001:00002fbc       _initialize_narrow_environment 0000000180003fbc f   libucrt:environment_initialization.obj
 0001:00002fc4       ??$?RV<lambda_b8c45f8f788dd370798f47cfe8ac3a86>@@AEAV<lambda_4e60a939b0d047cfe11ddc22648dfba9>@@V<lambda_332c3edc96d0294ec56c57d38c1cdfd5>@@@?$__crt_seh_guarded_call@H@@QEAAH$$QEAV<lambda_b8c45f8f788dd370798f47cfe8ac3a86>@@AEAV<lambda_4e60a939b0d047cfe11ddc22648dfba9>@@$$QEAV<lambda_332c3edc96d0294ec56c57d38c1cdfd5>@@@Z 0000000180003fc4 f i libucrt:onexit.obj
 0001:00003000       ??$?RV<lambda_e24bbb7b643b32fcea6fa61b31d4c984>@@AEAV<lambda_275893d493268fdec8709772e3fcec0e>@@V<lambda_9d71df4d7cf3f480f8d633942495c3b0>@@@?$__crt_seh_guarded_call@H@@QEAAH$$QEAV<lambda_e24bbb7b643b32fcea6fa61b31d4c984>@@AEAV<lambda_275893d493268fdec8709772e3fcec0e>@@$$QEAV<lambda_9d71df4d7cf3f480f8d633942495c3b0>@@@Z 0000000180004000 f i libucrt:onexit.obj
 0001:0000337c       _crt_atexit                000000018000437c f   libucrt:onexit.obj
 0001:0000338c       _execute_onexit_table      000000018000438c f   libucrt:onexit.obj
 0001:000033c8       _initialize_onexit_table   00000001800043c8 f   libucrt:onexit.obj
 0001:00003408       _register_onexit_function  0000000180004408 f   libucrt:onexit.obj
 0001:00003488       __acrt_uninitialize_command_line 0000000180004488 f   libucrt:argv_data.obj
 0001:00003588       __acrt_initialize          0000000180004588 f   libucrt:initialization.obj
 0001:0000359c       __acrt_thread_attach       000000018000459c f   libucrt:initialization.obj
 0001:000035b0       __acrt_thread_detach       00000001800045b0 f   libucrt:initialization.obj
 0001:000035c0       __acrt_uninitialize        00000001800045c0 f   libucrt:initialization.obj
 0001:000035d4       __acrt_uninitialize_critical 00000001800045d4 f   libucrt:initialization.obj
 0001:000035e4       terminate                  00000001800045e4 f   libucrt:terminate.obj
 0001:0000360c       free                       000000018000460c f   libucrt:free.obj
 0001:00003614       _free_base                 0000000180004614 f   libucrt:free_base.obj
 0001:00003654       _malloc_base               0000000180004654 f   libucrt:malloc_base.obj
 0001:000036b4       strcpy_s                   00000001800046b4 f   libucrt:strcpy_s.obj
 0001:00003714       abort                      0000000180004714 f   libucrt:abort.obj
 0001:0000376c       _calloc_base               000000018000476c f   libucrt:calloc_base.obj
 0001:000037e4       __acrt_call_reportfault    00000001800047e4 f   libucrt:invalid_parameter.obj
 0001:00003940       __acrt_initialize_invalid_parameter_handler 0000000180004940 f   libucrt:invalid_parameter.obj
 0001:00003948       _invalid_parameter         0000000180004948 f   libucrt:invalid_parameter.obj
 0001:000039f0       _invalid_parameter_noinfo  00000001800049f0 f   libucrt:invalid_parameter.obj
 0001:00003a10       _invoke_watson             0000000180004a10 f   libucrt:invalid_parameter.obj
 0001:00003a58       __acrt_errno_from_os_error 0000000180004a58 f   libucrt:errno.obj
 0001:00003aa0       __acrt_errno_map_os_error  0000000180004aa0 f   libucrt:errno.obj
 0001:00003af0       __doserrno                 0000000180004af0 f   libucrt:errno.obj
 0001:00003b10       _errno                     0000000180004b10 f   libucrt:errno.obj
 0001:00003b80       _tolower_l                 0000000180004b80 f   libucrt:tolower_toupper.obj
 0001:00003cc0       ??$?RV<lambda_46352004c1216016012b18bd6f87e700>@@AEAV<lambda_3bd07e1a1191394380780325891bf33f>@@V<lambda_334532d3f185bcaa59b5be82d7d22bff>@@@?$__crt_seh_guarded_call@X@@QEAAX$$QEAV<lambda_46352004c1216016012b18bd6f87e700>@@AEAV<lambda_3bd07e1a1191394380780325891bf33f>@@$$QEAV<lambda_334532d3f185bcaa59b5be82d7d22bff>@@@Z 0000000180004cc0 f i libucrt:per_thread_data.obj
 0001:00003d20       ??$?RV<lambda_5e887d1dcbef67a5eb4283622ba103bf>@@AEAV<lambda_4466841279450cc726390878d4a41900>@@V<lambda_341c25c0346d94847f1f3c463c57e077>@@@?$__crt_seh_guarded_call@X@@QEAAX$$QEAV<lambda_5e887d1dcbef67a5eb4283622ba103bf>@@AEAV<lambda_4466841279450cc726390878d4a41900>@@$$QEAV<lambda_341c25c0346d94847f1f3c463c57e077>@@@Z 0000000180004d20 f i libucrt:per_thread_data.obj
 0001:00003d68       ??$?RV<lambda_72d1df2b273a38828b1ce30cbf4cdab5>@@AEAV<lambda_876a65b173b8412d3a47c70a915b0cf4>@@V<lambda_41932305e351933ebe8f8be3ed8bb5dc>@@@?$__crt_seh_guarded_call@X@@QEAAX$$QEAV<lambda_72d1df2b273a38828b1ce30cbf4cdab5>@@AEAV<lambda_876a65b173b8412d3a47c70a915b0cf4>@@$$QEAV<lambda_41932305e351933ebe8f8be3ed8bb5dc>@@@Z 0000000180004d68 f i libucrt:per_thread_data.obj
 0001:00003da8       ??$?RV<lambda_fb3a7dec4e47f37f22dae91bb15c9095>@@AEAV<lambda_698284760c8add0bfb0756c19673e34b>@@V<lambda_dfb8eca1e75fef3034a8fb18dd509707>@@@?$__crt_seh_guarded_call@X@@QEAAX$$QEAV<lambda_fb3a7dec4e47f37f22dae91bb15c9095>@@AEAV<lambda_698284760c8add0bfb0756c19673e34b>@@$$QEAV<lambda_dfb8eca1e75fef3034a8fb18dd509707>@@@Z 0000000180004da8 f i libucrt:per_thread_data.obj
 0001:00004038       __acrt_freeptd             0000000180005038 f   libucrt:per_thread_data.obj
 0001:0000407c       __acrt_getptd              000000018000507c f   libucrt:per_thread_data.obj
 0001:00004110       __acrt_getptd_noexit       0000000180005110 f   libucrt:per_thread_data.obj
 0001:000041b0       __acrt_initialize_ptd      00000001800051b0 f   libucrt:per_thread_data.obj
 0001:000041ec       __acrt_uninitialize_ptd    00000001800051ec f   libucrt:per_thread_data.obj
 0001:00004210       __acrt_update_locale_info  0000000180005210 f   libucrt:locale_update.obj
 0001:00004244       __acrt_update_multibyte_info 0000000180005244 f   libucrt:locale_update.obj
 0001:00004278       __acrt_set_locale_changed  0000000180005278 f   libucrt:wsetlocale.obj
 0001:00004284       __acrt_uninitialize_locale 0000000180005284 f   libucrt:wsetlocale.obj
 0001:000042cc       __acrt_initialize_locks    00000001800052cc f   libucrt:locks.obj
 0001:00004314       __acrt_lock                0000000180005314 f   libucrt:locks.obj
 0001:00004330       __acrt_uninitialize_locks  0000000180005330 f   libucrt:locks.obj
 0001:00004368       __acrt_unlock              0000000180005368 f   libucrt:locks.obj
 0001:00004524       __acrt_FlsAlloc            0000000180005524 f   libucrt:winapi_thunks.obj
 0001:0000457c       __acrt_FlsFree             000000018000557c f   libucrt:winapi_thunks.obj
 0001:000045d4       __acrt_FlsGetValue         00000001800055d4 f   libucrt:winapi_thunks.obj
 0001:0000462c       __acrt_FlsSetValue         000000018000562c f   libucrt:winapi_thunks.obj
 0001:00004694       __acrt_InitializeCriticalSectionEx 0000000180005694 f   libucrt:winapi_thunks.obj
 0001:0000470c       __acrt_LCMapStringEx       000000018000570c f   libucrt:winapi_thunks.obj
 0001:000047fc       __acrt_LocaleNameToLCID    00000001800057fc f   libucrt:winapi_thunks.obj
 0001:00004864       __acrt_initialize_winapi_thunks 0000000180005864 f   libucrt:winapi_thunks.obj
 0001:0000489c       __acrt_is_packaged_app     000000018000589c f   libucrt:winapi_thunks.obj
 0001:00004924       __acrt_uninitialize_winapi_thunks 0000000180005924 f   libucrt:winapi_thunks.obj
 0001:00004e44       ?expand_if_necessary@?$argument_list@D@?A0xca0879c4@@AEAAHXZ 0000000180005e44 f i libucrt:argv_wildcards.obj
 0001:00004f0c       __acrt_expand_narrow_argv_wildcards 0000000180005f0c f   libucrt:argv_wildcards.obj
 0001:00004f14       ??$?RV<lambda_99476a1ad63dd22509b5d3e65b0ffc95>@@AEAV<lambda_ad1ced32f4ac17aa236e5ef05d6b3b7c>@@V<lambda_f7424dd8d45958661754dc4f2697e9c3>@@@?$__crt_seh_guarded_call@X@@QEAAX$$QEAV<lambda_99476a1ad63dd22509b5d3e65b0ffc95>@@AEAV<lambda_ad1ced32f4ac17aa236e5ef05d6b3b7c>@@$$QEAV<lambda_f7424dd8d45958661754dc4f2697e9c3>@@@Z 0000000180005f14 f i libucrt:mbctype.obj
 0001:00005610       __acrt_initialize_multibyte 0000000180006610 f   libucrt:mbctype.obj
 0001:00005638       __acrt_update_thread_multibyte_data 0000000180006638 f   libucrt:mbctype.obj
 0001:000056f8       _setmbcp_nolock            00000001800066f8 f   libucrt:mbctype.obj
 0001:00005a18       _ismbblead                 0000000180006a18 f   libucrt:ismbbyte.obj
 0001:00005a2c       __acrt_initialize_command_line 0000000180006a2c f   libucrt:argv_data.obj
 0001:00005a54       __dcrt_get_narrow_environment_from_os 0000000180006a54 f   libucrt:get_environment_from_os.obj
 0001:00005b58       _recalloc                  0000000180006b58 f   libucrt:recalloc.obj
 0001:00005b60       _recalloc_base             0000000180006b60 f   libucrt:recalloc.obj
 0001:00005bf8       __acrt_initialize_heap     0000000180006bf8 f   libucrt:heap_handle.obj
 0001:00005c14       __acrt_uninitialize_heap   0000000180006c14 f   libucrt:heap_handle.obj
 0001:00005e08       __acrt_initialize_lowio    0000000180006e08 f   libucrt:ioinit.obj
 0001:00005e44       __acrt_uninitialize_lowio  0000000180006e44 f   libucrt:ioinit.obj
 0001:00005e84       __acrt_execute_initializers 0000000180006e84 f   libucrt:shared_initialization.obj
 0001:00005f18       __acrt_execute_uninitializers 0000000180006f18 f   libucrt:shared_initialization.obj
 0001:00005f68       ??$?RV<lambda_c36588078e9f5dfd39652860aa6b3aaf>@@AEAV<lambda_ec61778202f4f5fc7e7711acc23c3bca>@@V<lambda_dc9d2797ccde5d239b4a0efae8ebd7db>@@@?$__crt_seh_guarded_call@P6AXH@Z@@QEAAP6AXH@Z$$QEAV<lambda_c36588078e9f5dfd39652860aa6b3aaf>@@AEAV<lambda_ec61778202f4f5fc7e7711acc23c3bca>@@$$QEAV<lambda_dc9d2797ccde5d239b4a0efae8ebd7db>@@@Z 0000000180006f68 f i libucrt:signal.obj
 0001:00005fb0       __acrt_get_sigabrt_handler 0000000180006fb0 f   libucrt:signal.obj
 0001:00005fe0       __acrt_initialize_signal_handlers 0000000180006fe0 f   libucrt:signal.obj
 0001:00006000       raise                      0000000180007000 f   libucrt:signal.obj
 0001:0000629c       __acrt_has_user_matherr    000000018000729c f   libucrt:matherr.obj
 0001:000062bc       __acrt_initialize_user_matherr 00000001800072bc f   libucrt:matherr.obj
 0001:000062c4       __acrt_invoke_user_matherr 00000001800072c4 f   libucrt:matherr.obj
 0001:0000630c       _query_new_mode            000000018000730c f   libucrt:new_mode.obj
 0001:00006314       _mbtowc_l                  0000000180007314 f   libucrt:mbtowc.obj
 0001:0000645c       mbtowc                     000000018000745c f   libucrt:mbtowc.obj
 0001:00006464       _fileno                    0000000180007464 f   libucrt:fileno.obj
 0001:0000648c       __acrt_initialize_stdio    000000018000748c f   libucrt:_file.obj
 0001:000065ac       __acrt_uninitialize_stdio  00000001800075ac f   libucrt:_file.obj
 0001:00006608       _lock_file                 0000000180007608 f   libucrt:_file.obj
 0001:00006614       _unlock_file               0000000180007614 f   libucrt:_file.obj
 0001:00006620       __pctype_func              0000000180007620 f   libucrt:ctype.obj
 0001:00006650       _isctype_l                 0000000180007650 f   libucrt:isctype.obj
 0001:00006760       _isleadbyte_l              0000000180007760 f i libucrt:_wctype.obj
 0001:00006afc       __acrt_LCMapStringA        0000000180007afc f   libucrt:lcmapstringa.obj
 0001:00006b94       __acrt_add_locale_ref      0000000180007b94 f   libucrt:locale_refcounting.obj
 0001:00006c20       __acrt_free_locale         0000000180007c20 f   libucrt:locale_refcounting.obj
 0001:00006d98       __acrt_locale_add_lc_time_reference 0000000180007d98 f   libucrt:locale_refcounting.obj
 0001:00006dc0       __acrt_locale_free_lc_time_if_unreferenced 0000000180007dc0 f   libucrt:locale_refcounting.obj
 0001:00006df8       __acrt_locale_release_lc_time_reference 0000000180007df8 f   libucrt:locale_refcounting.obj
 0001:00006e20       __acrt_release_locale_ref  0000000180007e20 f   libucrt:locale_refcounting.obj
 0001:00006ec8       __acrt_update_thread_locale_data 0000000180007ec8 f   libucrt:locale_refcounting.obj
 0001:00006f38       _updatetlocinfoEx_nolock   0000000180007f38 f   libucrt:locale_refcounting.obj
 0001:00006fa0       __acrt_locale_free_monetary 0000000180007fa0 f   libucrt:initmon.obj
 0001:000070ac       __acrt_locale_free_numeric 00000001800080ac f   libucrt:initnum.obj
 0001:00007170       __acrt_locale_free_time    0000000180008170 f   libucrt:inittime.obj
 0001:00007278       __acrt_GetStringTypeA      0000000180008278 f   libucrt:getstringtypea.obj
 0001:000074f4       __acrt_DownlevelLocaleNameToLCID 00000001800084f4 f   libucrt:lcidtoname_downlevel.obj
 0001:00007600       qsort                      0000000180008600 f   libucrt:qsort.obj
 0001:00007934       strncpy_s                  0000000180008934 f   libucrt:strncpy_s.obj
 0001:00007a08       strpbrk                    0000000180008a08 f   libucrt:strpbrk.obj
 0001:00007aa8       _mbsdec                    0000000180008aa8 f   libucrt:mbsdec.obj
 0001:00007ab0       _mbsdec_l                  0000000180008ab0 f   libucrt:mbsdec.obj
 0001:00007b60       _msize                     0000000180008b60 f   libucrt:msize.obj
 0001:00007b9c       _realloc_base              0000000180008b9c f   libucrt:realloc_base.obj
 0001:00007c20       __acrt_lowio_create_handle_array 0000000180008c20 f   libucrt:osfinfo.obj
 0001:00007cb8       __acrt_lowio_destroy_handle_array 0000000180008cb8 f   libucrt:osfinfo.obj
 0001:00007d08       __acrt_lowio_ensure_fh_exists 0000000180008d08 f   libucrt:osfinfo.obj
 0001:00007dc0       __acrt_lowio_lock_fh       0000000180008dc0 f   libucrt:osfinfo.obj
 0001:00007de4       __acrt_lowio_unlock_fh     0000000180008de4 f   libucrt:osfinfo.obj
 0001:00007e08       _free_osfhnd               0000000180008e08 f   libucrt:osfinfo.obj
 0001:00007ec4       _get_osfhandle             0000000180008ec4 f   libucrt:osfinfo.obj
 0001:00007f3c       _isatty                    0000000180008f3c f   libucrt:isatty.obj
 0001:00007f9c       __acrt_stdio_flush_nolock  0000000180008f9c f   libucrt:fflush.obj
 0001:00008014       _fflush_nolock             0000000180009014 f   libucrt:fflush.obj
 0001:00008060       _flushall                  0000000180009060 f   libucrt:fflush.obj
 0001:00008150       _fcloseall                 0000000180009150 f   libucrt:closeall.obj
 0001:00008204       __acrt_stdio_free_buffer_nolock 0000000180009204 f   libucrt:_freebuf.obj
 0001:00008244       __strncnt                  0000000180009244 f   libucrt:strncnt.obj
 0001:0000825c       _query_app_type            000000018000925c f   libucrt:report_runtime_error.obj
 0001:00008264       ??$?RV<lambda_b521505b218e5242e90febf6bfebc422>@@AEAV<lambda_6978c1fb23f02e42e1d9e99668cc68aa>@@V<lambda_314360699dd331753a4119843814e9a7>@@@?$__crt_seh_guarded_call@H@@QEAAH$$QEAV<lambda_b521505b218e5242e90febf6bfebc422>@@AEAV<lambda_6978c1fb23f02e42e1d9e99668cc68aa>@@$$QEAV<lambda_314360699dd331753a4119843814e9a7>@@@Z 0000000180009264 f i libucrt:commit.obj
 0001:000082f0       _commit                    00000001800092f0 f   libucrt:commit.obj
 0001:00008924       _write                     0000000180009924 f   libucrt:write.obj
 0001:00008a10       _write_nolock              0000000180009a10 f   libucrt:write.obj
 0001:00008d00       log10                      0000000180009d00 f   libucrt:log10.obj
 0001:00009348       _lseeki64_nolock           000000018000a348 f   libucrt:lseek.obj
 0001:00009350       _fclose_nolock             000000018000a350 f   libucrt:fclose.obj
 0001:000093d4       fclose                     000000018000a3d4 f   libucrt:fclose.obj
 0001:00009440       _putwch_nolock             000000018000a440 f   libucrt:putwch.obj
 0001:000095c0       _handle_error              000000018000a5c0 f   libucrt:libm_error.obj
 0001:000096f0       __acrt_initialize_fma3     000000018000a6f0 f   libucrt:fma3_available.obj
 0001:00009760       _log10_special             000000018000a760 f   libucrt:log_special.obj
 0001:00009818       ??$?RV<lambda_bfedae4ebbf01fab1bb6dcc6a9e276e0>@@AEAV<lambda_2fe9b910cf3cbf4a0ab98a02ba45b3ec>@@V<lambda_237c231691f317818eb88cc1d5d642d6>@@@?$__crt_seh_guarded_call@H@@QEAAH$$QEAV<lambda_bfedae4ebbf01fab1bb6dcc6a9e276e0>@@AEAV<lambda_2fe9b910cf3cbf4a0ab98a02ba45b3ec>@@$$QEAV<lambda_237c231691f317818eb88cc1d5d642d6>@@@Z 000000018000a818 f i libucrt:close.obj
 0001:0000988c       _close                     000000018000a88c f   libucrt:close.obj
 0001:00009930       _close_nolock              000000018000a930 f   libucrt:close.obj
 0001:000099ec       ?__acrt_stdio_free_stream@@YAXV__crt_stdio_stream@@@Z 000000018000a9ec f   libucrt:stream.obj
 0001:00009a30       __dcrt_lowio_initialize_console_output 000000018000aa30 f   libucrt:initcon.obj
 0001:00009a6c       __dcrt_terminate_console_output 000000018000aa6c f   libucrt:initcon.obj
 0001:00009aa0       _get_fpsr                  000000018000aaa0 f   libucrt:fpsr.obj
 0001:00009ab0       _set_fpsr                  000000018000aab0 f   libucrt:fpsr.obj
 0001:00009aba       _fclrf                     000000018000aaba f   libucrt:fpsr.obj
 0001:00009ace       _frnd                      000000018000aace f   libucrt:fpsr.obj
 0001:00009af0       _raise_exc                 000000018000aaf0 f   libucrt:fpexcept.obj
 0001:00009b18       _raise_exc_ex              000000018000ab18 f   libucrt:fpexcept.obj
 0001:00009e20       _set_errno_from_matherr    000000018000ae20 f   libucrt:fpexcept.obj
 0001:00009e50       _clrfp                     000000018000ae50 f   libucrt:fpctrl.obj
 0001:00009e70       _ctrlfp                    000000018000ae70 f   libucrt:fpctrl.obj
 0001:00009eec       _set_statfp                000000018000aeec f   libucrt:fpctrl.obj
 0001:00009f0c       _statfp                    000000018000af0c f   libucrt:fpctrl.obj
 0001:00009f1e       IsProcessorFeaturePresent  000000018000af1e f   kernel32:KERNEL32.dll
 0001:00009f24       RtlUnwindEx                000000018000af24 f   kernel32:KERNEL32.dll
 0001:00009f2c       ?DloadAcquireSectionWriteAccess@@YAXXZ 000000018000af2c f i DelayImp:delayhlp.obj
 0001:00009fe8       ?DloadGetSRWLockFunctionPointers@@YAEXZ 000000018000afe8 f i DelayImp:delayhlp.obj
 0001:0000a084       ?DloadMakePermanentImageCommit@@YAXPEAX_K@Z 000000018000b084 f i DelayImp:delayhlp.obj
 0001:0000a11c       ?DloadObtainSection@@YAPEAXPEAK0@Z 000000018000b11c f i DelayImp:delayhlp.obj
 0001:0000a1b4       ?DloadProtectSection@@YAXKPEAK@Z 000000018000b1b4 f i DelayImp:delayhlp.obj
 0001:0000a244       ?DloadReleaseSectionWriteAccess@@YAXXZ 000000018000b244 f i DelayImp:delayhlp.obj
 0001:0000a2e8       __delayLoadHelper2         000000018000b2e8 f   DelayImp:delayhlp.obj
 0001:0000a5f0       _FindPESection             000000018000b5f0 f   LIBCMT:pesect.obj
 0001:0000a640       _IsNonwritableInCurrentImage 000000018000b640 f   LIBCMT:pesect.obj
 0001:0000a690       _ValidateImageBase         000000018000b690 f   LIBCMT:pesect.obj
 0001:0000a6c0       __GSHandlerCheck           000000018000b6c0 f   LIBCMT:_gshandler_.obj
 0001:0000a6e0       __GSHandlerCheckCommon     000000018000b6e0 f   LIBCMT:_gshandler_.obj
 0001:0000a750       _alloca_probe              000000018000b750 f   LIBCMT:_chkstk_.obj
 0001:0000a750       __chkstk                   000000018000b750 f   LIBCMT:_chkstk_.obj
 0001:0000a7c0       memcpy                     000000018000b7c0 f   libvcruntime:memcpy.obj
 0001:0000a7c0       memmove                    000000018000b7c0 f   libvcruntime:memcpy.obj
 0001:0000ac10       memcmp                     000000018000bc10 f   libvcruntime:memcmp.obj
 0001:0000acf0       _guard_dispatch_icall_nop  000000018000bcf0 f   LIBCMT:_guard_dispatch_.obj
 0002:00000000       __imp_GetModuleHandleA     000000018000c000     kernel32:KERNEL32.dll
 0002:00000008       __imp_RtlCaptureContext    000000018000c008     kernel32:KERNEL32.dll
 0002:00000010       __imp_RtlLookupFunctionEntry 000000018000c010     kernel32:KERNEL32.dll
 0002:00000018       __imp_RtlVirtualUnwind     000000018000c018     kernel32:KERNEL32.dll
 0002:00000020       __imp_UnhandledExceptionFilter 000000018000c020     kernel32:KERNEL32.dll
 0002:00000028       __imp_SetUnhandledExceptionFilter 000000018000c028     kernel32:KERNEL32.dll
 0002:00000030       __imp_GetCurrentProcess    000000018000c030     kernel32:KERNEL32.dll
 0002:00000038       __imp_TerminateProcess     000000018000c038     kernel32:KERNEL32.dll
 0002:00000040       __imp_IsProcessorFeaturePresent 000000018000c040     kernel32:KERNEL32.dll
 0002:00000048       __imp_QueryPerformanceCounter 000000018000c048     kernel32:KERNEL32.dll
 0002:00000050       __imp_GetCurrentProcessId  000000018000c050     kernel32:KERNEL32.dll
 0002:00000058       __imp_GetCurrentThreadId   000000018000c058     kernel32:KERNEL32.dll
 0002:00000060       __imp_GetSystemTimeAsFileTime 000000018000c060     kernel32:KERNEL32.dll
 0002:00000068       __imp_InitializeSListHead  000000018000c068     kernel32:KERNEL32.dll
 0002:00000070       __imp_IsDebuggerPresent    000000018000c070     kernel32:KERNEL32.dll
 0002:00000078       __imp_GetStartupInfoW      000000018000c078     kernel32:KERNEL32.dll
 0002:00000080       __imp_GetModuleHandleW     000000018000c080     kernel32:KERNEL32.dll
 0002:00000088       __imp_RtlUnwindEx          000000018000c088     kernel32:KERNEL32.dll
 0002:00000090       __imp_InterlockedFlushSList 000000018000c090     kernel32:KERNEL32.dll
 0002:00000098       __imp_RtlPcToFileHeader    000000018000c098     kernel32:KERNEL32.dll
 0002:000000a0       __imp_RaiseException       000000018000c0a0     kernel32:KERNEL32.dll
 0002:000000a8       __imp_GetLastError         000000018000c0a8     kernel32:KERNEL32.dll
 0002:000000b0       __imp_SetLastError         000000018000c0b0     kernel32:KERNEL32.dll
 0002:000000b8       __imp_EnterCriticalSection 000000018000c0b8     kernel32:KERNEL32.dll
 0002:000000c0       __imp_LeaveCriticalSection 000000018000c0c0     kernel32:KERNEL32.dll
 0002:000000c8       __imp_DeleteCriticalSection 000000018000c0c8     kernel32:KERNEL32.dll
 0002:000000d0       __imp_InitializeCriticalSectionAndSpinCount 000000018000c0d0     kernel32:KERNEL32.dll
 0002:000000d8       __imp_TlsAlloc             000000018000c0d8     kernel32:KERNEL32.dll
 0002:000000e0       __imp_TlsGetValue          000000018000c0e0     kernel32:KERNEL32.dll
 0002:000000e8       __imp_TlsSetValue          000000018000c0e8     kernel32:KERNEL32.dll
 0002:000000f0       __imp_TlsFree              000000018000c0f0     kernel32:KERNEL32.dll
 0002:000000f8       __imp_FreeLibrary          000000018000c0f8     kernel32:KERNEL32.dll
 0002:00000100       __imp_GetProcAddress       000000018000c100     kernel32:KERNEL32.dll
 0002:00000108       __imp_LoadLibraryExW       000000018000c108     kernel32:KERNEL32.dll
 0002:00000110       __imp_ExitProcess          000000018000c110     kernel32:KERNEL32.dll
 0002:00000118       __imp_GetModuleHandleExW   000000018000c118     kernel32:KERNEL32.dll
 0002:00000120       __imp_GetModuleFileNameA   000000018000c120     kernel32:KERNEL32.dll
 0002:00000128       __imp_MultiByteToWideChar  000000018000c128     kernel32:KERNEL32.dll
 0002:00000130       __imp_WideCharToMultiByte  000000018000c130     kernel32:KERNEL32.dll
 0002:00000138       __imp_HeapFree             000000018000c138     kernel32:KERNEL32.dll
 0002:00000140       __imp_HeapAlloc            000000018000c140     kernel32:KERNEL32.dll
 0002:00000148       __imp_GetACP               000000018000c148     kernel32:KERNEL32.dll
 0002:00000150       __imp_LCMapStringW         000000018000c150     kernel32:KERNEL32.dll
 0002:00000158       __imp_FindClose            000000018000c158     kernel32:KERNEL32.dll
 0002:00000160       __imp_FindFirstFileExA     000000018000c160     kernel32:KERNEL32.dll
 0002:00000168       __imp_FindNextFileA        000000018000c168     kernel32:KERNEL32.dll
 0002:00000170       __imp_IsValidCodePage      000000018000c170     kernel32:KERNEL32.dll
 0002:00000178       __imp_GetOEMCP             000000018000c178     kernel32:KERNEL32.dll
 0002:00000180       __imp_GetCPInfo            000000018000c180     kernel32:KERNEL32.dll
 0002:00000188       __imp_GetCommandLineA      000000018000c188     kernel32:KERNEL32.dll
 0002:00000190       __imp_GetCommandLineW      000000018000c190     kernel32:KERNEL32.dll
 0002:00000198       __imp_GetEnvironmentStringsW 000000018000c198     kernel32:KERNEL32.dll
 0002:000001a0       __imp_FreeEnvironmentStringsW 000000018000c1a0     kernel32:KERNEL32.dll
 0002:000001a8       __imp_GetProcessHeap       000000018000c1a8     kernel32:KERNEL32.dll
 0002:000001b0       __imp_GetStdHandle         000000018000c1b0     kernel32:KERNEL32.dll
 0002:000001b8       __imp_GetFileType          000000018000c1b8     kernel32:KERNEL32.dll
 0002:000001c0       __imp_GetStringTypeW       000000018000c1c0     kernel32:KERNEL32.dll
 0002:000001c8       __imp_HeapSize             000000018000c1c8     kernel32:KERNEL32.dll
 0002:000001d0       __imp_HeapReAlloc          000000018000c1d0     kernel32:KERNEL32.dll
 0002:000001d8       __imp_SetStdHandle         000000018000c1d8     kernel32:KERNEL32.dll
 0002:000001e0       __imp_WriteFile            000000018000c1e0     kernel32:KERNEL32.dll
 0002:000001e8       __imp_FlushFileBuffers     000000018000c1e8     kernel32:KERNEL32.dll
 0002:000001f0       __imp_GetConsoleCP         000000018000c1f0     kernel32:KERNEL32.dll
 0002:000001f8       __imp_GetConsoleMode       000000018000c1f8     kernel32:KERNEL32.dll
 0002:00000200       __imp_SetFilePointerEx     000000018000c200     kernel32:KERNEL32.dll
 0002:00000208       __imp_CloseHandle          000000018000c208     kernel32:KERNEL32.dll
 0002:00000210       __imp_WriteConsoleW        000000018000c210     kernel32:KERNEL32.dll
 0002:00000218       __imp_CreateFileW          000000018000c218     kernel32:KERNEL32.dll
 0002:00000220       __imp_GetSystemInfo        000000018000c220     kernel32:KERNEL32.dll
 0002:00000228       __imp_VirtualProtect       000000018000c228     kernel32:KERNEL32.dll
 0002:00000230       __imp_VirtualQuery         000000018000c230     kernel32:KERNEL32.dll
 0002:00000238       __imp_LoadLibraryExA       000000018000c238     kernel32:KERNEL32.dll
 0002:00000240       \177KERNEL32_NULL_THUNK_DATA 000000018000c240     kernel32:KERNEL32.dll
 0002:00000248       __guard_check_icall_fptr   000000018000c248     LIBCMT:guard_support.obj
 0002:00000250       __guard_dispatch_icall_fptr 000000018000c250     LIBCMT:guard_support.obj
 0002:00000258       __xc_a                     000000018000c258     LIBCMT:initializers.obj
 0002:00000260       _register_native_          000000018000c260     try2.obj
 0002:00000268       __xc_z                     000000018000c268     LIBCMT:initializers.obj
 0002:00000270       __xi_a                     000000018000c270     LIBCMT:initializers.obj
 0002:00000278       __acrt_multibyte_initializer 000000018000c278     libucrt:multibyte_initializer.obj
 0002:00000280       __acrt_stdio_initializer   000000018000c280     libucrt:stdio_initializer.obj
 0002:00000288       __acrt_tran_fma3_initializer 000000018000c288     libucrt:fma3_initializer.obj
 0002:00000290       __xi_z                     000000018000c290     LIBCMT:initializers.obj
 0002:00000298       __xp_a                     000000018000c298     LIBCMT:initializers.obj
 0002:000002a0       __acrt_locale_terminator   000000018000c2a0     libucrt:locale_initializer.obj
 0002:000002a8       __dcrt_console_output_terminator 000000018000c2a8     libucrt:console_output_initializer.obj
 0002:000002b0       __acrt_stdio_terminator    000000018000c2b0     libucrt:stdio_initializer.obj
 0002:000002b8       __xp_z                     000000018000c2b8     LIBCMT:initializers.obj
 0002:000002c0       __xt_a                     000000018000c2c0     LIBCMT:initializers.obj
 0002:000002c8       __xt_z                     000000018000c2c8     LIBCMT:initializers.obj
 0002:000002d0       __sz_node_exe              000000018000c2d0     node:node.exe
 0002:000002e0       _pDefaultRawDllMain        000000018000c2e0     LIBCMT:dll_dllmain.obj
 0002:000002e0       _pRawDllMain               000000018000c2e0     LIBCMT:dll_dllmain.obj
 0002:00000300       ??_7exception@std@@6B@     000000018000c300     LIBCMT:throw_bad_alloc.obj
 0002:00000310       ??_C@_0BC@EOODALEL@Unknown?5exception?$AA@ 000000018000c310     LIBCMT:throw_bad_alloc.obj
 0002:00000330       ??_7bad_alloc@std@@6B@     000000018000c330     LIBCMT:throw_bad_alloc.obj
 0002:00000340       ??_C@_0P@GHFPNOJB@bad?5allocation?$AA@ 000000018000c340     LIBCMT:throw_bad_alloc.obj
 0002:00000358       ??_7bad_array_new_length@std@@6B@ 000000018000c358     LIBCMT:throw_bad_alloc.obj
 0002:00000368       ??_C@_0BF@KINCDENJ@bad?5array?5new?5length?$AA@ 000000018000c368     LIBCMT:throw_bad_alloc.obj
 0002:00000388       ??_7type_info@@6B@         000000018000c388     LIBCMT:std_type_info_static.obj
 0002:000003f0       ??_C@_1BC@DNHGCMLG@?$AAa?$AAd?$AAv?$AAa?$AAp?$AAi?$AA3?$AA2?$AA?$AA@ 000000018000c3f0     libvcruntime:winapi_downlevel.obj
 0002:00000408       ??_C@_1DM@KHCHBNEB@?$AAa?$AAp?$AAi?$AA?9?$AAm?$AAs?$AA?9?$AAw?$AAi?$AAn?$AA?9?$AAc?$AAo?$AAr?$AAe?$AA?9?$AAf?$AAi?$AAb?$AAe?$AAr?$AAs?$AA?9?$AAl?$AA1?$AA?9?$AA1?$AA?9?$AA1?$AA?$AA@ 000000018000c408     libvcruntime:winapi_downlevel.obj
 0002:00000448       ??_C@_1DK@LPPGFMPP@?$AAa?$AAp?$AAi?$AA?9?$AAm?$AAs?$AA?9?$AAw?$AAi?$AAn?$AA?9?$AAc?$AAo?$AAr?$AAe?$AA?9?$AAs?$AAy?$AAn?$AAc?$AAh?$AA?9?$AAl?$AA1?$AA?9?$AA2?$AA?9?$AA0?$AA?$AA@ 000000018000c448     libvcruntime:winapi_downlevel.obj
 0002:00000488       ??_C@_1BC@GDMECMAK@?$AAk?$AAe?$AAr?$AAn?$AAe?$AAl?$AA3?$AA2?$AA?$AA@ 000000018000c488     libvcruntime:winapi_downlevel.obj
 0002:000004a8       ??_C@_08KNHFBNJ@FlsAlloc?$AA@ 000000018000c4a8     libvcruntime:winapi_downlevel.obj
 0002:000004c0       ??_C@_07PEJMOBNF@FlsFree?$AA@ 000000018000c4c0     libvcruntime:winapi_downlevel.obj
 0002:000004d0       ??_C@_0M@GDNOONDI@FlsGetValue?$AA@ 000000018000c4d0     libvcruntime:winapi_downlevel.obj
 0002:000004e8       ??_C@_0M@JCPCPOEF@FlsSetValue?$AA@ 000000018000c4e8     libvcruntime:winapi_downlevel.obj
 0002:00000500       ??_C@_0BM@HCFOFFN@InitializeCriticalSectionEx?$AA@ 000000018000c500     libvcruntime:winapi_downlevel.obj
 0002:00000840       ??_C@_08EHJDFFNH@__based?$CI?$AA@ 000000018000c840     libvcruntime:undname.obj
 0002:00000850       ??_C@_07KOLFKCDI@__cdecl?$AA@ 000000018000c850     libvcruntime:undname.obj
 0002:00000858       ??_C@_08GHMPAG@__pascal?$AA@ 000000018000c858     libvcruntime:undname.obj
 0002:00000868       ??_C@_09IFJBGAPI@__stdcall?$AA@ 000000018000c868     libvcruntime:undname.obj
 0002:00000878       ??_C@_0L@NPHFGOKO@__thiscall?$AA@ 000000018000c878     libvcruntime:undname.obj
 0002:00000888       ??_C@_0L@JMKHOMEK@__fastcall?$AA@ 000000018000c888     libvcruntime:undname.obj
 0002:00000898       ??_C@_0N@BCKKPABJ@__vectorcall?$AA@ 000000018000c898     libvcruntime:undname.obj
 0002:000008a8       ??_C@_09HIJEGCPM@__clrcall?$AA@ 000000018000c8a8     libvcruntime:undname.obj
 0002:000008b4       ??_C@_06GHPCKEAG@__eabi?$AA@ 000000018000c8b4     libvcruntime:undname.obj
 0002:000008c0       ??_C@_07JOMMBBKO@__ptr64?$AA@ 000000018000c8c0     libvcruntime:undname.obj
 0002:000008c8       ??_C@_0L@PILCLIHE@__restrict?$AA@ 000000018000c8c8     libvcruntime:undname.obj
 0002:000008d8       ??_C@_0M@GFIIJFMG@__unaligned?$AA@ 000000018000c8d8     libvcruntime:undname.obj
 0002:000008e8       ??_C@_09DHDLOLLB@restrict?$CI?$AA@ 000000018000c8e8     libvcruntime:undname.obj
 0002:000008f2       ??_C@_00CNPNBAHC@?$AA@     000000018000c8f2     libvcruntime:undname.obj
 0002:000008f4       ??_C@_04NIHEBCM@?5new?$AA@ 000000018000c8f4     libvcruntime:undname.obj
 0002:00000900       ??_C@_07FPCDHGMM@?5delete?$AA@ 000000018000c900     libvcruntime:undname.obj
 0002:00000908       ??_C@_01NEMOKFLO@?$DN?$AA@ 000000018000c908     libvcruntime:undname.obj
 0002:0000090c       ??_C@_02GPIOPFAK@?$DO?$DO?$AA@ 000000018000c90c     libvcruntime:undname.obj
 0002:00000910       ??_C@_02FODMEDOG@?$DM?$DM?$AA@ 000000018000c910     libvcruntime:undname.obj
 0002:00000914       ??_C@_01DCLJPIOD@?$CB?$AA@ 000000018000c914     libvcruntime:undname.obj
 0002:00000918       ??_C@_02EGOFBIJA@?$DN?$DN?$AA@ 000000018000c918     libvcruntime:undname.obj
 0002:0000091c       ??_C@_02FDNJECIE@?$CB?$DN?$AA@ 000000018000c91c     libvcruntime:undname.obj
 0002:00000920       ??_C@_02GPECMEKF@?$FL?$FN?$AA@ 000000018000c920     libvcruntime:undname.obj
 0002:00000928       ??_C@_08LHJFAFGD@operator?$AA@ 000000018000c928     libvcruntime:undname.obj
 0002:00000934       ??_C@_02HBOOOICD@?9?$DO?$AA@ 000000018000c934     libvcruntime:undname.obj
 0002:00000938       ??_C@_01NBENCBCI@?$CK?$AA@ 000000018000c938     libvcruntime:undname.obj
 0002:0000093c       ??_C@_02ECNGHCIF@?$CL?$CL?$AA@ 000000018000c93c     libvcruntime:undname.obj
 0002:00000940       ??_C@_02BAABKJLB@?9?9?$AA@ 000000018000c940     libvcruntime:undname.obj
 0002:00000944       ??_C@_01JOAMLHOP@?9?$AA@   000000018000c944     libvcruntime:undname.obj
 0002:00000948       ??_C@_01MIFGBAGJ@?$CL?$AA@ 000000018000c948     libvcruntime:undname.obj
 0002:0000094c       ??_C@_01HNPIGOCE@?$CG?$AA@ 000000018000c94c     libvcruntime:undname.obj
 0002:00000950       ??_C@_03MNHNFDLC@?9?$DO?$CK?$AA@ 000000018000c950     libvcruntime:undname.obj
 0002:00000954       ??_C@_01KMDKNFGN@?1?$AA@   000000018000c954     libvcruntime:undname.obj
 0002:00000958       ??_C@_01FGNFDNOH@?$CF?$AA@ 000000018000c958     libvcruntime:undname.obj
 0002:0000095c       ??_C@_01MNNFJEPP@?$DM?$AA@ 000000018000c95c     libvcruntime:undname.obj
 0002:00000960       ??_C@_02EHCHHCKH@?$DM?$DN?$AA@ 000000018000c960     libvcruntime:undname.obj
 0002:00000964       ??_C@_01PPODPGHN@?$DO?$AA@ 000000018000c964     libvcruntime:undname.obj
 0002:00000968       ??_C@_02EEKDKGMJ@?$DO?$DN?$AA@ 000000018000c968     libvcruntime:undname.obj
 0002:0000096c       ??_C@_01IHBHIGKO@?0?$AA@   000000018000c96c     libvcruntime:undname.obj
 0002:00000970       ??_C@_02HCKGKOFO@?$CI?$CJ?$AA@ 000000018000c970     libvcruntime:undname.obj
 0002:00000974       ??_C@_01PJKLJHI@?$HO?$AA@  000000018000c974     libvcruntime:undname.obj
 0002:00000978       ??_C@_01JKBOJNNK@?$FO?$AA@ 000000018000c978     libvcruntime:undname.obj
 0002:0000097c       ??_C@_01DNKMNLPK@?$HM?$AA@ 000000018000c97c     libvcruntime:undname.obj
 0002:00000980       ??_C@_02PPKAJPJL@?$CG?$CG?$AA@ 000000018000c980     libvcruntime:undname.obj
 0002:00000984       ??_C@_02NONPIBCD@?$HM?$HM?$AA@ 000000018000c984     libvcruntime:undname.obj
 0002:00000988       ??_C@_02FPIMKNGF@?$CK?$DN?$AA@ 000000018000c988     libvcruntime:undname.obj
 0002:0000098c       ??_C@_02FOEOMHFC@?$CL?$DN?$AA@ 000000018000c98c     libvcruntime:undname.obj
 0002:00000990       ??_C@_02FKMDLLOA@?9?$DN?$AA@ 000000018000c990     libvcruntime:undname.obj
 0002:00000994       ??_C@_02FJEHGPIO@?1?$DN?$AA@ 000000018000c994     libvcruntime:undname.obj
 0002:00000998       ??_C@_02FENAOKFI@?$CF?$DN?$AA@ 000000018000c998     libvcruntime:undname.obj
 0002:0000099c       ??_C@_03IKFCCPFF@?$DO?$DO?$DN?$AA@ 000000018000c99c     libvcruntime:undname.obj
 0002:000009a0       ??_C@_03CDNPDDLA@?$DM?$DM?$DN?$AA@ 000000018000c9a0     libvcruntime:undname.obj
 0002:000009a4       ??_C@_02FGJGFEAB@?$CG?$DN?$AA@ 000000018000c9a4     libvcruntime:undname.obj
 0002:000009a8       ??_C@_02DHLNPPGH@?$HM?$DN?$AA@ 000000018000c9a8     libvcruntime:undname.obj
 0002:000009ac       ??_C@_02MHEGNOJ@?$FO?$DN?$AA@ 000000018000c9ac     libvcruntime:undname.obj
 0002:000009b0       ??_C@_09IFPLHPGF@?$GAvftable?8?$AA@ 000000018000c9b0     libvcruntime:undname.obj
 0002:000009c0       ??_C@_09BLBHBJP@?$GAvbtable?8?$AA@ 000000018000c9c0     libvcruntime:undname.obj
 0002:000009d0       ??_C@_07FEEIOKP@?$GAvcall?8?$AA@ 000000018000c9d0     libvcruntime:undname.obj
 0002:000009d8       ??_C@_08LLFFHHDJ@?$GAtypeof?8?$AA@ 000000018000c9d8     libvcruntime:undname.obj
 0002:000009e8       ??_C@_0BF@KDPPACIK@?$GAlocal?5static?5guard?8?$AA@ 000000018000c9e8     libvcruntime:undname.obj
 0002:00000a00       ??_C@_08OBABFOLI@?$GAstring?8?$AA@ 000000018000ca00     libvcruntime:undname.obj
 0002:00000a10       ??_C@_0BD@JDLKDPAB@?$GAvbase?5destructor?8?$AA@ 000000018000ca10     libvcruntime:undname.obj
 0002:00000a28       ??_C@_0BN@DEGPLNFK@?$GAvector?5deleting?5destructor?8?$AA@ 000000018000ca28     libvcruntime:undname.obj
 0002:00000a48       ??_C@_0BO@OBMKPJIG@?$GAdefault?5constructor?5closure?8?$AA@ 000000018000ca48     libvcruntime:undname.obj
 0002:00000a68       ??_C@_0BN@IMDCHIKM@?$GAscalar?5deleting?5destructor?8?$AA@ 000000018000ca68     libvcruntime:undname.obj
 0002:00000a88       ??_C@_0BO@PFGOCPJJ@?$GAvector?5constructor?5iterator?8?$AA@ 000000018000ca88     libvcruntime:undname.obj
 0002:00000aa8       ??_C@_0BN@LFPFMEDL@?$GAvector?5destructor?5iterator?8?$AA@ 000000018000caa8     libvcruntime:undname.obj
 0002:00000ac8       ??_C@_0CE@IKBNEHA@?$GAvector?5vbase?5constructor?5iterat@ 000000018000cac8     libvcruntime:undname.obj
 0002:00000af0       ??_C@_0BL@NILFHHPC@?$GAvirtual?5displacement?5map?8?$AA@ 000000018000caf0     libvcruntime:undname.obj
 0002:00000b10       ??_C@_0CB@JONCMFFK@?$GAeh?5vector?5constructor?5iterator?8@ 000000018000cb10     libvcruntime:undname.obj
 0002:00000b38       ??_C@_0CA@GCEOPDGL@?$GAeh?5vector?5destructor?5iterator?8?$AA@ 000000018000cb38     libvcruntime:undname.obj
 0002:00000b58       ??_C@_0CH@OOJPLCPH@?$GAeh?5vector?5vbase?5constructor?5ite@ 000000018000cb58     libvcruntime:undname.obj
 0002:00000b80       ??_C@_0BL@LLKPOHJI@?$GAcopy?5constructor?5closure?8?$AA@ 000000018000cb80     libvcruntime:undname.obj
 0002:00000ba0       ??_C@_0BA@KBCDOMBN@?$GAudt?5returning?8?$AA@ 000000018000cba0     libvcruntime:undname.obj
 0002:00000bb0       ??_C@_03KLGMFNMG@?$GAEH?$AA@ 000000018000cbb0     libvcruntime:undname.obj
 0002:00000bb4       ??_C@_05KHLCHHI@?$GARTTI?$AA@ 000000018000cbb4     libvcruntime:undname.obj
 0002:00000bc0       ??_C@_0BA@KKLDJDLB@?$GAlocal?5vftable?8?$AA@ 000000018000cbc0     libvcruntime:undname.obj
 0002:00000bd0       ??_C@_0CE@IIHCMGGL@?$GAlocal?5vftable?5constructor?5closu@ 000000018000cbd0     libvcruntime:undname.obj
 0002:00000bf4       ??_C@_06FHBGPFGH@?5new?$FL?$FN?$AA@ 000000018000cbf4     libvcruntime:undname.obj
 0002:00000c00       ??_C@_09LBNFPBCA@?5delete?$FL?$FN?$AA@ 000000018000cc00     libvcruntime:undname.obj
 0002:00000c10       ??_C@_0P@HJKNJFNN@?$GAomni?5callsig?8?$AA@ 000000018000cc10     libvcruntime:undname.obj
 0002:00000c20       ??_C@_0BL@CNOONJFP@?$GAplacement?5delete?5closure?8?$AA@ 000000018000cc20     libvcruntime:undname.obj
 0002:00000c40       ??_C@_0BN@CKNJLHMB@?$GAplacement?5delete?$FL?$FN?5closure?8?$AA@ 000000018000cc40     libvcruntime:undname.obj
 0002:00000c60       ??_C@_0CG@CFDHKGGD@?$GAmanaged?5vector?5constructor?5iter@ 000000018000cc60     libvcruntime:undname.obj
 0002:00000c88       ??_C@_0CF@IMGKMJNO@?$GAmanaged?5vector?5destructor?5itera@ 000000018000cc88     libvcruntime:undname.obj
 0002:00000cb0       ??_C@_0CG@HLDDJMAG@?$GAeh?5vector?5copy?5constructor?5iter@ 000000018000ccb0     libvcruntime:undname.obj
 0002:00000cd8       ??_C@_0CM@FCBBDIGB@?$GAeh?5vector?5vbase?5copy?5constructo@ 000000018000ccd8     libvcruntime:undname.obj
 0002:00000d08       ??_C@_0BL@CLIPGLGB@?$GAdynamic?5initializer?5for?5?8?$AA@ 000000018000cd08     libvcruntime:undname.obj
 0002:00000d28       ??_C@_0CB@PDBIFEP@?$GAdynamic?5atexit?5destructor?5for?5?8@ 000000018000cd28     libvcruntime:undname.obj
 0002:00000d50       ??_C@_0CD@CGAJBKEJ@?$GAvector?5copy?5constructor?5iterato@ 000000018000cd50     libvcruntime:undname.obj
 0002:00000d78       ??_C@_0CJ@GJELGAMM@?$GAvector?5vbase?5copy?5constructor?5i@ 000000018000cd78     libvcruntime:undname.obj
 0002:00000da8       ??_C@_0CL@FGIJHLCE@?$GAmanaged?5vector?5copy?5constructor@ 000000018000cda8     libvcruntime:undname.obj
 0002:00000dd8       ??_C@_0BM@PMGGMLDN@?$GAlocal?5static?5thread?5guard?8?$AA@ 000000018000cdd8     libvcruntime:undname.obj
 0002:00000df8       ??_C@_0N@BDNMDMOL@operator?5?$CC?$CC?5?$AA@ 000000018000cdf8     libvcruntime:undname.obj
 0002:00000e08       ??_C@_0BC@DAFEJGAK@?5Type?5Descriptor?8?$AA@ 000000018000ce08     libvcruntime:undname.obj
 0002:00000e20       ??_C@_0BM@LDKODKLH@?5Base?5Class?5Descriptor?5at?5?$CI?$AA@ 000000018000ce20     libvcruntime:undname.obj
 0002:00000e40       ??_C@_0BD@LGICGFMM@?5Base?5Class?5Array?8?$AA@ 000000018000ce40     libvcruntime:undname.obj
 0002:00000e58       ??_C@_0BN@MECKDCOJ@?5Class?5Hierarchy?5Descriptor?8?$AA@ 000000018000ce58     libvcruntime:undname.obj
 0002:00000e78       ??_C@_0BK@CFCOFLF@?5Complete?5Object?5Locator?8?$AA@ 000000018000ce78     libvcruntime:undname.obj
 0002:00000ea0       __acrt_exception_action_table 000000018000cea0     libucrt:exception_filter.obj
 0002:00000f60       __acrt_signal_action_table_count 000000018000cf60     libucrt:exception_filter.obj
 0002:00000f68       __acrt_signal_action_first_fpe_index 000000018000cf68     libucrt:exception_filter.obj
 0002:00000f70       __acrt_signal_action_fpe_count 000000018000cf70     libucrt:exception_filter.obj
 0002:00000f78       ??_C@_1BI@BGOHAHKC@?$AAm?$AAs?$AAc?$AAo?$AAr?$AAe?$AAe?$AA?4?$AAd?$AAl?$AAl?$AA?$AA@ 000000018000cf78     libucrt:exit.obj
 0002:00000f90       ??_C@_0P@MIGLKIOC@CorExitProcess?$AA@ 000000018000cf90     libucrt:exit.obj
 0002:00001200       __lc_time_c                000000018000d200     libucrt:nlsdata.obj
 0002:000014c0       ??_C@_03KOEHGMDN@Sun?$AA@  000000018000d4c0     libucrt:nlsdata.obj
 0002:000014c4       ??_C@_03PDAGKDH@Mon?$AA@   000000018000d4c4     libucrt:nlsdata.obj
 0002:000014c8       ??_C@_03NAGEINEP@Tue?$AA@  000000018000d4c8     libucrt:nlsdata.obj
 0002:000014cc       ??_C@_03MHOMLAJA@Wed?$AA@  000000018000d4cc     libucrt:nlsdata.obj
 0002:000014d0       ??_C@_03IOFIKPDN@Thu?$AA@  000000018000d4d0     libucrt:nlsdata.obj
 0002:000014d4       ??_C@_03IDIOELNC@Fri?$AA@  000000018000d4d4     libucrt:nlsdata.obj
 0002:000014d8       ??_C@_03FEFJNEK@Sat?$AA@   000000018000d4d8     libucrt:nlsdata.obj
 0002:000014dc       ??_C@_06OOPIFAJ@Sunday?$AA@ 000000018000d4dc     libucrt:nlsdata.obj
 0002:000014e4       ??_C@_06JLEDEDGH@Monday?$AA@ 000000018000d4e4     libucrt:nlsdata.obj
 0002:000014f0       ??_C@_07BAAGCFCM@Tuesday?$AA@ 000000018000d4f0     libucrt:nlsdata.obj
 0002:000014f8       ??_C@_09DLIGFAKA@Wednesday?$AA@ 000000018000d4f8     libucrt:nlsdata.obj
 0002:00001508       ??_C@_08HACCIKIA@Thursday?$AA@ 000000018000d508     libucrt:nlsdata.obj
 0002:00001514       ??_C@_06JECMNKMI@Friday?$AA@ 000000018000d514     libucrt:nlsdata.obj
 0002:00001520       ??_C@_08INBOOONO@Saturday?$AA@ 000000018000d520     libucrt:nlsdata.obj
 0002:0000152c       ??_C@_03JIHJHPIE@Jan?$AA@  000000018000d52c     libucrt:nlsdata.obj
 0002:00001530       ??_C@_03HJBDCHOM@Feb?$AA@  000000018000d530     libucrt:nlsdata.obj
 0002:00001534       ??_C@_03ODNJBKGA@Mar?$AA@  000000018000d534     libucrt:nlsdata.obj
 0002:00001538       ??_C@_03LEOLGMJP@Apr?$AA@  000000018000d538     libucrt:nlsdata.obj
 0002:0000153c       ??_C@_03CNMDKL@May?$AA@    000000018000d53c     libucrt:nlsdata.obj
 0002:00001540       ??_C@_03IDFGHECI@Jun?$AA@  000000018000d540     libucrt:nlsdata.obj
 0002:00001544       ??_C@_03LBGABGKK@Jul?$AA@  000000018000d544     libucrt:nlsdata.obj
 0002:00001548       ??_C@_03IFJFEIGA@Aug?$AA@  000000018000d548     libucrt:nlsdata.obj
 0002:0000154c       ??_C@_03GGCAPAJC@Sep?$AA@  000000018000d54c     libucrt:nlsdata.obj
 0002:00001550       ??_C@_03BMAOKBAD@Oct?$AA@  000000018000d550     libucrt:nlsdata.obj
 0002:00001554       ??_C@_03JPJOFNIA@Nov?$AA@  000000018000d554     libucrt:nlsdata.obj
 0002:00001558       ??_C@_03MKABNOCG@Dec?$AA@  000000018000d558     libucrt:nlsdata.obj
 0002:00001560       ??_C@_07CGJPFGJA@January?$AA@ 000000018000d560     libucrt:nlsdata.obj
 0002:00001568       ??_C@_08GNJGEPFN@February?$AA@ 000000018000d568     libucrt:nlsdata.obj
 0002:00001574       ??_C@_05HPCKOFNC@March?$AA@ 000000018000d574     libucrt:nlsdata.obj
 0002:0000157c       ??_C@_05DMJDNLEJ@April?$AA@ 000000018000d57c     libucrt:nlsdata.obj
 0002:00001584       ??_C@_04CNLMGBGM@June?$AA@ 000000018000d584     libucrt:nlsdata.obj
 0002:0000158c       ??_C@_04MIEPOIFP@July?$AA@ 000000018000d58c     libucrt:nlsdata.obj
 0002:00001594       ??_C@_06LBBHFDDG@August?$AA@ 000000018000d594     libucrt:nlsdata.obj
 0002:000015a0       ??_C@_09BHHEALKD@September?$AA@ 000000018000d5a0     libucrt:nlsdata.obj
 0002:000015b0       ??_C@_07JJNFCEND@October?$AA@ 000000018000d5b0     libucrt:nlsdata.obj
 0002:000015b8       ??_C@_08HCHEGEOA@November?$AA@ 000000018000d5b8     libucrt:nlsdata.obj
 0002:000015c8       ??_C@_08EDHMEBNP@December?$AA@ 000000018000d5c8     libucrt:nlsdata.obj
 0002:000015d4       ??_C@_02DEDBPAFC@AM?$AA@   000000018000d5d4     libucrt:nlsdata.obj
 0002:000015d8       ??_C@_02CJNFDJBF@PM?$AA@   000000018000d5d8     libucrt:nlsdata.obj
 0002:000015e0       ??_C@_08BPBNCDIB@MM?1dd?1yy?$AA@ 000000018000d5e0     libucrt:nlsdata.obj
 0002:000015f0       ??_C@_0BE@CKGJFCPC@dddd?0?5MMMM?5dd?0?5yyyy?$AA@ 000000018000d5f0     libucrt:nlsdata.obj
 0002:00001608       ??_C@_08JCCMCCIL@HH?3mm?3ss?$AA@ 000000018000d608     libucrt:nlsdata.obj
 0002:00001618       ??_C@_17MBGCMIPB@?$AAS?$AAu?$AAn?$AA?$AA@ 000000018000d618     libucrt:nlsdata.obj
 0002:00001620       ??_C@_17KBOMKBF@?$AAM?$AAo?$AAn?$AA?$AA@ 000000018000d620     libucrt:nlsdata.obj
 0002:00001628       ??_C@_17BMKGEGOJ@?$AAT?$AAu?$AAe?$AA?$AA@ 000000018000d628     libucrt:nlsdata.obj
 0002:00001630       ??_C@_17CJEDCEPE@?$AAW?$AAe?$AAd?$AA?$AA@ 000000018000d630     libucrt:nlsdata.obj
 0002:00001638       ??_C@_17PDPHAADD@?$AAT?$AAh?$AAu?$AA?$AA@ 000000018000d638     libucrt:nlsdata.obj
 0002:00001640       ??_C@_17HFOLPPLP@?$AAF?$AAr?$AAi?$AA?$AA@ 000000018000d640     libucrt:nlsdata.obj
 0002:00001648       ??_C@_17GGIBDPIH@?$AAS?$AAa?$AAt?$AA?$AA@ 000000018000d648     libucrt:nlsdata.obj
 0002:00001650       ??_C@_1O@IHNHDHPB@?$AAS?$AAu?$AAn?$AAd?$AAa?$AAy?$AA?$AA@ 000000018000d650     libucrt:nlsdata.obj
 0002:00001660       ??_C@_1O@MMNBFLIA@?$AAM?$AAo?$AAn?$AAd?$AAa?$AAy?$AA?$AA@ 000000018000d660     libucrt:nlsdata.obj
 0002:00001670       ??_C@_1BA@ENFBFFEK@?$AAT?$AAu?$AAe?$AAs?$AAd?$AAa?$AAy?$AA?$AA@ 000000018000d670     libucrt:nlsdata.obj
 0002:00001680       ??_C@_1BE@EBOGMDOH@?$AAW?$AAe?$AAd?$AAn?$AAe?$AAs?$AAd?$AAa?$AAy?$AA?$AA@ 000000018000d680     libucrt:nlsdata.obj
 0002:00001698       ??_C@_1BC@HHMNLIHE@?$AAT?$AAh?$AAu?$AAr?$AAs?$AAd?$AAa?$AAy?$AA?$AA@ 000000018000d698     libucrt:nlsdata.obj
 0002:000016b0       ??_C@_1O@PDICJHAG@?$AAF?$AAr?$AAi?$AAd?$AAa?$AAy?$AA?$AA@ 000000018000d6b0     libucrt:nlsdata.obj
 0002:000016c0       ??_C@_1BC@ENMNNPAJ@?$AAS?$AAa?$AAt?$AAu?$AAr?$AAd?$AAa?$AAy?$AA?$AA@ 000000018000d6c0     libucrt:nlsdata.obj
 0002:000016d8       ??_C@_17DKNBKCHM@?$AAJ?$AAa?$AAn?$AA?$AA@ 000000018000d6d8     libucrt:nlsdata.obj
 0002:000016e0       ??_C@_17LMDJEKJN@?$AAF?$AAe?$AAb?$AA?$AA@ 000000018000d6e0     libucrt:nlsdata.obj
 0002:000016e8       ??_C@_17CKNLEDEC@?$AAM?$AAa?$AAr?$AA?$AA@ 000000018000d6e8     libucrt:nlsdata.obj
 0002:000016f0       ??_C@_17LFPOIHDD@?$AAA?$AAp?$AAr?$AA?$AA@ 000000018000d6f0     libucrt:nlsdata.obj
 0002:000016f8       ??_C@_17PNNKMEED@?$AAM?$AAa?$AAy?$AA?$AA@ 000000018000d6f8     libucrt:nlsdata.obj
 0002:00001700       ??_C@_17KCJGOCPB@?$AAJ?$AAu?$AAn?$AA?$AA@ 000000018000d700     libucrt:nlsdata.obj
 0002:00001708       ??_C@_17IJPCKHK@?$AAJ?$AAu?$AAl?$AA?$AA@ 000000018000d708     libucrt:nlsdata.obj
 0002:00001710       ??_C@_17ICPELBCN@?$AAA?$AAu?$AAg?$AA?$AA@ 000000018000d710     libucrt:nlsdata.obj
 0002:00001718       ??_C@_17HCHCOKMG@?$AAS?$AAe?$AAp?$AA?$AA@ 000000018000d718     libucrt:nlsdata.obj
 0002:00001720       ??_C@_17FNLKOI@?$AAO?$AAc?$AAt?$AA?$AA@ 000000018000d720     libucrt:nlsdata.obj
 0002:00001728       ??_C@_17BBDMLCIG@?$AAN?$AAo?$AAv?$AA?$AA@ 000000018000d728     libucrt:nlsdata.obj
 0002:00001730       ??_C@_17EGKACKIF@?$AAD?$AAe?$AAc?$AA?$AA@ 000000018000d730     libucrt:nlsdata.obj
 0002:00001738       ??_C@_1BA@EFMEIEBA@?$AAJ?$AAa?$AAn?$AAu?$AAa?$AAr?$AAy?$AA?$AA@ 000000018000d738     libucrt:nlsdata.obj
 0002:00001748       ??_C@_1BC@JGDDFFAM@?$AAF?$AAe?$AAb?$AAr?$AAu?$AAa?$AAr?$AAy?$AA?$AA@ 000000018000d748     libucrt:nlsdata.obj
 0002:00001760       ??_C@_1M@IKEENEDF@?$AAM?$AAa?$AAr?$AAc?$AAh?$AA?$AA@ 000000018000d760     libucrt:nlsdata.obj
 0002:00001770       ??_C@_1M@GJNLMHFD@?$AAA?$AAp?$AAr?$AAi?$AAl?$AA?$AA@ 000000018000d770     libucrt:nlsdata.obj
 0002:00001780       ??_C@_19EPFLPGAP@?$AAJ?$AAu?$AAn?$AAe?$AA?$AA@ 000000018000d780     libucrt:nlsdata.obj
 0002:00001790       ??_C@_19BIFMLPCD@?$AAJ?$AAu?$AAl?$AAy?$AA?$AA@ 000000018000d790     libucrt:nlsdata.obj
 0002:000017a0       ??_C@_1O@PAHLKOAC@?$AAA?$AAu?$AAg?$AAu?$AAs?$AAt?$AA?$AA@ 000000018000d7a0     libucrt:nlsdata.obj
 0002:000017b0       ??_C@_1BE@DKAAMBJL@?$AAS?$AAe?$AAp?$AAt?$AAe?$AAm?$AAb?$AAe?$AAr?$AA?$AA@ 000000018000d7b0     libucrt:nlsdata.obj
 0002:000017c8       ??_C@_1BA@EPANDLNG@?$AAO?$AAc?$AAt?$AAo?$AAb?$AAe?$AAr?$AA?$AA@ 000000018000d7c8     libucrt:nlsdata.obj
 0002:000017d8       ??_C@_1BC@BGLIFPF@?$AAN?$AAo?$AAv?$AAe?$AAm?$AAb?$AAe?$AAr?$AA?$AA@ 000000018000d7d8     libucrt:nlsdata.obj
 0002:000017f0       ??_C@_1BC@FEMKIFH@?$AAD?$AAe?$AAc?$AAe?$AAm?$AAb?$AAe?$AAr?$AA?$AA@ 000000018000d7f0     libucrt:nlsdata.obj
 0002:00001804       ??_C@_15ODEHAHHF@?$AAA?$AAM?$AA?$AA@ 000000018000d804     libucrt:nlsdata.obj
 0002:0000180c       ??_C@_15CLMNNGEL@?$AAP?$AAM?$AA?$AA@ 000000018000d80c     libucrt:nlsdata.obj
 0002:00001818       ??_C@_1BC@IEBCMHCM@?$AAM?$AAM?$AA?1?$AAd?$AAd?$AA?1?$AAy?$AAy?$AA?$AA@ 000000018000d818     libucrt:nlsdata.obj
 0002:00001830       ??_C@_1CI@KNAKOEBC@?$AAd?$AAd?$AAd?$AAd?$AA?0?$AA?5?$AAM?$AAM?$AAM?$AAM?$AA?5?$AAd?$AAd?$AA?0?$AA?5?$AAy?$AAy?$AAy?$AAy?$AA?$AA@ 000000018000d830     libucrt:nlsdata.obj
 0002:00001858       ??_C@_1BC@GDGBMEMK@?$AAH?$AAH?$AA?3?$AAm?$AAm?$AA?3?$AAs?$AAs?$AA?$AA@ 000000018000d858     libucrt:nlsdata.obj
 0002:00001870       ??_C@_1M@BMHNFIME@?$AAe?$AAn?$AA?9?$AAU?$AAS?$AA?$AA@ 000000018000d870     libucrt:nlsdata.obj
 0002:00001920       ??_C@_1EG@CNNIPFIM@?$AAa?$AAp?$AAi?$AA?9?$AAm?$AAs?$AA?9?$AAw?$AAi?$AAn?$AA?9?$AAa?$AAp?$AAp?$AAm?$AAo?$AAd?$AAe?$AAl?$AA?9?$AAr?$AAu?$AAn?$AAt?$AAi?$AAm?$AAe?$AA?9?$AAl?$AA1?$AA?9?$AA1@ 000000018000d920     libucrt:winapi_thunks.obj
 0002:00001970       ??_C@_1EA@JGEFHKEI@?$AAa?$AAp?$AAi?$AA?9?$AAm?$AAs?$AA?9?$AAw?$AAi?$AAn?$AA?9?$AAc?$AAo?$AAr?$AAe?$AA?9?$AAd?$AAa?$AAt?$AAe?$AAt?$AAi?$AAm?$AAe?$AA?9?$AAl?$AA1?$AA?9?$AA1?$AA?9?$AA1?$AA?$AA@ 000000018000d970     libucrt:winapi_thunks.obj
 0002:000019b0       ??_C@_1DI@GCIAAENM@?$AAa?$AAp?$AAi?$AA?9?$AAm?$AAs?$AA?9?$AAw?$AAi?$AAn?$AA?9?$AAc?$AAo?$AAr?$AAe?$AA?9?$AAf?$AAi?$AAl?$AAe?$AA?9?$AAl?$AA2?$AA?9?$AA1?$AA?9?$AA1?$AA?$AA@ 000000018000d9b0     libucrt:winapi_thunks.obj
 0002:000019f0       ??_C@_1EI@MPIAOHOC@?$AAa?$AAp?$AAi?$AA?9?$AAm?$AAs?$AA?9?$AAw?$AAi?$AAn?$AA?9?$AAc?$AAo?$AAr?$AAe?$AA?9?$AAl?$AAo?$AAc?$AAa?$AAl?$AAi?$AAz?$AAa?$AAt?$AAi?$AAo?$AAn?$AA?9?$AAl?$AA1?$AA?9@ 000000018000d9f0     libucrt:winapi_thunks.obj
 0002:00001a40       ??_C@_1FK@FPHCKFIE@?$AAa?$AAp?$AAi?$AA?9?$AAm?$AAs?$AA?9?$AAw?$AAi?$AAn?$AA?9?$AAc?$AAo?$AAr?$AAe?$AA?9?$AAl?$AAo?$AAc?$AAa?$AAl?$AAi?$AAz?$AAa?$AAt?$AAi?$AAo?$AAn?$AA?9?$AAo?$AAb?$AAs@ 000000018000da40     libucrt:winapi_thunks.obj
 0002:00001aa0       ??_C@_1EM@DILCGIIO@?$AAa?$AAp?$AAi?$AA?9?$AAm?$AAs?$AA?9?$AAw?$AAi?$AAn?$AA?9?$AAc?$AAo?$AAr?$AAe?$AA?9?$AAp?$AAr?$AAo?$AAc?$AAe?$AAs?$AAs?$AAt?$AAh?$AAr?$AAe?$AAa?$AAd?$AAs?$AA?9?$AAl@ 000000018000daa0     libucrt:winapi_thunks.obj
 0002:00001af0       ??_C@_1DM@LNCGDDPN@?$AAa?$AAp?$AAi?$AA?9?$AAm?$AAs?$AA?9?$AAw?$AAi?$AAn?$AA?9?$AAc?$AAo?$AAr?$AAe?$AA?9?$AAs?$AAt?$AAr?$AAi?$AAn?$AAg?$AA?9?$AAl?$AA1?$AA?9?$AA1?$AA?9?$AA0?$AA?$AA@ 000000018000daf0     libucrt:winapi_thunks.obj
 0002:00001b30       ??_C@_1DO@FPAPJEMD@?$AAa?$AAp?$AAi?$AA?9?$AAm?$AAs?$AA?9?$AAw?$AAi?$AAn?$AA?9?$AAc?$AAo?$AAr?$AAe?$AA?9?$AAs?$AAy?$AAs?$AAi?$AAn?$AAf?$AAo?$AA?9?$AAl?$AA1?$AA?9?$AA2?$AA?9?$AA1?$AA?$AA@ 000000018000db30     libucrt:winapi_thunks.obj
 0002:00001b70       ??_C@_1DK@NDHNAHIO@?$AAa?$AAp?$AAi?$AA?9?$AAm?$AAs?$AA?9?$AAw?$AAi?$AAn?$AA?9?$AAc?$AAo?$AAr?$AAe?$AA?9?$AAw?$AAi?$AAn?$AAr?$AAt?$AA?9?$AAl?$AA1?$AA?9?$AA1?$AA?9?$AA0?$AA?$AA@ 000000018000db70     libucrt:winapi_thunks.obj
 0002:00001bb0       ??_C@_1DM@KGHDGBCM@?$AAa?$AAp?$AAi?$AA?9?$AAm?$AAs?$AA?9?$AAw?$AAi?$AAn?$AA?9?$AAc?$AAo?$AAr?$AAe?$AA?9?$AAx?$AAs?$AAt?$AAa?$AAt?$AAe?$AA?9?$AAl?$AA2?$AA?9?$AA1?$AA?9?$AA0?$AA?$AA@ 000000018000dbb0     libucrt:winapi_thunks.obj
 0002:00001bf0       ??_C@_1EO@IJIOEFOH@?$AAa?$AAp?$AAi?$AA?9?$AAm?$AAs?$AA?9?$AAw?$AAi?$AAn?$AA?9?$AAr?$AAt?$AAc?$AAo?$AAr?$AAe?$AA?9?$AAn?$AAt?$AAu?$AAs?$AAe?$AAr?$AA?9?$AAw?$AAi?$AAn?$AAd?$AAo?$AAw?$AA?9@ 000000018000dbf0     libucrt:winapi_thunks.obj
 0002:00001c40       ??_C@_1FG@HHGEKANL@?$AAa?$AAp?$AAi?$AA?9?$AAm?$AAs?$AA?9?$AAw?$AAi?$AAn?$AA?9?$AAs?$AAe?$AAc?$AAu?$AAr?$AAi?$AAt?$AAy?$AA?9?$AAs?$AAy?$AAs?$AAt?$AAe?$AAm?$AAf?$AAu?$AAn?$AAc?$AAt?$AAi@ 000000018000dc40     libucrt:winapi_thunks.obj
 0002:00001ca0       ??_C@_1FG@NCKKOLKO@?$AAe?$AAx?$AAt?$AA?9?$AAm?$AAs?$AA?9?$AAw?$AAi?$AAn?$AA?9?$AAk?$AAe?$AAr?$AAn?$AAe?$AAl?$AA3?$AA2?$AA?9?$AAp?$AAa?$AAc?$AAk?$AAa?$AAg?$AAe?$AA?9?$AAc?$AAu?$AAr?$AAr@ 000000018000dca0     libucrt:winapi_thunks.obj
 0002:00001d00       ??_C@_1EG@DBIOJECG@?$AAe?$AAx?$AAt?$AA?9?$AAm?$AAs?$AA?9?$AAw?$AAi?$AAn?$AA?9?$AAn?$AAt?$AAu?$AAs?$AAe?$AAr?$AA?9?$AAd?$AAi?$AAa?$AAl?$AAo?$AAg?$AAb?$AAo?$AAx?$AA?9?$AAl?$AA1?$AA?9?$AA1@ 000000018000dd00     libucrt:winapi_thunks.obj
 0002:00001d50       ??_C@_1EO@FIHMJCLF@?$AAe?$AAx?$AAt?$AA?9?$AAm?$AAs?$AA?9?$AAw?$AAi?$AAn?$AA?9?$AAn?$AAt?$AAu?$AAs?$AAe?$AAr?$AA?9?$AAw?$AAi?$AAn?$AAd?$AAo?$AAw?$AAs?$AAt?$AAa?$AAt?$AAi?$AAo?$AAn?$AA?9@ 000000018000dd50     libucrt:winapi_thunks.obj
 0002:00001da0       ??_C@_1O@BCCLBEOE@?$AAu?$AAs?$AAe?$AAr?$AA3?$AA2?$AA?$AA@ 000000018000dda0     libucrt:winapi_thunks.obj
 0002:00001dd8       ??_C@_0BE@JOGNEJCI@GetCurrentPackageId?$AA@ 000000018000ddd8     libucrt:winapi_thunks.obj
 0002:00001e00       ??_C@_0O@KKBNKAPF@LCMapStringEx?$AA@ 000000018000de00     libucrt:winapi_thunks.obj
 0002:00001e18       ??_C@_0BB@HBDEELFH@LocaleNameToLCID?$AA@ 000000018000de18     libucrt:winapi_thunks.obj
 0002:00001e50       ??_C@_1M@HPNHIDJI@?$AAj?$AAa?$AA?9?$AAJ?$AAP?$AA?$AA@ 000000018000de50     libucrt:mbctype.obj
 0002:00001e60       ??_C@_1M@BIBDDEMK@?$AAz?$AAh?$AA?9?$AAC?$AAN?$AA?$AA@ 000000018000de60     libucrt:mbctype.obj
 0002:00001e70       ??_C@_1M@JLOOOEGK@?$AAk?$AAo?$AA?9?$AAK?$AAR?$AA?$AA@ 000000018000de70     libucrt:mbctype.obj
 0002:00001e80       ??_C@_1M@CLNBBOPM@?$AAz?$AAh?$AA?9?$AAT?$AAW?$AA?$AA@ 000000018000de80     libucrt:mbctype.obj
 0002:00001e90       __newctype                 000000018000de90     libucrt:ctype.obj
 0002:00002190       __newclmap                 000000018000e190     libucrt:ctype.obj
 0002:00002310       __newcumap                 000000018000e310     libucrt:ctype.obj
 0002:00002490       ??_C@_15PJPFLCCM@?$AAu?$AAk?$AA?$AA@ 000000018000e490     libucrt:get_qualified_locale.obj
 0002:000032e0       ??_C@_15EMKDOKLE@?$AAa?$AAr?$AA?$AA@ 000000018000f2e0     libucrt:lcidtoname_downlevel.obj
 0002:000032e8       ??_C@_15KNPADPLH@?$AAb?$AAg?$AA?$AA@ 000000018000f2e8     libucrt:lcidtoname_downlevel.obj
 0002:000032f0       ??_C@_15EDMHLDMO@?$AAc?$AAa?$AA?$AA@ 000000018000f2f0     libucrt:lcidtoname_downlevel.obj
 0002:000032f8       ??_C@_1O@BPEAJADD@?$AAz?$AAh?$AA?9?$AAC?$AAH?$AAS?$AA?$AA@ 000000018000f2f8     libucrt:lcidtoname_downlevel.obj
 0002:00003308       ??_C@_15LJNHCMNK@?$AAc?$AAs?$AA?$AA@ 000000018000f308     libucrt:lcidtoname_downlevel.obj
 0002:00003310       ??_C@_15FOMCIDHG@?$AAd?$AAa?$AA?$AA@ 000000018000f310     libucrt:lcidtoname_downlevel.obj
 0002:00003318       ??_C@_15NBKABECB@?$AAd?$AAe?$AA?$AA@ 000000018000f318     libucrt:lcidtoname_downlevel.obj
 0002:00003320       ??_C@_15GHPEIIAO@?$AAe?$AAl?$AA?$AA@ 000000018000f320     libucrt:lcidtoname_downlevel.obj
 0002:00003328       ??_C@_15MNPNEAIF@?$AAe?$AAn?$AA?$AA@ 000000018000f328     libucrt:lcidtoname_downlevel.obj
 0002:00003330       ??_C@_15GPIOMPMH@?$AAe?$AAs?$AA?$AA@ 000000018000f330     libucrt:lcidtoname_downlevel.obj
 0002:00003338       ??_C@_15NGLOAKJC@?$AAf?$AAi?$AA?$AA@ 000000018000f338     libucrt:lcidtoname_downlevel.obj
 0002:00003340       ??_C@_15FBKGNKAM@?$AAf?$AAr?$AA?$AA@ 000000018000f340     libucrt:lcidtoname_downlevel.obj
 0002:00003348       ??_C@_15KGGCNEFK@?$AAh?$AAe?$AA?$AA@ 000000018000f348     libucrt:lcidtoname_downlevel.obj
 0002:00003350       ??_C@_15PGHLIDMF@?$AAh?$AAu?$AA?$AA@ 000000018000f350     libucrt:lcidtoname_downlevel.obj
 0002:00003358       ??_C@_15BIEMAPLM@?$AAi?$AAs?$AA?$AA@ 000000018000f358     libucrt:lcidtoname_downlevel.obj
 0002:00003360       ??_C@_15IFJLDHAF@?$AAi?$AAt?$AA?$AA@ 000000018000f360     libucrt:lcidtoname_downlevel.obj
 0002:00003368       ??_C@_15GEMIOCAG@?$AAj?$AAa?$AA?$AA@ 000000018000f368     libucrt:lcidtoname_downlevel.obj
 0002:00003370       ??_C@_15EPELEGJA@?$AAk?$AAo?$AA?$AA@ 000000018000f370     libucrt:lcidtoname_downlevel.obj
 0002:00003378       ??_C@_15NDDHIMN@?$AAn?$AAl?$AA?$AA@ 000000018000f378     libucrt:lcidtoname_downlevel.obj
 0002:00003380       ??_C@_15BPIGNHCD@?$AAn?$AAo?$AA?$AA@ 000000018000f380     libucrt:lcidtoname_downlevel.obj
 0002:00003388       ??_C@_15DEOPBLCG@?$AAp?$AAl?$AA?$AA@ 000000018000f388     libucrt:lcidtoname_downlevel.obj
 0002:00003390       ??_C@_15KBECGEFG@?$AAp?$AAt?$AA?$AA@ 000000018000f390     libucrt:lcidtoname_downlevel.obj
 0002:00003398       ??_C@_15GLJCBFMD@?$AAr?$AAo?$AA?$AA@ 000000018000f398     libucrt:lcidtoname_downlevel.obj
 0002:000033a0       ??_C@_15FEDGKCDI@?$AAr?$AAu?$AA?$AA@ 000000018000f3a0     libucrt:lcidtoname_downlevel.obj
 0002:000033a8       ??_C@_15GLKMLLHM@?$AAh?$AAr?$AA?$AA@ 000000018000f3a8     libucrt:lcidtoname_downlevel.obj
 0002:000033b0       ??_C@_15CPKMFBDB@?$AAs?$AAk?$AA?$AA@ 000000018000f3b0     libucrt:lcidtoname_downlevel.obj
 0002:000033b8       ??_C@_15BAAIOGMK@?$AAs?$AAq?$AA?$AA@ 000000018000f3b8     libucrt:lcidtoname_downlevel.obj
 0002:000033c0       ??_C@_15INNPNOHD@?$AAs?$AAv?$AA?$AA@ 000000018000f3c0     libucrt:lcidtoname_downlevel.obj
 0002:000033c8       ??_C@_15CABMMOGH@?$AAt?$AAh?$AA?$AA@ 000000018000f3c8     libucrt:lcidtoname_downlevel.obj
 0002:000033d0       ??_C@_15BPLIHJJM@?$AAt?$AAr?$AA?$AA@ 000000018000f3d0     libucrt:lcidtoname_downlevel.obj
 0002:000033d8       ??_C@_15NEOEKKDJ@?$AAu?$AAr?$AA?$AA@ 000000018000f3d8     libucrt:lcidtoname_downlevel.obj
 0002:000033e0       ??_C@_15NFICGAJK@?$AAi?$AAd?$AA?$AA@ 000000018000f3e0     libucrt:lcidtoname_downlevel.obj
 0002:000033e8       ??_C@_15HPJPHDM@?$AAb?$AAe?$AA?$AA@ 000000018000f3e8     libucrt:lcidtoname_downlevel.obj
 0002:000033f0       ??_C@_15LCHLGJII@?$AAs?$AAl?$AA?$AA@ 000000018000f3f0     libucrt:lcidtoname_downlevel.obj
 0002:000033f8       ??_C@_15PCFJPHHO@?$AAe?$AAt?$AA?$AA@ 000000018000f3f8     libucrt:lcidtoname_downlevel.obj
 0002:00003400       ??_C@_15HPFPGODN@?$AAl?$AAv?$AA?$AA@ 000000018000f400     libucrt:lcidtoname_downlevel.obj
 0002:00003408       ??_C@_15NFFGKGLG@?$AAl?$AAt?$AA?$AA@ 000000018000f408     libucrt:lcidtoname_downlevel.obj
 0002:00003410       ??_C@_15BDAKCCHN@?$AAf?$AAa?$AA?$AA@ 000000018000f410     libucrt:lcidtoname_downlevel.obj
 0002:00003418       ??_C@_15NFGIAIAJ@?$AAv?$AAi?$AA?$AA@ 000000018000f418     libucrt:lcidtoname_downlevel.obj
 0002:00003420       ??_C@_15LMKNDMHN@?$AAh?$AAy?$AA?$AA@ 000000018000f420     libucrt:lcidtoname_downlevel.obj
 0002:00003428       ??_C@_15IJBHMCFL@?$AAa?$AAz?$AA?$AA@ 000000018000f428     libucrt:lcidtoname_downlevel.obj
 0002:00003430       ??_C@_15EKOFJABL@?$AAe?$AAu?$AA?$AA@ 000000018000f430     libucrt:lcidtoname_downlevel.obj
 0002:00003438       ??_C@_15BGHADCNK@?$AAm?$AAk?$AA?$AA@ 000000018000f438     libucrt:lcidtoname_downlevel.obj
 0002:00003440       ??_C@_15JDNICKHM@?$AAa?$AAf?$AA?$AA@ 000000018000f440     libucrt:lcidtoname_downlevel.obj
 0002:00003448       ??_C@_15KPJEDBKD@?$AAk?$AAa?$AA?$AA@ 000000018000f448     libucrt:lcidtoname_downlevel.obj
 0002:00003450       ??_C@_15PDNFFFEO@?$AAf?$AAo?$AA?$AA@ 000000018000f450     libucrt:lcidtoname_downlevel.obj
 0002:00003458       ??_C@_15OMLEGLOC@?$AAh?$AAi?$AA?$AA@ 000000018000f458     libucrt:lcidtoname_downlevel.obj
 0002:00003460       ??_C@_15IDNNENKK@?$AAm?$AAs?$AA?$AA@ 000000018000f460     libucrt:lcidtoname_downlevel.obj
 0002:00003468       ??_C@_15MACJNBMH@?$AAk?$AAk?$AA?$AA@ 000000018000f468     libucrt:lcidtoname_downlevel.obj
 0002:00003470       ??_C@_15DKDJEOND@?$AAk?$AAy?$AA?$AA@ 000000018000f470     libucrt:lcidtoname_downlevel.obj
 0002:00003478       ??_C@_15DFGDLJBG@?$AAs?$AAw?$AA?$AA@ 000000018000f478     libucrt:lcidtoname_downlevel.obj
 0002:00003480       ??_C@_15BBFAICNG@?$AAu?$AAz?$AA?$AA@ 000000018000f480     libucrt:lcidtoname_downlevel.obj
 0002:00003488       ??_C@_15DKNDCGEA@?$AAt?$AAt?$AA?$AA@ 000000018000f488     libucrt:lcidtoname_downlevel.obj
 0002:00003490       ??_C@_15MGIFMDPL@?$AAp?$AAa?$AA?$AA@ 000000018000f490     libucrt:lcidtoname_downlevel.obj
 0002:00003498       ??_C@_15HCNDBBA@?$AAg?$AAu?$AA?$AA@ 000000018000f498     libucrt:lcidtoname_downlevel.obj
 0002:000034a0       ??_C@_15FNBEIBON@?$AAt?$AAa?$AA?$AA@ 000000018000f4a0     libucrt:lcidtoname_downlevel.obj
 0002:000034a8       ??_C@_15NCHGBGLK@?$AAt?$AAe?$AA?$AA@ 000000018000f4a8     libucrt:lcidtoname_downlevel.obj
 0002:000034b0       ??_C@_15PHPHCBPF@?$AAk?$AAn?$AA?$AA@ 000000018000f4b0     libucrt:lcidtoname_downlevel.obj
 0002:000034b8       ??_C@_15DLGBCKMP@?$AAm?$AAr?$AA?$AA@ 000000018000f4b8     libucrt:lcidtoname_downlevel.obj
 0002:000034c0       ??_C@_15EABBLBFF@?$AAs?$AAa?$AA?$AA@ 000000018000f4c0     libucrt:lcidtoname_downlevel.obj
 0002:000034c8       ??_C@_15CBKOMCOI@?$AAm?$AAn?$AA?$AA@ 000000018000f4c8     libucrt:lcidtoname_downlevel.obj
 0002:000034d0       ??_C@_15CKDMCJAF@?$AAg?$AAl?$AA?$AA@ 000000018000f4d0     libucrt:lcidtoname_downlevel.obj
 0002:000034d8       ??_C@_17CNJFBPG@?$AAk?$AAo?$AAk?$AA?$AA@ 000000018000f4d8     libucrt:lcidtoname_downlevel.obj
 0002:000034e0       ??_C@_17FFBJICPL@?$AAs?$AAy?$AAr?$AA?$AA@ 000000018000f4e0     libucrt:lcidtoname_downlevel.obj
 0002:000034e8       ??_C@_17KPNDCPAF@?$AAd?$AAi?$AAv?$AA?$AA@ 000000018000f4e8     libucrt:lcidtoname_downlevel.obj
 0002:000034f0       ??_C@_11LOCGONAA@?$AA?$AA@ 000000018000f4f0     libucrt:lcidtoname_downlevel.obj
 0002:000034f8       ??_C@_1M@OKAHONE@?$AAa?$AAr?$AA?9?$AAS?$AAA?$AA?$AA@ 000000018000f4f8     libucrt:lcidtoname_downlevel.obj
 0002:00003508       ??_C@_1M@FFFIGIGK@?$AAb?$AAg?$AA?9?$AAB?$AAG?$AA?$AA@ 000000018000f508     libucrt:lcidtoname_downlevel.obj
 0002:00003518       ??_C@_1M@BJNKEDC@?$AAc?$AAa?$AA?9?$AAE?$AAS?$AA?$AA@ 000000018000f518     libucrt:lcidtoname_downlevel.obj
[...]
 0004:00000798       $pdata$??R<lambda_ad1ced32f4ac17aa236e5ef05d6b3b7c>@@QEBAXXZ 0000000180018798     libucrt:mbctype.obj
 0004:000007a4       $pdata$?getSystemCP@@YAHH@Z 00000001800187a4     libucrt:mbctype.obj
 0004:000007b0       $pdata$?setSBCS@@YAXPEAU__crt_multibyte_data@@@Z 00000001800187b0     libucrt:mbctype.obj
 0004:000007bc       $pdata$?setSBUpLow@@YAXPEAU__crt_multibyte_data@@@Z 00000001800187bc     libucrt:mbctype.obj
 0004:000007c8       $pdata$?setmbcp_internal@@YAHH_N@Z 00000001800187c8     libucrt:mbctype.obj
 0004:000007d4       $pdata$__acrt_initialize_multibyte 00000001800187d4     libucrt:mbctype.obj
 0004:000007e0       $pdata$__acrt_update_thread_multibyte_data 00000001800187e0     libucrt:mbctype.obj
 0004:000007ec       $pdata$_setmbcp_nolock     00000001800187ec     libucrt:mbctype.obj
 0004:000007f8       $pdata$?x_ismbbtype_l@@YAHPEAU__crt_locale_pointers@@IHH@Z 00000001800187f8     libucrt:ismbbyte.obj
 0004:00000804       $pdata$__acrt_initialize_command_line 0000000180018804     libucrt:argv_data.obj
 0004:00000810       $pdata$__dcrt_get_narrow_environment_from_os 0000000180018810     libucrt:get_environment_from_os.obj
 0004:0000081c       $pdata$_recalloc_base      000000018001881c     libucrt:recalloc.obj
 0004:00000828       $pdata$__acrt_initialize_heap 0000000180018828     libucrt:heap_handle.obj
 0004:00000834       $pdata$?initialize_inherited_file_handles_nolock@@YAXXZ 0000000180018834     libucrt:ioinit.obj
 0004:00000840       $pdata$?initialize_stdio_handles_nolock@@YAXXZ 0000000180018840     libucrt:ioinit.obj
 0004:0000084c       $pdata$__acrt_initialize_lowio 000000018001884c     libucrt:ioinit.obj
 0004:00000858       $pdata$__acrt_uninitialize_lowio 0000000180018858     libucrt:ioinit.obj
 0004:00000864       $pdata$__acrt_execute_initializers 0000000180018864     libucrt:shared_initialization.obj
 0004:00000870       $pdata$__acrt_execute_uninitializers 0000000180018870     libucrt:shared_initialization.obj
 0004:0000087c       $pdata$??$?RV<lambda_c36588078e9f5dfd39652860aa6b3aaf>@@AEAV<lambda_ec61778202f4f5fc7e7711acc23c3bca>@@V<lambda_dc9d2797ccde5d239b4a0efae8ebd7db>@@@?$__crt_seh_guarded_call@P6AXH@Z@@QEAAP6AXH@Z$$QEAV<lambda_c36588078e9f5dfd39652860aa6b3aaf>@@AEAV<lambda_ec61778202f4f5fc7e7711acc23c3bca>@@$$QEAV<lambda_dc9d2797ccde5d239b4a0efae8ebd7db>@@@Z 000000018001887c     libucrt:signal.obj
 0004:00000888       $pdata$__acrt_get_sigabrt_handler 0000000180018888     libucrt:signal.obj
 0004:00000894       $pdata$raise               0000000180018894     libucrt:signal.obj
 0004:000008a0       $pdata$__acrt_invoke_user_matherr 00000001800188a0     libucrt:matherr.obj
 0004:000008ac       $pdata$_mbtowc_l           00000001800188ac     libucrt:mbtowc.obj
 0004:000008b8       $pdata$_fileno             00000001800188b8     libucrt:fileno.obj
 0004:000008c4       $pdata$__acrt_initialize_stdio 00000001800188c4     libucrt:_file.obj
 0004:000008d0       $pdata$__acrt_uninitialize_stdio 00000001800188d0     libucrt:_file.obj
 0004:000008dc       $pdata$__pctype_func       00000001800188dc     libucrt:ctype.obj
 0004:000008e8       $pdata$_isctype_l          00000001800188e8     libucrt:isctype.obj
 0004:000008f4       $pdata$_isleadbyte_l       00000001800188f4     libucrt:_wctype.obj
 0004:00000900       $pdata$?__acrt_LCMapStringA_stat@@YAHPEAU__crt_locale_pointers@@PEB_WKPEBDHPEADHHH@Z 0000000180018900     libucrt:lcmapstringa.obj
 0004:0000090c       $pdata$__acrt_LCMapStringA 000000018001890c     libucrt:lcmapstringa.obj
 0004:00000918       $pdata$__acrt_free_locale  0000000180018918     libucrt:locale_refcounting.obj
 0004:00000924       $pdata$__acrt_locale_free_lc_time_if_unreferenced 0000000180018924     libucrt:locale_refcounting.obj
 0004:00000930       $pdata$__acrt_release_locale_ref 0000000180018930     libucrt:locale_refcounting.obj
 0004:0000093c       $pdata$__acrt_update_thread_locale_data 000000018001893c     libucrt:locale_refcounting.obj
 0004:00000948       $pdata$_updatetlocinfoEx_nolock 0000000180018948     libucrt:locale_refcounting.obj
 0004:00000954       $pdata$__acrt_locale_free_monetary 0000000180018954     libucrt:initmon.obj
 0004:00000960       $pdata$__acrt_locale_free_numeric 0000000180018960     libucrt:initnum.obj
 0004:0000096c       $pdata$?free_crt_array_internal@@YAXQEAPEBX_K@Z 000000018001896c     libucrt:inittime.obj
 0004:00000978       $pdata$__acrt_locale_free_time 0000000180018978     libucrt:inittime.obj
 0004:00000984       $pdata$__acrt_GetStringTypeA 0000000180018984     libucrt:getstringtypea.obj
 0004:00000990       $pdata$?GetTableIndexFromLocaleName@@YAHPEB_W@Z 0000000180018990     libucrt:lcidtoname_downlevel.obj
 0004:0000099c       $pdata$__acrt_DownlevelLocaleNameToLCID 000000018001899c     libucrt:lcidtoname_downlevel.obj
 0004:000009a8       $pdata$?shortsort@@YAXPEAD0_KP6AHPEBX2@Z@Z 00000001800189a8     libucrt:qsort.obj
 0004:000009b4       $pdata$2$?shortsort@@YAXPEAD0_KP6AHPEBX2@Z@Z 00000001800189b4     libucrt:qsort.obj
 0004:000009c0       $pdata$3$?shortsort@@YAXPEAD0_KP6AHPEBX2@Z@Z 00000001800189c0     libucrt:qsort.obj
 0004:000009cc       $pdata$qsort               00000001800189cc     libucrt:qsort.obj
 0004:000009d8       $pdata$4$qsort             00000001800189d8     libucrt:qsort.obj
 0004:000009e4       $pdata$5$qsort             00000001800189e4     libucrt:qsort.obj
 0004:000009f0       $pdata$strncpy_s           00000001800189f0     libucrt:strncpy_s.obj
 0004:000009fc       $pdata$strpbrk             00000001800189fc     libucrt:strpbrk.obj
 0004:00000a08       $pdata$_mbsdec_l           0000000180018a08     libucrt:mbsdec.obj
 0004:00000a14       $pdata$?initialize_multibyte@@YAHXZ 0000000180018a14     libucrt:multibyte_initializer.obj
 0004:00000a20       $pdata$_msize              0000000180018a20     libucrt:msize.obj
 0004:00000a2c       $pdata$_realloc_base       0000000180018a2c     libucrt:realloc_base.obj
 0004:00000a38       $pdata$__acrt_lowio_create_handle_array 0000000180018a38     libucrt:osfinfo.obj
 0004:00000a44       $pdata$__acrt_lowio_destroy_handle_array 0000000180018a44     libucrt:osfinfo.obj
 0004:00000a50       $pdata$__acrt_lowio_ensure_fh_exists 0000000180018a50     libucrt:osfinfo.obj
 0004:00000a5c       $pdata$_free_osfhnd        0000000180018a5c     libucrt:osfinfo.obj
 0004:00000a68       $pdata$_get_osfhandle      0000000180018a68     libucrt:osfinfo.obj
 0004:00000a74       $pdata$_isatty             0000000180018a74     libucrt:isatty.obj
 0004:00000a80       $pdata$__acrt_stdio_flush_nolock 0000000180018a80     libucrt:fflush.obj
 0004:00000a8c       $pdata$_fflush_nolock      0000000180018a8c     libucrt:fflush.obj
 0004:00000a98       $pdata$common_flush_all    0000000180018a98     libucrt:fflush.obj
 0004:00000aa4       $pdata$_fcloseall          0000000180018aa4     libucrt:closeall.obj
 0004:00000ab0       $pdata$__acrt_stdio_free_buffer_nolock 0000000180018ab0     libucrt:_freebuf.obj
 0004:00000abc       $pdata$??$?RV<lambda_b521505b218e5242e90febf6bfebc422>@@AEAV<lambda_6978c1fb23f02e42e1d9e99668cc68aa>@@V<lambda_314360699dd331753a4119843814e9a7>@@@?$__crt_seh_guarded_call@H@@QEAAH$$QEAV<lambda_b521505b218e5242e90febf6bfebc422>@@AEAV<lambda_6978c1fb23f02e42e1d9e99668cc68aa>@@$$QEAV<lambda_314360699dd331753a4119843814e9a7>@@@Z 0000000180018abc     libucrt:commit.obj
 0004:00000ac8       $pdata$_commit             0000000180018ac8     libucrt:commit.obj
 0004:00000ad4       $pdata$?write_double_translated_ansi_nolock@@YA?AUwrite_result@?A0x9c548279@@HQEBDI@Z 0000000180018ad4     libucrt:write.obj
 0004:00000ae0       $pdata$?write_text_ansi_nolock@@YA?AUwrite_result@?A0x9c548279@@HQEBDI@Z 0000000180018ae0     libucrt:write.obj
 0004:00000aec       $pdata$?write_text_utf16le_nolock@@YA?AUwrite_result@?A0x9c548279@@HQEBDI@Z 0000000180018aec     libucrt:write.obj
 0004:00000af8       $pdata$?write_text_utf8_nolock@@YA?AUwrite_result@?A0x9c548279@@HQEBDI@Z 0000000180018af8     libucrt:write.obj
 0004:00000b04       $pdata$_write              0000000180018b04     libucrt:write.obj
 0004:00000b10       $pdata$_write_nolock       0000000180018b10     libucrt:write.obj
 0004:00000b28       $pdata$??$common_lseek_nolock@_J@@YA_JH_JH@Z 0000000180018b28     libucrt:lseek.obj
 0004:00000b34       $pdata$_fclose_nolock      0000000180018b34     libucrt:fclose.obj
 0004:00000b40       $pdata$fclose              0000000180018b40     libucrt:fclose.obj
 0004:00000b4c       $pdata$_putwch_nolock      0000000180018b4c     libucrt:putwch.obj
 0004:00000b58       $pdata$_call_matherr       0000000180018b58     libucrt:libm_error.obj
 0004:00000b64       $pdata$_exception_enabled  0000000180018b64     libucrt:libm_error.obj
 0004:00000b70       $pdata$_handle_error       0000000180018b70     libucrt:libm_error.obj
 0004:00000b7c       $pdata$__acrt_initialize_fma3 0000000180018b7c     libucrt:fma3_available.obj
 0004:00000b88       $pdata$_log10_special      0000000180018b88     libucrt:log_special.obj
 0004:00000b94       $pdata$_log_special_common 0000000180018b94     libucrt:log_special.obj
 0004:00000ba0       $pdata$??$?RV<lambda_bfedae4ebbf01fab1bb6dcc6a9e276e0>@@AEAV<lambda_2fe9b910cf3cbf4a0ab98a02ba45b3ec>@@V<lambda_237c231691f317818eb88cc1d5d642d6>@@@?$__crt_seh_guarded_call@H@@QEAAH$$QEAV<lambda_bfedae4ebbf01fab1bb6dcc6a9e276e0>@@AEAV<lambda_2fe9b910cf3cbf4a0ab98a02ba45b3ec>@@$$QEAV<lambda_237c231691f317818eb88cc1d5d642d6>@@@Z 0000000180018ba0     libucrt:close.obj
 0004:00000bac       $pdata$_close              0000000180018bac     libucrt:close.obj
 0004:00000bb8       $pdata$_close_nolock       0000000180018bb8     libucrt:close.obj
 0004:00000bc4       $pdata$__dcrt_lowio_initialize_console_output 0000000180018bc4     libucrt:initcon.obj
 0004:00000bd0       $pdata$__dcrt_terminate_console_output 0000000180018bd0     libucrt:initcon.obj
 0004:00000be8       $pdata$_raise_exc          0000000180018be8     libucrt:fpexcept.obj
 0004:00000bf4       $pdata$_raise_exc_ex       0000000180018bf4     libucrt:fpexcept.obj
 0004:00000c00       $pdata$_set_errno_from_matherr 0000000180018c00     libucrt:fpexcept.obj
 0004:00000c0c       $pdata$_clrfp              0000000180018c0c     libucrt:fpctrl.obj
 0004:00000c18       $pdata$_ctrlfp             0000000180018c18     libucrt:fpctrl.obj
 0004:00000c24       $pdata$_set_statfp         0000000180018c24     libucrt:fpctrl.obj
 0004:00000c30       $pdata$_statfp             0000000180018c30     libucrt:fpctrl.obj
 0004:00000c3c       $pdata$?DloadAcquireSectionWriteAccess@@YAXXZ 0000000180018c3c     DelayImp:delayhlp.obj
 0004:00000c48       $pdata$?DloadGetSRWLockFunctionPointers@@YAEXZ 0000000180018c48     DelayImp:delayhlp.obj
 0004:00000c54       $pdata$?DloadMakePermanentImageCommit@@YAXPEAX_K@Z 0000000180018c54     DelayImp:delayhlp.obj
 0004:00000c60       $pdata$?DloadObtainSection@@YAPEAXPEAK0@Z 0000000180018c60     DelayImp:delayhlp.obj
 0004:00000c6c       $pdata$?DloadProtectSection@@YAXKPEAK@Z 0000000180018c6c     DelayImp:delayhlp.obj
 0004:00000c78       $pdata$?DloadReleaseSectionWriteAccess@@YAXXZ 0000000180018c78     DelayImp:delayhlp.obj
 0004:00000c84       $pdata$__delayLoadHelper2  0000000180018c84     DelayImp:delayhlp.obj
 0004:00000c90       $pdata$_IsNonwritableInCurrentImage 0000000180018c90     LIBCMT:pesect.obj
 0004:00000c9c       $pdata$__GSHandlerCheck    0000000180018c9c     LIBCMT:_gshandler_.obj
 0004:00000ca8       $pdata$__GSHandlerCheckCommon 0000000180018ca8     LIBCMT:_gshandler_.obj
 0004:00000ce4       $pdata$?fin$0@?0??dllmain_crt_process_attach@@YAHQEAUHINSTANCE__@@QEAX@Z@4HA 0000000180018ce4     LIBCMT:dll_dllmain.obj
 0004:00000cf0       $pdata$?fin$0@?0??dllmain_crt_process_detach@@YAH_N@Z@4HA 0000000180018cf0     LIBCMT:dll_dllmain.obj
 0004:00000cfc       $pdata$?filt$0@?0??dllmain_dispatch@@YAHQEAUHINSTANCE__@@KQEAX@Z@4HA 0000000180018cfc     LIBCMT:dll_dllmain.obj
 0004:00000d08       $pdata$__scrt_is_nonwritable_in_current_image$filt$0 0000000180018d08     LIBCMT:utility.obj
 0004:00000d14       $pdata$_query_new_handler$fin$0 0000000180018d14     libucrt:new_handler.obj
 0004:00000d20       $pdata$?filt$0@?0??common_exit@@YAXHW4_crt_exit_cleanup_mode@@W4_crt_exit_return_mode@@@Z@4HA 0000000180018d20     libucrt:exit.obj
 0004:00000d2c       $pdata$?fin$1@?0??common_exit@@YAXHW4_crt_exit_cleanup_mode@@W4_crt_exit_return_mode@@@Z@4HA 0000000180018d2c     libucrt:exit.obj
 0004:00000d38       $pdata$?fin$0@?0???$?RV<lambda_e24bbb7b643b32fcea6fa61b31d4c984>@@AEAV<lambda_275893d493268fdec8709772e3fcec0e>@@V<lambda_9d71df4d7cf3f480f8d633942495c3b0>@@@?$__crt_seh_guarded_call@H@@QEAAH$$QEAV<lambda_e24bbb7b643b32fcea6fa61b31d4c984>@@AEAV<lambda_275893d493268fdec8709772e3fcec0e>@@$$QEAV<lambda_9d71df4d7cf3f480f8d633942495c3b0>@@@Z@4HA 0000000180018d38     libucrt:onexit.obj
 0004:00000d44       $pdata$?fin$0@?0???$?RV<lambda_b8c45f8f788dd370798f47cfe8ac3a86>@@AEAV<lambda_4e60a939b0d047cfe11ddc22648dfba9>@@V<lambda_332c3edc96d0294ec56c57d38c1cdfd5>@@@?$__crt_seh_guarded_call@H@@QEAAH$$QEAV<lambda_b8c45f8f788dd370798f47cfe8ac3a86>@@AEAV<lambda_4e60a939b0d047cfe11ddc22648dfba9>@@$$QEAV<lambda_332c3edc96d0294ec56c57d38c1cdfd5>@@@Z@4HA 0000000180018d44     libucrt:onexit.obj
 0004:00000d44       $pdata$?fin$0@?0???$?RV<lambda_72d1df2b273a38828b1ce30cbf4cdab5>@@AEAV<lambda_876a65b173b8412d3a47c70a915b0cf4>@@V<lambda_41932305e351933ebe8f8be3ed8bb5dc>@@@?$__crt_seh_guarded_call@X@@QEAAX$$QEAV<lambda_72d1df2b273a38828b1ce30cbf4cdab5>@@AEAV<lambda_876a65b173b8412d3a47c70a915b0cf4>@@$$QEAV<lambda_41932305e351933ebe8f8be3ed8bb5dc>@@@Z@4HA 0000000180018d44     libucrt:per_thread_data.obj
 0004:00000d44       $pdata$?fin$0@?0???$?RV<lambda_5e887d1dcbef67a5eb4283622ba103bf>@@AEAV<lambda_4466841279450cc726390878d4a41900>@@V<lambda_341c25c0346d94847f1f3c463c57e077>@@@?$__crt_seh_guarded_call@X@@QEAAX$$QEAV<lambda_5e887d1dcbef67a5eb4283622ba103bf>@@AEAV<lambda_4466841279450cc726390878d4a41900>@@$$QEAV<lambda_341c25c0346d94847f1f3c463c57e077>@@@Z@4HA 0000000180018d44     libucrt:per_thread_data.obj
 0004:00000d44       $pdata$?fin$0@?0???$?RV<lambda_99476a1ad63dd22509b5d3e65b0ffc95>@@AEAV<lambda_ad1ced32f4ac17aa236e5ef05d6b3b7c>@@V<lambda_f7424dd8d45958661754dc4f2697e9c3>@@@?$__crt_seh_guarded_call@X@@QEAAX$$QEAV<lambda_99476a1ad63dd22509b5d3e65b0ffc95>@@AEAV<lambda_ad1ced32f4ac17aa236e5ef05d6b3b7c>@@$$QEAV<lambda_f7424dd8d45958661754dc4f2697e9c3>@@@Z@4HA 0000000180018d44     libucrt:mbctype.obj
 0004:00000d44       $pdata$?fin$0@?0???$?RV<lambda_c36588078e9f5dfd39652860aa6b3aaf>@@AEAV<lambda_ec61778202f4f5fc7e7711acc23c3bca>@@V<lambda_dc9d2797ccde5d239b4a0efae8ebd7db>@@@?$__crt_seh_guarded_call@P6AXH@Z@@QEAAP6AXH@Z$$QEAV<lambda_c36588078e9f5dfd39652860aa6b3aaf>@@AEAV<lambda_ec61778202f4f5fc7e7711acc23c3bca>@@$$QEAV<lambda_dc9d2797ccde5d239b4a0efae8ebd7db>@@@Z@4HA 0000000180018d44     libucrt:signal.obj
 0004:00000d44       $pdata$?fin$0@?0???$?RV<lambda_46352004c1216016012b18bd6f87e700>@@AEAV<lambda_3bd07e1a1191394380780325891bf33f>@@V<lambda_334532d3f185bcaa59b5be82d7d22bff>@@@?$__crt_seh_guarded_call@X@@QEAAX$$QEAV<lambda_46352004c1216016012b18bd6f87e700>@@AEAV<lambda_3bd07e1a1191394380780325891bf33f>@@$$QEAV<lambda_334532d3f185bcaa59b5be82d7d22bff>@@@Z@4HA 0000000180018d44     libucrt:per_thread_data.obj
 0004:00000d44       $pdata$?fin$0@?0???$?RV<lambda_fb3a7dec4e47f37f22dae91bb15c9095>@@AEAV<lambda_698284760c8add0bfb0756c19673e34b>@@V<lambda_dfb8eca1e75fef3034a8fb18dd509707>@@@?$__crt_seh_guarded_call@X@@QEAAX$$QEAV<lambda_fb3a7dec4e47f37f22dae91bb15c9095>@@AEAV<lambda_698284760c8add0bfb0756c19673e34b>@@$$QEAV<lambda_dfb8eca1e75fef3034a8fb18dd509707>@@@Z@4HA 0000000180018d44     libucrt:per_thread_data.obj
 0004:00000d50       $pdata$__acrt_update_thread_locale_data$fin$0 0000000180018d50     libucrt:locale_refcounting.obj
 0004:00000d50       $pdata$__acrt_uninitialize_locale$fin$0 0000000180018d50     libucrt:wsetlocale.obj
 0004:00000d5c       $pdata$__acrt_update_thread_multibyte_data$fin$0 0000000180018d5c     libucrt:mbctype.obj
 0004:00000d68       $pdata$raise$fin$0         0000000180018d68     libucrt:signal.obj
 0004:00000d74       $pdata$__acrt_lowio_ensure_fh_exists$fin$0 0000000180018d74     libucrt:osfinfo.obj
 0004:00000d74       $pdata$__acrt_initialize_lowio$fin$0 0000000180018d74     libucrt:ioinit.obj
 0004:00000d80       $pdata$common_flush_all$fin$0 0000000180018d80     libucrt:fflush.obj
 0004:00000d8c       $pdata$common_flush_all$fin$1 0000000180018d8c     libucrt:fflush.obj
 0004:00000d98       $pdata$_fcloseall$fin$0    0000000180018d98     libucrt:closeall.obj
 0004:00000da4       $pdata$?fin$0@?0???$?RV<lambda_bfedae4ebbf01fab1bb6dcc6a9e276e0>@@AEAV<lambda_2fe9b910cf3cbf4a0ab98a02ba45b3ec>@@V<lambda_237c231691f317818eb88cc1d5d642d6>@@@?$__crt_seh_guarded_call@H@@QEAAH$$QEAV<lambda_bfedae4ebbf01fab1bb6dcc6a9e276e0>@@AEAV<lambda_2fe9b910cf3cbf4a0ab98a02ba45b3ec>@@$$QEAV<lambda_237c231691f317818eb88cc1d5d642d6>@@@Z@4HA 0000000180018da4     libucrt:close.obj
 0004:00000da4       $pdata$?fin$0@?0???$?RV<lambda_b521505b218e5242e90febf6bfebc422>@@AEAV<lambda_6978c1fb23f02e42e1d9e99668cc68aa>@@V<lambda_314360699dd331753a4119843814e9a7>@@@?$__crt_seh_guarded_call@H@@QEAAH$$QEAV<lambda_b521505b218e5242e90febf6bfebc422>@@AEAV<lambda_6978c1fb23f02e42e1d9e99668cc68aa>@@$$QEAV<lambda_314360699dd331753a4119843814e9a7>@@@Z@4HA 0000000180018da4     libucrt:commit.obj
 0004:00000db0       $pdata$_write$fin$0        0000000180018db0     libucrt:write.obj
 0004:00000dbc       $pdata$fclose$fin$0        0000000180018dbc     libucrt:fclose.obj
 0004:00000dc8       $pdata$_ctrlfp$filt$0      0000000180018dc8     libucrt:fpctrl.obj
 0004:00000dd4       $pdata$_IsNonwritableInCurrentImage$filt$0 0000000180018dd4     LIBCMT:pesect.obj
 0005:00000000       __guard_fids__             0000000180019000     libucrt:initialization.obj
 0005:00000060       __guard_fids___acrt_initialize_ptd 0000000180019060     libucrt:per_thread_data.obj
 0005:00000064       __guard_fids_??$expand_argument_wildcards@D@@YAHQEAD0AEAV?$argument_list@D@?A0xca0879c4@@@Z 0000000180019064     libucrt:argv_wildcards.obj
 0005:00000068       __guard_fids__             0000000180019068     libucrt:locale_initializer.obj
 0005:0000006c       __guard_fids__             000000018001906c     libucrt:multibyte_initializer.obj
 0005:00000070       __guard_fids__             0000000180019070     libucrt:stdio_initializer.obj
 0005:00000074       __guard_fids__             0000000180019074     libucrt:stdio_initializer.obj
 0005:00000078       __guard_fids__             0000000180019078     libucrt:fma3_initializer.obj
 0005:0000007c       __guard_fids__             000000018001907c     libucrt:console_output_initializer.obj
 0005:00000080       __guard_fids_?dllmain_crt_process_attach@@YAHQEAUHINSTANCE__@@QEAX@Z 0000000180019080     LIBCMT:dll_dllmain.obj
 0005:00000088       __guard_fids_?dllmain_dispatch@@YAHQEAUHINSTANCE__@@KQEAX@Z 0000000180019088     LIBCMT:dll_dllmain.obj
 0005:0000008c       __guard_fids__             000000018001908c     LIBCMT:throw_bad_alloc.obj
 0005:00000094       __guard_fids__             0000000180019094     LIBCMT:throw_bad_alloc.obj
 0005:0000009c       __guard_fids__             000000018001909c     LIBCMT:throw_bad_alloc.obj
 0005:000000a4       __guard_fids__             00000001800190a4     LIBCMT:guard_support.obj
 0005:000000a8       __guard_fids__             00000001800190a8     LIBCMT:std_type_info_static.obj
 0005:000000ac       __guard_fids___vcrt_initialize_ptd 00000001800190ac     libvcruntime:per_thread_data.obj
 0006:00000060       $R000000                   000000018001a060     * linker generated manifest res *

 Exports

  ordinal    name

        1    _register_native_
